Archive member included to satisfy reference by file (symbol)

app/libapp.a(data_profile.c.obj)
                              (--whole-archive)
app/libapp.a(data_profile_sinusoid.c.obj)
                              (--whole-archive)
app/libapp.a(ina_219.c.obj)   (--whole-archive)
app/libapp.a(main.c.obj)      (--whole-archive)
app/libapp.a(mpu_6050.c.obj)  (--whole-archive)
zephyr/libzephyr.a(cbprintf_packaged.c.obj)
                              (--whole-archive)
zephyr/libzephyr.a(dec.c.obj)
                              (--whole-archive)
zephyr/libzephyr.a(fdtable.c.obj)
                              (--whole-archive)
zephyr/libzephyr.a(hex.c.obj)
                              (--whole-archive)
zephyr/libzephyr.a(printk.c.obj)
                              (--whole-archive)
zephyr/libzephyr.a(rb.c.obj)  (--whole-archive)
zephyr/libzephyr.a(sem.c.obj)
                              (--whole-archive)
zephyr/libzephyr.a(thread_entry.c.obj)
                              (--whole-archive)
zephyr/libzephyr.a(timeutil.c.obj)
                              (--whole-archive)
zephyr/libzephyr.a(heap.c.obj)
                              (--whole-archive)
zephyr/libzephyr.a(heap-validate.c.obj)
                              (--whole-archive)
zephyr/libzephyr.a(bitarray.c.obj)
                              (--whole-archive)
zephyr/libzephyr.a(multi_heap.c.obj)
                              (--whole-archive)
zephyr/libzephyr.a(crc32c_sw.c.obj)
                              (--whole-archive)
zephyr/libzephyr.a(crc32_sw.c.obj)
                              (--whole-archive)
zephyr/libzephyr.a(crc16_sw.c.obj)
                              (--whole-archive)
zephyr/libzephyr.a(crc8_sw.c.obj)
                              (--whole-archive)
zephyr/libzephyr.a(crc7_sw.c.obj)
                              (--whole-archive)
zephyr/libzephyr.a(cbprintf_complete.c.obj)
                              (--whole-archive)
zephyr/libzephyr.a(cbprintf.c.obj)
                              (--whole-archive)
zephyr/libzephyr.a(ring_buffer.c.obj)
                              (--whole-archive)
zephyr/libzephyr.a(assert.c.obj)
                              (--whole-archive)
zephyr/libzephyr.a(mpsc_pbuf.c.obj)
                              (--whole-archive)
zephyr/libzephyr.a(configs.c.obj)
                              (--whole-archive)
zephyr/libzephyr.a(soc_rt10xx.c.obj)
                              (--whole-archive)
zephyr/libzephyr.a(log_core.c.obj)
                              (--whole-archive)
zephyr/libzephyr.a(log_mgmt.c.obj)
                              (--whole-archive)
zephyr/libzephyr.a(log_cache.c.obj)
                              (--whole-archive)
zephyr/libzephyr.a(log_msg.c.obj)
                              (--whole-archive)
zephyr/libzephyr.a(log_output.c.obj)
                              (--whole-archive)
zephyr/libzephyr.a(log_backend_uart.c.obj)
                              (--whole-archive)
zephyr/libzephyr.a(usb_device.c.obj)
                              (--whole-archive)
zephyr/libzephyr.a(usb_descriptor.c.obj)
                              (--whole-archive)
zephyr/libzephyr.a(usb_transfer.c.obj)
                              (--whole-archive)
zephyr/libzephyr.a(cdc_acm.c.obj)
                              (--whole-archive)
zephyr/libzephyr.a(usb_work_q.c.obj)
                              (--whole-archive)
zephyr/libzephyr.a(tracing_none.c.obj)
                              (--whole-archive)
zephyr/arch/common/libarch__common.a(sw_isr_common.c.obj)
                              (--whole-archive)
zephyr/arch/arch/arm/core/aarch32/libarch__arm__core__aarch32.a(cpu_idle.S.obj)
                              (--whole-archive)
zephyr/arch/arch/arm/core/aarch32/libarch__arm__core__aarch32.a(fatal.c.obj)
                              (--whole-archive)
zephyr/arch/arch/arm/core/aarch32/libarch__arm__core__aarch32.a(irq_manage.c.obj)
                              (--whole-archive)
zephyr/arch/arch/arm/core/aarch32/libarch__arm__core__aarch32.a(nmi.c.obj)
                              (--whole-archive)
zephyr/arch/arch/arm/core/aarch32/libarch__arm__core__aarch32.a(nmi_on_reset.S.obj)
                              (--whole-archive)
zephyr/arch/arch/arm/core/aarch32/libarch__arm__core__aarch32.a(prep_c.c.obj)
                              (--whole-archive)
zephyr/arch/arch/arm/core/aarch32/libarch__arm__core__aarch32.a(swap.c.obj)
                              (--whole-archive)
zephyr/arch/arch/arm/core/aarch32/libarch__arm__core__aarch32.a(swap_helper.S.obj)
                              (--whole-archive)
zephyr/arch/arch/arm/core/aarch32/libarch__arm__core__aarch32.a(thread.c.obj)
                              (--whole-archive)
zephyr/arch/arch/arm/core/aarch32/libarch__arm__core__aarch32.a(isr_wrapper.S.obj)
                              (--whole-archive)
zephyr/arch/arch/arm/core/aarch32/cortex_m/libarch__arm__core__aarch32__cortex_m.a(exc_exit.S.obj)
                              (--whole-archive)
[...]
Memory Configuration

Name             Origin             Length             Attributes
FLASH            0x0000000060000000 0x0000000000800000 xr
RAM              0x0000000020200000 0x00000000000c0000 xw
ITCM             0x0000000000000000 0x0000000000020000
DTCM             0x0000000020000000 0x0000000000020000
OCRAM            0x0000000020200000 0x00000000000c0000
IDT_LIST         0x00000000fffff7ff 0x0000000000000800 xw
*default*        0x0000000000000000 0xffffffffffffffff

Linker script and memory map

LOAD zephyr/CMakeFiles/zephyr_pre1.dir/misc/empty_file.c.obj
LOAD zephyr/CMakeFiles/zephyr_pre1.dir/dev_handles.c.obj
LOAD zephyr/CMakeFiles/offsets.dir/./arch/arm/core/offsets/offsets.c.obj
                0x0000000000000020                _region_min_align = 0x20

.rel.plt        0x0000000060000000        0x0
 *(SORT_BY_ALIGNMENT(.rel.plt))
                [!provide]                        PROVIDE (__rel_iplt_start = .)
 *(SORT_BY_ALIGNMENT(.rel.iplt))
 .rel.iplt      0x0000000060000000        0x0 app/libapp.a(ina_219.c.obj)
                [!provide]                        PROVIDE (__rel_iplt_end = .)

.rela.plt       0x0000000000000000        0x0
 *(SORT_BY_ALIGNMENT(.rela.plt))
                [!provide]                        PROVIDE (__rela_iplt_start = .)
 *(SORT_BY_ALIGNMENT(.rela.iplt))
                [!provide]                        PROVIDE (__rela_iplt_end = .)

.rel.dyn
 *(SORT_BY_ALIGNMENT(.rel.*))

.rela.dyn
 *(SORT_BY_ALIGNMENT(.rela.*))

/DISCARD/
 *(SORT_BY_ALIGNMENT(.plt))

/DISCARD/
 *(SORT_BY_ALIGNMENT(.iplt))
                0x0000000060000000                __rom_region_start = 0x60000000

rom_start       0x0000000060000000     0x22c0
                0x0000000000000000                . = 0x0
 *(SORT_BY_ALIGNMENT(.boot_hdr.conf))
 .boot_hdr.conf
                0x0000000060000000      0x200 zephyr/boards/arm/teensy4/libboards__arm__teensy4.a(flexspi_nor_config.c.obj)
                0x0000000060000000                Qspiflash_config
                0x0000000000001000                . = 0x1000
 *fill*         0x0000000060000200      0xe00 
 *(SORT_BY_ALIGNMENT(.boot_hdr.ivt))
 .boot_hdr.ivt  0x0000000060001000       0x20 zephyr/libzephyr.a(soc_rt10xx.c.obj)
                0x0000000060001000                image_vector_table
 *(SORT_BY_ALIGNMENT(.boot_hdr.data))
 .boot_hdr.data
                0x0000000060001020       0x10 zephyr/libzephyr.a(soc_rt10xx.c.obj)
                0x0000000060001020                boot_data
                0x0000000000002000                . = 0x2000
 *fill*         0x0000000060001030      0xfd0 
                0x0000000060002000                . = ALIGN (0x4)
                0x0000000060002000                . = ALIGN (0x80)
                0x0000000060002000                . = ALIGN (0x400)
                0x0000000060002000                _vector_start = .
 *(SORT_BY_ALIGNMENT(.exc_vector_table))
 *(SORT_BY_ALIGNMENT(.exc_vector_table.*))
 .exc_vector_table._vector_table_section
                0x0000000060002000       0x40 zephyr/arch/arch/arm/core/aarch32/cortex_m/libarch__arm__core__aarch32__cortex_m.a(vector_table.S.obj)
                0x0000000060002000                _vector_table
 *(SORT_BY_ALIGNMENT(.vectors))
                0x00000000600022c0                _vector_end = .
                0x0000000060002040                . = ALIGN (0x4)
 *(SORT_BY_ALIGNMENT(.gnu.linkonce.irq_vector_table*))
 .gnu.linkonce.irq_vector_table
                0x0000000060002040      0x280 zephyr/arch/common/libisr_tables.a(isr_tables.c.obj)
                0x0000000060002040                _irq_vector_table
                0x00000000600022c0                _vector_end = .

text            0x00000000600022c0    0x17450
                0x00000000600022c0                __text_region_start = .
 *(SORT_BY_ALIGNMENT(.text))
 .text          0x00000000600022c0       0xdc /Users/michaeljenz/zephyr-sdk-0.16.1/arm-zephyr-eabi/arm-zephyr-eabi/lib/thumb/v7e-m/nofp/libc.a(lib_a-strlen.o)
                0x00000000600022c0                strlen
 *fill*         0x000000006000239c        0x4 
 .text          0x00000000600023a0      0x2dc /Users/michaeljenz/zephyr-sdk-0.16.1/arm-zephyr-eabi/arm-zephyr-eabi/lib/thumb/v7e-m/nofp/libc.a(lib_a-strcmp.o)
                0x00000000600023a8                strcmp
 *fill*         0x000000006000267c        0x4 
 .text          0x0000000060002680       0xa0 /Users/michaeljenz/zephyr-sdk-0.16.1/arm-zephyr-eabi/arm-zephyr-eabi/lib/thumb/v7e-m/nofp/libc.a(lib_a-memchr.o)
                0x0000000060002680                memchr
 .text          0x0000000060002720      0x378 /Users/michaeljenz/zephyr-sdk-0.16.1/arm-zephyr-eabi/bin/../lib/gcc/arm-zephyr-eabi/12.2.0/thumb/v7e-m/nofp/libgcc.a(_arm_addsubdf3.o)
                0x0000000060002720                __aeabi_drsub
                0x0000000060002728                __subdf3
                0x0000000060002728                __aeabi_dsub
                0x000000006000272c                __aeabi_dadd
                0x000000006000272c                __adddf3
                0x00000000600029a4                __aeabi_ui2d
                0x00000000600029a4                __floatunsidf
                0x00000000600029c4                __floatsidf
                0x00000000600029c4                __aeabi_i2d
                0x00000000600029e8                __extendsfdf2
                0x00000000600029e8                __aeabi_f2d
                0x0000000060002a2c                __aeabi_ul2d
                0x0000000060002a2c                __floatundidf
                0x0000000060002a3c                __aeabi_l2d
                0x0000000060002a3c                __floatdidf
 .text          0x0000000060002a98      0x424 /Users/michaeljenz/zephyr-sdk-0.16.1/arm-zephyr-eabi/bin/../lib/gcc/arm-zephyr-eabi/12.2.0/thumb/v7e-m/nofp/libgcc.a(_arm_muldivdf3.o)
                0x0000000060002a98                __aeabi_dmul
                0x0000000060002a98                __muldf3
                0x0000000060002cec                __aeabi_ddiv
                0x0000000060002cec                __divdf3
 .text          0x0000000060002ebc      0x110 /Users/michaeljenz/zephyr-sdk-0.16.1/arm-zephyr-eabi/bin/../lib/gcc/arm-zephyr-eabi/12.2.0/thumb/v7e-m/nofp/libgcc.a(_arm_cmpdf2.o)
                0x0000000060002ebc                __gedf2
                0x0000000060002ebc                __gtdf2
                0x0000000060002ec4                __ledf2
                0x0000000060002ec4                __ltdf2
                0x0000000060002ecc                __cmpdf2
                0x0000000060002ecc                __eqdf2
                0x0000000060002ecc                __nedf2
                0x0000000060002f48                __aeabi_cdrcmple
                0x0000000060002f58                __aeabi_cdcmple
                0x0000000060002f58                __aeabi_cdcmpeq
                0x0000000060002f68                __aeabi_dcmpeq
                0x0000000060002f7c                __aeabi_dcmplt
                0x0000000060002f90                __aeabi_dcmple
                0x0000000060002fa4                __aeabi_dcmpge
                0x0000000060002fb8                __aeabi_dcmpgt
 .text          0x0000000060002fcc       0x50 /Users/michaeljenz/zephyr-sdk-0.16.1/arm-zephyr-eabi/bin/../lib/gcc/arm-zephyr-eabi/12.2.0/thumb/v7e-m/nofp/libgcc.a(_arm_fixdfsi.o)
                0x0000000060002fcc                __fixdfsi
                0x0000000060002fcc                __aeabi_d2iz
 .text          0x000000006000301c       0xa0 /Users/michaeljenz/zephyr-sdk-0.16.1/arm-zephyr-eabi/bin/../lib/gcc/arm-zephyr-eabi/12.2.0/thumb/v7e-m/nofp/libgcc.a(_arm_truncdfsf2.o)
                0x000000006000301c                __aeabi_d2f
                0x000000006000301c                __truncdfsf2
 .text          0x00000000600030bc      0x21c /Users/michaeljenz/zephyr-sdk-0.16.1/arm-zephyr-eabi/bin/../lib/gcc/arm-zephyr-eabi/12.2.0/thumb/v7e-m/nofp/libgcc.a(_arm_addsubsf3.o)
                0x00000000600030bc                __aeabi_frsub
                0x00000000600030c4                __aeabi_fsub
                0x00000000600030c4                __subsf3
                0x00000000600030c8                __aeabi_fadd
                0x00000000600030c8                __addsf3
                0x0000000060003228                __aeabi_ui2f
                0x0000000060003228                __floatunsisf
                0x0000000060003230                __floatsisf
                0x0000000060003230                __aeabi_i2f
                0x000000006000324c                __aeabi_ul2f
                0x000000006000324c                __floatundisf
                0x000000006000325c                __aeabi_l2f
                0x000000006000325c                __floatdisf
 .text          0x00000000600032d8      0x2a0 /Users/michaeljenz/zephyr-sdk-0.16.1/arm-zephyr-eabi/bin/../lib/gcc/arm-zephyr-eabi/12.2.0/thumb/v7e-m/nofp/libgcc.a(_arm_muldivsf3.o)
                0x00000000600032d8                __mulsf3
                0x00000000600032d8                __aeabi_fmul
                0x0000000060003440                __divsf3
                0x0000000060003440                __aeabi_fdiv
 .text          0x0000000060003578       0xec /Users/michaeljenz/zephyr-sdk-0.16.1/arm-zephyr-eabi/bin/../lib/gcc/arm-zephyr-eabi/12.2.0/thumb/v7e-m/nofp/libgcc.a(_arm_cmpsf2.o)
                0x0000000060003578                __gesf2
                0x0000000060003578                __gtsf2
                0x0000000060003580                __ltsf2
                0x0000000060003580                __lesf2
                0x0000000060003588                __nesf2
                0x0000000060003588                __eqsf2
                0x0000000060003588                __cmpsf2
                0x00000000600035e8                __aeabi_cfrcmple
                0x00000000600035f0                __aeabi_cfcmpeq
                0x00000000600035f0                __aeabi_cfcmple
                0x0000000060003600                __aeabi_fcmpeq
                0x0000000060003614                __aeabi_fcmplt
                0x0000000060003628                __aeabi_fcmple
                0x000000006000363c                __aeabi_fcmpge
                0x0000000060003650                __aeabi_fcmpgt
 .text          0x0000000060003664       0x40 /Users/michaeljenz/zephyr-sdk-0.16.1/arm-zephyr-eabi/bin/../lib/gcc/arm-zephyr-eabi/12.2.0/thumb/v7e-m/nofp/libgcc.a(_arm_fixunssfsi.o)
                0x0000000060003664                __aeabi_f2uiz
                0x0000000060003664                __fixunssfsi
 .text          0x00000000600036a4       0xa0 /Users/michaeljenz/zephyr-sdk-0.16.1/arm-zephyr-eabi/bin/../lib/gcc/arm-zephyr-eabi/12.2.0/thumb/v7e-m/nofp/libgcc.a(_aeabi_ldivmod.o)
                0x00000000600036a4                __aeabi_ldivmod
 .text          0x0000000060003744       0x30 /Users/michaeljenz/zephyr-sdk-0.16.1/arm-zephyr-eabi/bin/../lib/gcc/arm-zephyr-eabi/12.2.0/thumb/v7e-m/nofp/libgcc.a(_aeabi_uldivmod.o)
                0x0000000060003744                __aeabi_uldivmod
 .text          0x0000000060003774        0x4 /Users/michaeljenz/zephyr-sdk-0.16.1/arm-zephyr-eabi/bin/../lib/gcc/arm-zephyr-eabi/12.2.0/thumb/v7e-m/nofp/libgcc.a(_dvmd_tls.o)
                0x0000000060003774                __aeabi_ldiv0
                0x0000000060003774                __aeabi_idiv0
 .text          0x0000000060003778      0x134 /Users/michaeljenz/zephyr-sdk-0.16.1/arm-zephyr-eabi/arm-zephyr-eabi/lib/thumb/v7e-m/nofp/libc.a(lib_a-memcpy.o)
                0x0000000060003778                memcpy
 .text          0x00000000600038ac       0x2c /Users/michaeljenz/zephyr-sdk-0.16.1/arm-zephyr-eabi/bin/../lib/gcc/arm-zephyr-eabi/12.2.0/thumb/v7e-m/nofp/libgcc.a(_arm_unorddf2.o)
                0x00000000600038ac                __aeabi_dcmpun
                0x00000000600038ac                __unorddf2
 .text          0x00000000600038d8      0x2a0 /Users/michaeljenz/zephyr-sdk-0.16.1/arm-zephyr-eabi/bin/../lib/gcc/arm-zephyr-eabi/12.2.0/thumb/v7e-m/nofp/libgcc.a(_udivmoddi4.o)
                0x00000000600038d8                __udivmoddi4
 *(SORT_BY_ALIGNMENT(.text.*))
 .text.pwm_set_pulse_dt
                0x0000000060003b78       0xac app/libapp.a(main.c.obj)
 *fill*         0x0000000060003c24        0x4 
 .text.current_control
                0x0000000060003c28      0x23c app/libapp.a(main.c.obj)
                0x0000000060003c28                current_control
 *fill*         0x0000000060003e64        0x4 
 .text.torque_profile_signals
                0x0000000060003e68      0x114 app/libapp.a(main.c.obj)
                0x0000000060003e68                torque_profile_signals
 *fill*         0x0000000060003f7c        0x4 
 .text.mpu_sensor_read
                0x0000000060003f80      0x2b0 app/libapp.a(main.c.obj)
                0x0000000060003f80                mpu_sensor_read
 .text.ina219_channel_get
                0x0000000060004230       0xfc zephyr/drivers/sensor/ina219/libdrivers__sensor__ina219.a(ina219.c.obj)
 *fill*         0x000000006000432c        0x4 
 .text.__ieee754_pow
                0x0000000060004330      0xb0c /Users/michaeljenz/zephyr-sdk-0.16.1/arm-zephyr-eabi/arm-zephyr-eabi/lib/thumb/v7e-m/nofp/libm.a(lib_a-e_pow.o)
                0x0000000060004330                __ieee754_pow
 *fill*         0x0000000060004e3c        0x4 
 .text.scalbn   0x0000000060004e40       0xdc /Users/michaeljenz/zephyr-sdk-0.16.1/arm-zephyr-eabi/arm-zephyr-eabi/lib/thumb/v7e-m/nofp/libm.a(lib_a-s_scalbn.o)
                0x0000000060004e40                scalbn
 *fill*         0x0000000060004f1c        0x4 
 .text._dtoa_r  0x0000000060004f20      0xe48 /Users/michaeljenz/zephyr-sdk-0.16.1/arm-zephyr-eabi/arm-zephyr-eabi/lib/thumb/v7e-m/nofp/libc.a(lib_a-dtoa.o)
                0x0000000060004f20                _dtoa_r
 .text.process_ina219
                0x0000000060005d68       0x48 app/libapp.a(ina_219.c.obj)
                0x0000000060005d68                process_ina219
 .text.read_pot_adc
                0x0000000060005db0      0x100 app/libapp.a(main.c.obj)
                0x0000000060005db0                read_pot_adc
 .text.base_swing
                0x0000000060005eb0       0x8c app/libapp.a(main.c.obj)
                0x0000000060005eb0                base_swing
 .text.controlled_swing
                0x0000000060005f3c       0xd8 app/libapp.a(main.c.obj)
                0x0000000060005f3c                controlled_swing
 .text.motor_control
                0x0000000060006014       0x80 app/libapp.a(main.c.obj)
                0x0000000060006014                motor_control
 .text.sensors_init
                0x0000000060006094       0x60 app/libapp.a(main.c.obj)
                0x0000000060006094                sensors_init
 .text.ina_sensor_read
                0x00000000600060f4       0x28 app/libapp.a(main.c.obj)
                0x00000000600060f4                ina_sensor_read
 .text.process_mpu6050
                0x000000006000611c       0x68 app/libapp.a(mpu_6050.c.obj)
                0x000000006000611c                process_mpu6050
 .text.cbvprintf_package
                0x0000000060006184      0x43c zephyr/libzephyr.a(cbprintf_packaged.c.obj)
                0x0000000060006184                cbvprintf_package
 .text.cbprintf_package_convert
                0x00000000600065c0      0x468 zephyr/libzephyr.a(cbprintf_packaged.c.obj)
                0x00000000600065c0                cbprintf_package_convert
 .text.__printk_hook_install
                0x0000000060006a28        0xc zephyr/libzephyr.a(printk.c.obj)
                0x0000000060006a28                __printk_hook_install
 .text.vsnprintk
                0x0000000060006a34       0x2c zephyr/libzephyr.a(printk.c.obj)
                0x0000000060006a34                vsnprintk
 .text.sys_heap_free
                0x0000000060006a60       0x9c zephyr/libzephyr.a(heap.c.obj)
                0x0000000060006a60                sys_heap_free
 .text.sys_heap_aligned_alloc
                0x0000000060006afc      0x118 zephyr/libzephyr.a(heap.c.obj)
                0x0000000060006afc                sys_heap_aligned_alloc
 .text.sys_heap_init
                0x0000000060006c14      0x12c zephyr/libzephyr.a(heap.c.obj)
                0x0000000060006c14                sys_heap_init
 .text.extract_decimal
                0x0000000060006d40       0x2c zephyr/libzephyr.a(cbprintf_complete.c.obj)
 .text.encode_uint
                0x0000000060006d6c       0x98 zephyr/libzephyr.a(cbprintf_complete.c.obj)
 .text.z_cbvprintf_impl
                0x0000000060006e04      0xcd4 zephyr/libzephyr.a(cbprintf_complete.c.obj)
                0x0000000060006e04                z_cbvprintf_impl
 .text.ring_buf_put
                0x0000000060007ad8       0x60 zephyr/libzephyr.a(ring_buffer.c.obj)
                0x0000000060007ad8                ring_buf_put
 .text.ring_buf_get
                0x0000000060007b38       0x64 zephyr/libzephyr.a(ring_buffer.c.obj)
                0x0000000060007b38                ring_buf_get
 .text.mpsc_pbuf_init
                0x0000000060007b9c       0x64 zephyr/libzephyr.a(mpsc_pbuf.c.obj)
                0x0000000060007b9c                mpsc_pbuf_init
 .text.mpsc_pbuf_alloc
                0x0000000060007c00      0x180 zephyr/libzephyr.a(mpsc_pbuf.c.obj)
                0x0000000060007c00                mpsc_pbuf_alloc
 .text.mpsc_pbuf_commit
                0x0000000060007d80       0xac zephyr/libzephyr.a(mpsc_pbuf.c.obj)
                0x0000000060007d80                mpsc_pbuf_commit
 .text.mpsc_pbuf_claim
                0x0000000060007e2c      0x110 zephyr/libzephyr.a(mpsc_pbuf.c.obj)
                0x0000000060007e2c                mpsc_pbuf_claim
 .text.mpsc_pbuf_free
                0x0000000060007f3c       0xe0 zephyr/libzephyr.a(mpsc_pbuf.c.obj)
                0x0000000060007f3c                mpsc_pbuf_free
 .text.imxrt_init
                0x000000006000801c      0x16c zephyr/libzephyr.a(soc_rt10xx.c.obj)
 .text.enable_logger
                0x0000000060008188       0x5c zephyr/libzephyr.a(log_core.c.obj)
 .text.activate_foreach_backend
                0x00000000600081e4       0x64 zephyr/libzephyr.a(log_core.c.obj)
 .text.z_log_init
                0x0000000060008248       0xdc zephyr/libzephyr.a(log_core.c.obj)
 .text.log_process_thread_timer_expiry_fn
                0x0000000060008324        0xc zephyr/libzephyr.a(log_core.c.obj)
 .text.log_format_func_t_get
                0x0000000060008330        0xc zephyr/libzephyr.a(log_core.c.obj)
                0x0000000060008330                log_format_func_t_get
 .text.log_set_timestamp_func
                0x000000006000833c       0x20 zephyr/libzephyr.a(log_core.c.obj)
                0x000000006000833c                log_set_timestamp_func
 .text.z_log_notify_backend_enabled
                0x000000006000835c       0x1c zephyr/libzephyr.a(log_core.c.obj)
                0x000000006000835c                z_log_notify_backend_enabled
 .text.z_log_dropped
                0x0000000060008378       0x30 zephyr/libzephyr.a(log_core.c.obj)
                0x0000000060008378                z_log_dropped
 .text.z_log_dropped_read_and_clear
                0x00000000600083a8       0x20 zephyr/libzephyr.a(log_core.c.obj)
                0x00000000600083a8                z_log_dropped_read_and_clear
 .text.dropped_notify
                0x00000000600083c8       0x60 zephyr/libzephyr.a(log_core.c.obj)
                0x00000000600083c8                dropped_notify
 .text.z_log_msg_init
                0x0000000060008428       0x20 zephyr/libzephyr.a(log_core.c.obj)
                0x0000000060008428                z_log_msg_init
 .text.log_core_init
                0x0000000060008448       0x34 zephyr/libzephyr.a(log_core.c.obj)
                0x0000000060008448                log_core_init
 .text.z_log_msg_alloc
                0x000000006000847c       0x10 zephyr/libzephyr.a(log_core.c.obj)
                0x000000006000847c                z_log_msg_alloc
 .text.z_log_msg_local_claim
                0x000000006000848c        0xc zephyr/libzephyr.a(log_core.c.obj)
                0x000000006000848c                z_log_msg_local_claim
 .text.z_log_msg_free
                0x0000000060008498       0x10 zephyr/libzephyr.a(log_core.c.obj)
                0x0000000060008498                z_log_msg_free
 .text.z_log_msg_pending
                0x00000000600084a8        0xc zephyr/libzephyr.a(log_core.c.obj)
                0x00000000600084a8                z_log_msg_pending
 .text.z_impl_log_process
                0x00000000600084b4       0xe0 zephyr/libzephyr.a(log_core.c.obj)
                0x00000000600084b4                z_impl_log_process
 .text.z_impl_log_panic
                0x0000000060008594       0x74 zephyr/libzephyr.a(log_core.c.obj)
                0x0000000060008594                z_impl_log_panic
 .text.log_process_thread_func
                0x0000000060008608       0xec zephyr/libzephyr.a(log_core.c.obj)
 .text.z_log_msg_post_finalize
                0x00000000600086f4       0xe0 zephyr/libzephyr.a(log_core.c.obj)
 .text.z_log_msg_commit
                0x00000000600087d4       0x24 zephyr/libzephyr.a(log_core.c.obj)
                0x00000000600087d4                z_log_msg_commit
 .text.log_source_name_get
                0x00000000600087f8       0x1c zephyr/libzephyr.a(log_mgmt.c.obj)
                0x00000000600087f8                log_source_name_get
 .text.log_backend_enable
                0x0000000060008814       0x4c zephyr/libzephyr.a(log_mgmt.c.obj)
                0x0000000060008814                log_backend_enable
 .text.z_impl_z_log_msg_static_create
                0x0000000060008860       0xcc zephyr/libzephyr.a(log_msg.c.obj)
                0x0000000060008860                z_impl_z_log_msg_static_create
 .text.z_impl_z_log_msg_runtime_vcreate
                0x000000006000892c       0xc8 zephyr/libzephyr.a(log_msg.c.obj)
                0x000000006000892c                z_impl_z_log_msg_runtime_vcreate
 .text.print_formatted
                0x00000000600089f4       0x24 zephyr/libzephyr.a(log_output.c.obj)
 .text.newline_print
                0x0000000060008a18       0x1c zephyr/libzephyr.a(log_output.c.obj)
 .text.out_func
                0x0000000060008a34       0x60 zephyr/libzephyr.a(log_output.c.obj)
 .text.log_output_process
                0x0000000060008a94      0x2d0 zephyr/libzephyr.a(log_output.c.obj)
                0x0000000060008a94                log_output_process
 .text.log_output_msg_process
                0x0000000060008d64       0x70 zephyr/libzephyr.a(log_output.c.obj)
                0x0000000060008d64                log_output_msg_process
 .text.log_output_dropped_process
                0x0000000060008dd4       0x58 zephyr/libzephyr.a(log_output.c.obj)
                0x0000000060008dd4                log_output_dropped_process
 .text.log_output_timestamp_freq_set
                0x0000000060008e2c       0x2c zephyr/libzephyr.a(log_output.c.obj)
                0x0000000060008e2c                log_output_timestamp_freq_set
 .text.format_set
                0x0000000060008e58        0xc zephyr/libzephyr.a(log_backend_uart.c.obj)
 .text.panic    0x0000000060008e64       0x14 zephyr/libzephyr.a(log_backend_uart.c.obj)
 .text.dropped  0x0000000060008e78        0xc zephyr/libzephyr.a(log_backend_uart.c.obj)
 .text.process  0x0000000060008e84       0x24 zephyr/libzephyr.a(log_backend_uart.c.obj)
 .text.char_out
                0x0000000060008ea8       0x24 zephyr/libzephyr.a(log_backend_uart.c.obj)
 .text.log_backend_uart_init
                0x0000000060008ecc       0x30 zephyr/libzephyr.a(log_backend_uart.c.obj)
 .text.custom_handler
                0x0000000060008efc       0x90 zephyr/libzephyr.a(usb_device.c.obj)
 .text.class_handler
                0x0000000060008f8c       0x74 zephyr/libzephyr.a(usb_device.c.obj)
 .text.usb_reset_alt_setting
                0x0000000060009000       0x10 zephyr/libzephyr.a(usb_device.c.obj)
 .text.vendor_handler
                0x0000000060009010       0x6c zephyr/libzephyr.a(usb_device.c.obj)
 .text.is_ep_valid
                0x000000006000907c       0x6c zephyr/libzephyr.a(usb_device.c.obj)
 .text.usb_handle_request.constprop.0
                0x00000000600090e8       0x2c zephyr/libzephyr.a(usb_device.c.obj)
 .text.usb_device_init.part.0
                0x0000000060009114       0x28 zephyr/libzephyr.a(usb_device.c.obj)
 .text.get_ep_bm_from_addr.part.0
                0x000000006000913c       0x2c zephyr/libzephyr.a(usb_device.c.obj)
 .text.disable_endpoint
                0x0000000060009168       0x80 zephyr/libzephyr.a(usb_device.c.obj)
 .text.forward_status_cb
                0x00000000600091e8       0xfc zephyr/libzephyr.a(usb_device.c.obj)
 .text.usb_halt_endpoint_req.isra.0
                0x00000000600092e4       0xac zephyr/libzephyr.a(usb_device.c.obj)
 .text.set_endpoint
                0x0000000060009390      0x100 zephyr/libzephyr.a(usb_device.c.obj)
 .text.usb_handle_standard_request
                0x0000000060009490      0x29c zephyr/libzephyr.a(usb_device.c.obj)
 .text.usb_write
                0x000000006000972c       0x64 zephyr/libzephyr.a(usb_device.c.obj)
                0x000000006000972c                usb_write
 .text.usb_data_to_host
                0x0000000060009790       0x54 zephyr/libzephyr.a(usb_device.c.obj)
 .text.usb_handle_control_transfer
                0x00000000600097e4      0x124 zephyr/libzephyr.a(usb_device.c.obj)
 .text.usb_set_config
                0x0000000060009908       0x2c zephyr/libzephyr.a(usb_device.c.obj)
                0x0000000060009908                usb_set_config
 .text.usb_device_init
                0x0000000060009934       0x2c zephyr/libzephyr.a(usb_device.c.obj)
 .text.usb_enable
                0x0000000060009960      0x158 zephyr/libzephyr.a(usb_device.c.obj)
                0x0000000060009960                usb_enable
 .text.usb_update_sn_string_descriptor
                0x0000000060009ab8       0x8c zephyr/libzephyr.a(usb_descriptor.c.obj)
                0x0000000060009ab8                usb_update_sn_string_descriptor
 .text.usb_get_device_descriptor
                0x0000000060009b44      0x294 zephyr/libzephyr.a(usb_descriptor.c.obj)
                0x0000000060009b44                usb_get_device_descriptor
 .text.usb_ep_get_transfer
                0x0000000060009dd8       0x28 zephyr/libzephyr.a(usb_transfer.c.obj)
 .text.usb_transfer_work
                0x0000000060009e00      0x164 zephyr/libzephyr.a(usb_transfer.c.obj)
 .text.usb_transfer_ep_callback
                0x0000000060009f64       0x78 zephyr/libzephyr.a(usb_transfer.c.obj)
                0x0000000060009f64                usb_transfer_ep_callback
 .text.usb_transfer
                0x0000000060009fdc      0x144 zephyr/libzephyr.a(usb_transfer.c.obj)
                0x0000000060009fdc                usb_transfer
 .text.usb_cancel_transfer
                0x000000006000a120       0x3c zephyr/libzephyr.a(usb_transfer.c.obj)
                0x000000006000a120                usb_cancel_transfer
 .text.usb_cancel_transfers
                0x000000006000a15c       0x48 zephyr/libzephyr.a(usb_transfer.c.obj)
                0x000000006000a15c                usb_cancel_transfers
 .text.usb_transfer_init
                0x000000006000a1a4       0x30 zephyr/libzephyr.a(usb_transfer.c.obj)
                0x000000006000a1a4                usb_transfer_init
 .text.cdc_acm_int_in
                0x000000006000a1d4       0x18 zephyr/libzephyr.a(cdc_acm.c.obj)
 .text.cdc_acm_irq_rx_enable
                0x000000006000a1ec       0x20 zephyr/libzephyr.a(cdc_acm.c.obj)
 .text.cdc_acm_irq_tx_enable
                0x000000006000a20c       0x20 zephyr/libzephyr.a(cdc_acm.c.obj)
 .text.cdc_acm_fifo_fill
                0x000000006000a22c       0x38 zephyr/libzephyr.a(cdc_acm.c.obj)
 .text.cdc_acm_poll_out
                0x000000006000a264       0x64 zephyr/libzephyr.a(cdc_acm.c.obj)
 .text.tx_work_handler
                0x000000006000a2c8       0x60 zephyr/libzephyr.a(cdc_acm.c.obj)
 .text.cdc_acm_class_handle_req
                0x000000006000a328       0x64 zephyr/libzephyr.a(cdc_acm.c.obj)
                0x000000006000a328                cdc_acm_class_handle_req
 .text.cdc_acm_reset_port
                0x000000006000a38c       0x3c zephyr/libzephyr.a(cdc_acm.c.obj)
 .text.cdc_acm_write_cb
                0x000000006000a3c8       0x44 zephyr/libzephyr.a(cdc_acm.c.obj)
 .text.cdc_acm_init
                0x000000006000a40c       0x48 zephyr/libzephyr.a(cdc_acm.c.obj)
 .text.cdc_acm_read_cb
                0x000000006000a454       0x70 zephyr/libzephyr.a(cdc_acm.c.obj)
 .text.cdc_acm_dev_status_cb
                0x000000006000a4c4       0x88 zephyr/libzephyr.a(cdc_acm.c.obj)
 .text.z_usb_work_q_init
                0x000000006000a54c       0x34 zephyr/libzephyr.a(usb_work_q.c.obj)
 .text.z_arm_cpu_idle_init
                0x000000006000a580        0xc zephyr/arch/arch/arm/core/aarch32/libarch__arm__core__aarch32.a(cpu_idle.S.obj)
                0x000000006000a580                z_arm_cpu_idle_init
 .text.arch_cpu_idle
                0x000000006000a58c       0x1c zephyr/arch/arch/arm/core/aarch32/libarch__arm__core__aarch32.a(cpu_idle.S.obj)
                0x000000006000a58c                arch_cpu_idle
 .text.z_arm_fatal_error
                0x000000006000a5a8       0xcc zephyr/arch/arch/arm/core/aarch32/libarch__arm__core__aarch32.a(fatal.c.obj)
                0x000000006000a5a8                z_arm_fatal_error
 .text.arch_irq_enable
                0x000000006000a674       0x1c zephyr/arch/arch/arm/core/aarch32/libarch__arm__core__aarch32.a(irq_manage.c.obj)
                0x000000006000a674                arch_irq_enable
 .text.z_arm_irq_priority_set
                0x000000006000a690       0x64 zephyr/arch/arch/arm/core/aarch32/libarch__arm__core__aarch32.a(irq_manage.c.obj)
                0x000000006000a690                z_arm_irq_priority_set
 .text.z_SysNmiOnReset
                0x000000006000a6f4        0x8 zephyr/arch/arch/arm/core/aarch32/libarch__arm__core__aarch32.a(nmi_on_reset.S.obj)
                0x000000006000a6f4                z_SysNmiOnReset
 .text.z_arm_prep_c
                0x000000006000a6fc       0x48 zephyr/arch/arch/arm/core/aarch32/libarch__arm__core__aarch32.a(prep_c.c.obj)
                0x000000006000a6fc                z_arm_prep_c
 .text.arch_swap
                0x000000006000a744       0x34 zephyr/arch/arch/arm/core/aarch32/libarch__arm__core__aarch32.a(swap.c.obj)
                0x000000006000a744                arch_swap
 .text.z_arm_pendsv
                0x000000006000a778       0x54 zephyr/arch/arch/arm/core/aarch32/libarch__arm__core__aarch32.a(swap_helper.S.obj)
                0x000000006000a778                z_arm_pendsv
 .text.z_arm_svc
                0x000000006000a7cc       0x20 zephyr/arch/arch/arm/core/aarch32/libarch__arm__core__aarch32.a(swap_helper.S.obj)
                0x000000006000a7cc                z_arm_svc
 .text.arch_new_thread
                0x000000006000a7ec       0x2c zephyr/arch/arch/arm/core/aarch32/libarch__arm__core__aarch32.a(thread.c.obj)
                0x000000006000a7ec                arch_new_thread
 .text.z_check_thread_stack_fail
                0x000000006000a818       0x2c zephyr/arch/arch/arm/core/aarch32/libarch__arm__core__aarch32.a(thread.c.obj)
                0x000000006000a818                z_check_thread_stack_fail
 .text.arch_switch_to_main_thread
                0x000000006000a844       0x2c zephyr/arch/arch/arm/core/aarch32/libarch__arm__core__aarch32.a(thread.c.obj)
                0x000000006000a844                arch_switch_to_main_thread
 .text._isr_wrapper
                0x000000006000a870       0x28 zephyr/arch/arch/arm/core/aarch32/libarch__arm__core__aarch32.a(isr_wrapper.S.obj)
                0x000000006000a870                _isr_wrapper
 .text._HandlerModeExit
                0x000000006000a898       0x1c zephyr/arch/arch/arm/core/aarch32/cortex_m/libarch__arm__core__aarch32__cortex_m.a(exc_exit.S.obj)
                0x000000006000a898                z_arm_exc_exit
                0x000000006000a898                z_arm_int_exit
 .text.bus_fault.constprop.0
                0x000000006000a8b4      0x154 zephyr/arch/arch/arm/core/aarch32/cortex_m/libarch__arm__core__aarch32__cortex_m.a(fault.c.obj)
 .text.usage_fault.constprop.0
                0x000000006000aa08      0x104 zephyr/arch/arch/arm/core/aarch32/cortex_m/libarch__arm__core__aarch32__cortex_m.a(fault.c.obj)
 .text.mem_manage_fault
                0x000000006000ab0c      0x1ac zephyr/arch/arch/arm/core/aarch32/cortex_m/libarch__arm__core__aarch32__cortex_m.a(fault.c.obj)
 .text.z_arm_fault
                0x000000006000acb8      0x290 zephyr/arch/arch/arm/core/aarch32/cortex_m/libarch__arm__core__aarch32__cortex_m.a(fault.c.obj)
                0x000000006000acb8                z_arm_fault
 .text.z_arm_fault_init
                0x000000006000af48       0x10 zephyr/arch/arch/arm/core/aarch32/cortex_m/libarch__arm__core__aarch32__cortex_m.a(fault.c.obj)
                0x000000006000af48                z_arm_fault_init
 .text.__fault  0x000000006000af58       0x14 zephyr/arch/arch/arm/core/aarch32/cortex_m/libarch__arm__core__aarch32__cortex_m.a(fault_s.S.obj)
                0x000000006000af58                z_arm_bus_fault
                0x000000006000af58                z_arm_usage_fault
                0x000000006000af58                z_arm_mpu_fault
                0x000000006000af58                z_arm_exc_spurious
                0x000000006000af58                z_arm_debug_monitor
                0x000000006000af58                z_arm_hard_fault
 .text.z_arm_interrupt_init
                0x000000006000af6c       0x18 zephyr/arch/arch/arm/core/aarch32/cortex_m/libarch__arm__core__aarch32__cortex_m.a(irq_init.c.obj)
                0x000000006000af6c                z_arm_interrupt_init
 .text._reset_section
                0x000000006000af84       0x30 zephyr/arch/arch/arm/core/aarch32/cortex_m/libarch__arm__core__aarch32__cortex_m.a(reset.S.obj)
                0x000000006000af84                z_arm_reset
                0x000000006000af84                __start
 .text.z_impl_k_thread_abort
                0x000000006000afb4       0x2c zephyr/arch/arch/arm/core/aarch32/cortex_m/libarch__arm__core__aarch32__cortex_m.a(thread_abort.c.obj)
                0x000000006000afb4                z_impl_k_thread_abort
 .text.z_arm_configure_static_mpu_regions
                0x000000006000afe0       0x18 zephyr/arch/arch/arm/core/aarch32/mpu/libarch__arm__core__aarch32__mpu.a(arm_core_mpu.c.obj)
                0x000000006000afe0                z_arm_configure_static_mpu_regions
 .text.z_arm_configure_dynamic_mpu_regions
                0x000000006000aff8       0x20 zephyr/arch/arch/arm/core/aarch32/mpu/libarch__arm__core__aarch32__mpu.a(arm_core_mpu.c.obj)
                0x000000006000aff8                z_arm_configure_dynamic_mpu_regions
 .text.mpu_configure_regions
                0x000000006000b018       0xcc zephyr/arch/arch/arm/core/aarch32/mpu/libarch__arm__core__aarch32__mpu.a(arm_mpu.c.obj)
 .text.arm_core_mpu_enable
                0x000000006000b0e4       0x18 zephyr/arch/arch/arm/core/aarch32/mpu/libarch__arm__core__aarch32__mpu.a(arm_mpu.c.obj)
                0x000000006000b0e4                arm_core_mpu_enable
 .text.arm_core_mpu_disable
                0x000000006000b0fc       0x14 zephyr/arch/arch/arm/core/aarch32/mpu/libarch__arm__core__aarch32__mpu.a(arm_mpu.c.obj)
                0x000000006000b0fc                arm_core_mpu_disable
 .text.arm_core_mpu_configure_static_mpu_regions
                0x000000006000b110       0x4c zephyr/arch/arch/arm/core/aarch32/mpu/libarch__arm__core__aarch32__mpu.a(arm_mpu.c.obj)
                0x000000006000b110                arm_core_mpu_configure_static_mpu_regions
 .text.arm_core_mpu_configure_dynamic_mpu_regions
                0x000000006000b15c       0x64 zephyr/arch/arch/arm/core/aarch32/mpu/libarch__arm__core__aarch32__mpu.a(arm_mpu.c.obj)
                0x000000006000b15c                arm_core_mpu_configure_dynamic_mpu_regions
 .text.z_arm_mpu_init
                0x000000006000b1c0      0x104 zephyr/arch/arch/arm/core/aarch32/mpu/libarch__arm__core__aarch32__mpu.a(arm_mpu.c.obj)
                0x000000006000b1c0                z_arm_mpu_init
 .text.malloc_prepare
                0x000000006000b2c4       0x44 zephyr/lib/libc/newlib/liblib__libc__newlib.a(libc-hooks.c.obj)
 .text.__stdout_hook_install
                0x000000006000b308        0xc zephyr/lib/libc/newlib/liblib__libc__newlib.a(libc-hooks.c.obj)
                0x000000006000b308                __stdout_hook_install
 .text.z_impl_zephyr_read_stdin
                0x000000006000b314       0x28 zephyr/lib/libc/newlib/liblib__libc__newlib.a(libc-hooks.c.obj)
                0x000000006000b314                z_impl_zephyr_read_stdin
 .text.z_impl_zephyr_write_stdout
                0x000000006000b33c       0x30 zephyr/lib/libc/newlib/liblib__libc__newlib.a(libc-hooks.c.obj)
                0x000000006000b33c                z_impl_zephyr_write_stdout
 .text._exit    0x000000006000b36c       0x10 zephyr/lib/libc/newlib/liblib__libc__newlib.a(libc-hooks.c.obj)
                0x000000006000b36c                _exit
 .text._sbrk    0x000000006000b37c       0x28 zephyr/lib/libc/newlib/liblib__libc__newlib.a(libc-hooks.c.obj)
                0x000000006000b37c                _sbrk
                0x000000006000b37c                sbrk
 .text.__retarget_lock_init_recursive
                0x000000006000b3a4       0x60 zephyr/lib/libc/newlib/liblib__libc__newlib.a(libc-hooks.c.obj)
                0x000000006000b3a4                __retarget_lock_init_recursive
 .text.__retarget_lock_close_recursive
                0x000000006000b404       0x30 zephyr/lib/libc/newlib/liblib__libc__newlib.a(libc-hooks.c.obj)
                0x000000006000b404                __retarget_lock_close_recursive
 .text.__retarget_lock_acquire_recursive
                0x000000006000b434       0x38 zephyr/lib/libc/newlib/liblib__libc__newlib.a(libc-hooks.c.obj)
                0x000000006000b434                __retarget_lock_acquire_recursive
 .text.__retarget_lock_release_recursive
                0x000000006000b46c       0x30 zephyr/lib/libc/newlib/liblib__libc__newlib.a(libc-hooks.c.obj)
                0x000000006000b46c                __retarget_lock_release_recursive
 .text.usb_isr_handler
                0x000000006000b49c        0xc zephyr/drivers/usb/device/libdrivers__usb__device.a(usb_dc_mcux.c.obj)
 .text.usb_mcux_init
                0x000000006000b4a8       0x48 zephyr/drivers/usb/device/libdrivers__usb__device.a(usb_dc_mcux.c.obj)
 .text.usb_mcux_thread_main
                0x000000006000b4f0      0x260 zephyr/drivers/usb/device/libdrivers__usb__device.a(usb_dc_mcux.c.obj)
 .text.usb_dc_attach
                0x000000006000b750       0x80 zephyr/drivers/usb/device/libdrivers__usb__device.a(usb_dc_mcux.c.obj)
                0x000000006000b750                usb_dc_attach
 .text.usb_dc_set_address
                0x000000006000b7d0       0x44 zephyr/drivers/usb/device/libdrivers__usb__device.a(usb_dc_mcux.c.obj)
                0x000000006000b7d0                usb_dc_set_address
 .text.usb_dc_ep_check_cap
                0x000000006000b814       0x4c zephyr/drivers/usb/device/libdrivers__usb__device.a(usb_dc_mcux.c.obj)
                0x000000006000b814                usb_dc_ep_check_cap
 .text.usb_dc_ep_configure
                0x000000006000b860      0x178 zephyr/drivers/usb/device/libdrivers__usb__device.a(usb_dc_mcux.c.obj)
                0x000000006000b860                usb_dc_ep_configure
 .text.usb_dc_ep_set_stall
                0x000000006000b9d8       0x70 zephyr/drivers/usb/device/libdrivers__usb__device.a(usb_dc_mcux.c.obj)
                0x000000006000b9d8                usb_dc_ep_set_stall
 .text.usb_dc_ep_clear_stall
                0x000000006000ba48       0xd8 zephyr/drivers/usb/device/libdrivers__usb__device.a(usb_dc_mcux.c.obj)
                0x000000006000ba48                usb_dc_ep_clear_stall
 .text.usb_dc_ep_is_stalled
                0x000000006000bb20       0x84 zephyr/drivers/usb/device/libdrivers__usb__device.a(usb_dc_mcux.c.obj)
                0x000000006000bb20                usb_dc_ep_is_stalled
 .text.usb_dc_ep_enable
                0x000000006000bba4       0xe4 zephyr/drivers/usb/device/libdrivers__usb__device.a(usb_dc_mcux.c.obj)
                0x000000006000bba4                usb_dc_ep_enable
 .text.usb_dc_ep_disable
                0x000000006000bc88       0xa0 zephyr/drivers/usb/device/libdrivers__usb__device.a(usb_dc_mcux.c.obj)
                0x000000006000bc88                usb_dc_ep_disable
 .text.usb_dc_ep_write
                0x000000006000bd28       0xac zephyr/drivers/usb/device/libdrivers__usb__device.a(usb_dc_mcux.c.obj)
                0x000000006000bd28                usb_dc_ep_write
 .text.usb_dc_ep_read_wait
                0x000000006000bdd4      0x130 zephyr/drivers/usb/device/libdrivers__usb__device.a(usb_dc_mcux.c.obj)
                0x000000006000bdd4                usb_dc_ep_read_wait
 .text.usb_dc_ep_read_continue
                0x000000006000bf04       0xe4 zephyr/drivers/usb/device/libdrivers__usb__device.a(usb_dc_mcux.c.obj)
                0x000000006000bf04                usb_dc_ep_read_continue
 .text.usb_dc_ep_set_callback
                0x000000006000bfe8       0x58 zephyr/drivers/usb/device/libdrivers__usb__device.a(usb_dc_mcux.c.obj)
                0x000000006000bfe8                usb_dc_ep_set_callback
 .text.usb_dc_set_status_callback
                0x000000006000c040        0xc zephyr/drivers/usb/device/libdrivers__usb__device.a(usb_dc_mcux.c.obj)
                0x000000006000c040                usb_dc_set_status_callback
 .text.usb_dc_ep_mps
                0x000000006000c04c       0x4c zephyr/drivers/usb/device/libdrivers__usb__device.a(usb_dc_mcux.c.obj)
                0x000000006000c04c                usb_dc_ep_mps
 .text.USB_DeviceNotificationTrigger
                0x000000006000c098       0x14 zephyr/drivers/usb/device/libdrivers__usb__device.a(usb_dc_mcux.c.obj)
                0x000000006000c098                USB_DeviceNotificationTrigger
 .text.mcux_12b1msps_sar_adc_init
                0x000000006000c0ac       0xb4 zephyr/drivers/adc/libdrivers__adc.a(adc_mcux_12b1msps_sar.c.obj)
 .text.mcux_12b1msps_sar_adc_channel_setup
                0x000000006000c160       0x90 zephyr/drivers/adc/libdrivers__adc.a(adc_mcux_12b1msps_sar.c.obj)
 .text.mcux_12b1msps_sar_adc_read
                0x000000006000c1f0      0x148 zephyr/drivers/adc/libdrivers__adc.a(adc_mcux_12b1msps_sar.c.obj)
 .text.mcux_ccm_get_subsys_rate
                0x000000006000c338       0xac zephyr/drivers/clock_control/libdrivers__clock_control.a(clock_control_mcux_ccm.c.obj)
 .text.uart_console_init
                0x000000006000c3e4       0x28 zephyr/drivers/console/libdrivers__console.a(uart_console.c.obj)
 .text.console_out
                0x000000006000c40c       0x28 zephyr/drivers/console/libdrivers__console.a(uart_console.c.obj)
 .text.mcux_igpio_manage_callback
                0x000000006000c434       0xa0 zephyr/drivers/gpio/libdrivers__gpio.a(gpio_mcux_igpio.c.obj)
 .text.mcux_igpio_port_isr
                0x000000006000c4d4       0x60 zephyr/drivers/gpio/libdrivers__gpio.a(gpio_mcux_igpio.c.obj)
 .text.mcux_lpi2c_transfer
                0x000000006000c534       0xe8 zephyr/drivers/i2c/libdrivers__i2c.a(i2c_mcux_lpi2c.c.obj)
 .text.mcux_lpi2c_configure
                0x000000006000c61c       0x6c zephyr/drivers/i2c/libdrivers__i2c.a(i2c_mcux_lpi2c.c.obj)
 .text.mcux_lpi2c_init
                0x000000006000c688      0x134 zephyr/drivers/i2c/libdrivers__i2c.a(i2c_mcux_lpi2c.c.obj)
 .text.pwm_mcux_init
                0x000000006000c7bc       0xbc zephyr/drivers/pwm/libdrivers__pwm.a(pwm_mcux.c.obj)
 .text.mcux_pwm_set_cycles
                0x000000006000c878      0x1b0 zephyr/drivers/pwm/libdrivers__pwm.a(pwm_mcux.c.obj)
 .text.ina219_sample_fetch
                0x000000006000ca28      0x178 zephyr/drivers/sensor/ina219/libdrivers__sensor__ina219.a(ina219.c.obj)
 .text.ina219_init
                0x000000006000cba0       0xf8 zephyr/drivers/sensor/ina219/libdrivers__sensor__ina219.a(ina219.c.obj)
 .text.mpu6050_convert_gyro
                0x000000006000cc98       0x30 zephyr/drivers/sensor/mpu6050/libdrivers__sensor__mpu6050.a(mpu6050.c.obj)
 .text.mpu6050_sample_fetch
                0x000000006000ccc8       0xa0 zephyr/drivers/sensor/mpu6050/libdrivers__sensor__mpu6050.a(mpu6050.c.obj)
 .text.mpu6050_init
                0x000000006000cd68      0x188 zephyr/drivers/sensor/mpu6050/libdrivers__sensor__mpu6050.a(mpu6050.c.obj)
                0x000000006000cd68                mpu6050_init
 .text.mpu6050_channel_get
                0x000000006000cef0      0x1d8 zephyr/drivers/sensor/mpu6050/libdrivers__sensor__mpu6050.a(mpu6050.c.obj)
 .text.z_impl_hwinfo_get_device_id
                0x000000006000d0c8       0x70 zephyr/drivers/hwinfo/libdrivers__hwinfo.a(hwinfo_imxrt.c.obj)
                0x000000006000d0c8                z_impl_hwinfo_get_device_id
 .text.elapsed  0x000000006000d138       0x3c zephyr/drivers/timer/libdrivers__timer.a(cortex_m_systick.c.obj)
 .text.sys_clock_driver_init
                0x000000006000d174       0x34 zephyr/drivers/timer/libdrivers__timer.a(cortex_m_systick.c.obj)
 .text.sys_clock_isr
                0x000000006000d1a8       0x44 zephyr/drivers/timer/libdrivers__timer.a(cortex_m_systick.c.obj)
                0x000000006000d1a8                sys_clock_isr
 .text.sys_clock_set_timeout
                0x000000006000d1ec      0x148 zephyr/drivers/timer/libdrivers__timer.a(cortex_m_systick.c.obj)
                0x000000006000d1ec                sys_clock_set_timeout
 .text.sys_clock_elapsed
                0x000000006000d334       0xa4 zephyr/drivers/timer/libdrivers__timer.a(cortex_m_systick.c.obj)
                0x000000006000d334                sys_clock_elapsed
 .text.sys_clock_cycle_get_32
                0x000000006000d3d8       0x94 zephyr/drivers/timer/libdrivers__timer.a(cortex_m_systick.c.obj)
                0x000000006000d3d8                sys_clock_cycle_get_32
 .text.imx_pinctrl_init
                0x000000006000d46c       0x50 zephyr/drivers/pinctrl/libdrivers__pinctrl.a(pinctrl_imx.c.obj)
 .text.CLOCK_GetOscFreq
                0x000000006000d4bc       0x20 modules/hal_nxp/hal_nxp/lib..__modules__hal__nxp.a(fsl_clock.c.obj)
 .text.CLOCK_EnableUsbhs0Clock
                0x000000006000d4dc       0x50 modules/hal_nxp/hal_nxp/lib..__modules__hal__nxp.a(fsl_clock.c.obj)
                0x000000006000d4dc                CLOCK_EnableUsbhs0Clock
 .text.CLOCK_InitArmPll
                0x000000006000d52c       0x44 modules/hal_nxp/hal_nxp/lib..__modules__hal__nxp.a(fsl_clock.c.obj)
                0x000000006000d52c                CLOCK_InitArmPll
 .text.CLOCK_InitUsb1Pll
                0x000000006000d570       0x44 modules/hal_nxp/hal_nxp/lib..__modules__hal__nxp.a(fsl_clock.c.obj)
                0x000000006000d570                CLOCK_InitUsb1Pll
 .text.CLOCK_EnableUsbhs0PhyPllClock
                0x000000006000d5b4       0x48 modules/hal_nxp/hal_nxp/lib..__modules__hal__nxp.a(fsl_clock.c.obj)
                0x000000006000d5b4                CLOCK_EnableUsbhs0PhyPllClock
 .text.CLOCK_GetPllFreq
                0x000000006000d5fc      0x204 modules/hal_nxp/hal_nxp/lib..__modules__hal__nxp.a(fsl_clock.c.obj)
                0x000000006000d5fc                CLOCK_GetPllFreq
 .text.CLOCK_GetSysPfdFreq
                0x000000006000d800       0x5c modules/hal_nxp/hal_nxp/lib..__modules__hal__nxp.a(fsl_clock.c.obj)
                0x000000006000d800                CLOCK_GetSysPfdFreq
 .text.CLOCK_GetPeriphClkFreq
                0x000000006000d85c       0x90 modules/hal_nxp/hal_nxp/lib..__modules__hal__nxp.a(fsl_clock.c.obj)
 .text.CLOCK_GetAhbFreq
                0x000000006000d8ec       0x1c modules/hal_nxp/hal_nxp/lib..__modules__hal__nxp.a(fsl_clock.c.obj)
                0x000000006000d8ec                CLOCK_GetAhbFreq
 .text.CLOCK_GetIpgFreq
                0x000000006000d908       0x1c modules/hal_nxp/hal_nxp/lib..__modules__hal__nxp.a(fsl_clock.c.obj)
                0x000000006000d908                CLOCK_GetIpgFreq
 .text.SystemInit
                0x000000006000d924       0xcc modules/hal_nxp/hal_nxp/lib..__modules__hal__nxp.a(system_MIMXRT1062.c.obj)
                0x000000006000d924                SystemInit
 .text.__NVIC_EnableIRQ
                0x000000006000d9f0       0x1c modules/hal_nxp/hal_nxp/lib..__modules__hal__nxp.a(fsl_lpi2c.c.obj)
 .text.CLOCK_ControlGate
                0x000000006000da0c       0x50 modules/hal_nxp/hal_nxp/lib..__modules__hal__nxp.a(fsl_lpi2c.c.obj)
 .text.LPI2C_GetCyclesForWidth
                0x000000006000da5c       0x64 modules/hal_nxp/hal_nxp/lib..__modules__hal__nxp.a(fsl_lpi2c.c.obj)
 .text.LPI2C_GetInstance
                0x000000006000dac0       0x50 modules/hal_nxp/hal_nxp/lib..__modules__hal__nxp.a(fsl_lpi2c.c.obj)
                0x000000006000dac0                LPI2C_GetInstance
 .text.LPI2C_MasterGetDefaultConfig
                0x000000006000db10       0x28 modules/hal_nxp/hal_nxp/lib..__modules__hal__nxp.a(fsl_lpi2c.c.obj)
                0x000000006000db10                LPI2C_MasterGetDefaultConfig
 .text.LPI2C_MasterInit
                0x000000006000db38      0x10c modules/hal_nxp/hal_nxp/lib..__modules__hal__nxp.a(fsl_lpi2c.c.obj)
                0x000000006000db38                LPI2C_MasterInit
 .text.LPI2C_MasterTransferCreateHandle
                0x000000006000dc44       0x78 modules/hal_nxp/hal_nxp/lib..__modules__hal__nxp.a(fsl_lpi2c.c.obj)
                0x000000006000dc44                LPI2C_MasterTransferCreateHandle
 .text.LPI2C_MasterTransferNonBlocking
                0x000000006000dcbc      0x130 modules/hal_nxp/hal_nxp/lib..__modules__hal__nxp.a(fsl_lpi2c.c.obj)
                0x000000006000dcbc                LPI2C_MasterTransferNonBlocking
 .text.LPI2C_MasterTransferAbort
                0x000000006000ddec       0x34 modules/hal_nxp/hal_nxp/lib..__modules__hal__nxp.a(fsl_lpi2c.c.obj)
                0x000000006000ddec                LPI2C_MasterTransferAbort
 .text.LPI2C_MasterTransferHandleIRQ
                0x000000006000de20      0x1d0 modules/hal_nxp/hal_nxp/lib..__modules__hal__nxp.a(fsl_lpi2c.c.obj)
                0x000000006000de20                LPI2C_MasterTransferHandleIRQ
 .text.CLOCK_ControlGate
                0x000000006000dff0       0x50 modules/hal_nxp/hal_nxp/lib..__modules__hal__nxp.a(fsl_lpuart.c.obj)
 .text.LPUART_GetInstance
                0x000000006000e040       0x34 modules/hal_nxp/hal_nxp/lib..__modules__hal__nxp.a(fsl_lpuart.c.obj)
                0x000000006000e040                LPUART_GetInstance
 .text.LPUART_Init
                0x000000006000e074      0x1e8 modules/hal_nxp/hal_nxp/lib..__modules__hal__nxp.a(fsl_lpuart.c.obj)
                0x000000006000e074                LPUART_Init
 .text.LPUART_Deinit
                0x000000006000e25c       0x38 modules/hal_nxp/hal_nxp/lib..__modules__hal__nxp.a(fsl_lpuart.c.obj)
                0x000000006000e25c                LPUART_Deinit
 .text.LPUART_GetDefaultConfig
                0x000000006000e294       0x34 modules/hal_nxp/hal_nxp/lib..__modules__hal__nxp.a(fsl_lpuart.c.obj)
                0x000000006000e294                LPUART_GetDefaultConfig
 .text.LPUART_GetEnabledInterrupts
                0x000000006000e2c8       0x2c modules/hal_nxp/hal_nxp/lib..__modules__hal__nxp.a(fsl_lpuart.c.obj)
                0x000000006000e2c8                LPUART_GetEnabledInterrupts
 .text.LPUART_GetStatusFlags
                0x000000006000e2f4       0x18 modules/hal_nxp/hal_nxp/lib..__modules__hal__nxp.a(fsl_lpuart.c.obj)
                0x000000006000e2f4                LPUART_GetStatusFlags
 .text.LPUART_ClearStatusFlags
                0x000000006000e30c       0x3c modules/hal_nxp/hal_nxp/lib..__modules__hal__nxp.a(fsl_lpuart.c.obj)
                0x000000006000e30c                LPUART_ClearStatusFlags
 .text.GPIO_PinWrite
                0x000000006000e348       0x34 modules/hal_nxp/hal_nxp/lib..__modules__hal__nxp.a(fsl_gpio.c.obj)
                0x000000006000e348                GPIO_PinWrite
 .text.PWM_GetInstance
                0x000000006000e37c       0x50 modules/hal_nxp/hal_nxp/lib..__modules__hal__nxp.a(fsl_pwm.c.obj)
 .text.CLOCK_ControlGate
                0x000000006000e3cc       0x50 modules/hal_nxp/hal_nxp/lib..__modules__hal__nxp.a(fsl_pwm.c.obj)
 .text.PWM_Init
                0x000000006000e41c      0x144 modules/hal_nxp/hal_nxp/lib..__modules__hal__nxp.a(fsl_pwm.c.obj)
                0x000000006000e41c                PWM_Init
 .text.PWM_GetDefaultConfig
                0x000000006000e560       0x34 modules/hal_nxp/hal_nxp/lib..__modules__hal__nxp.a(fsl_pwm.c.obj)
                0x000000006000e560                PWM_GetDefaultConfig
 .text.PWM_SetupPwm
                0x000000006000e594      0x54c modules/hal_nxp/hal_nxp/lib..__modules__hal__nxp.a(fsl_pwm.c.obj)
                0x000000006000e594                PWM_SetupPwm
 .text.PWM_UpdatePwmDutycycleHighAccuracy
                0x000000006000eae0      0x11c modules/hal_nxp/hal_nxp/lib..__modules__hal__nxp.a(fsl_pwm.c.obj)
                0x000000006000eae0                PWM_UpdatePwmDutycycleHighAccuracy
 .text.PWM_UpdatePwmDutycycle
                0x000000006000ebfc       0x50 modules/hal_nxp/hal_nxp/lib..__modules__hal__nxp.a(fsl_pwm.c.obj)
                0x000000006000ebfc                PWM_UpdatePwmDutycycle
 .text.ADC_GetInstance
                0x000000006000ec4c       0x38 modules/hal_nxp/hal_nxp/lib..__modules__hal__nxp.a(fsl_adc.c.obj)
 .text.CLOCK_ControlGate
                0x000000006000ec84       0x50 modules/hal_nxp/hal_nxp/lib..__modules__hal__nxp.a(fsl_adc.c.obj)
 .text.ADC_Init
                0x000000006000ecd4       0xa8 modules/hal_nxp/hal_nxp/lib..__modules__hal__nxp.a(fsl_adc.c.obj)
                0x000000006000ecd4                ADC_Init
 .text.ADC_GetDefaultConfig
                0x000000006000ed7c       0x3c modules/hal_nxp/hal_nxp/lib..__modules__hal__nxp.a(fsl_adc.c.obj)
                0x000000006000ed7c                ADC_GetDefaultConfig
 .text.ADC_SetChannelConfig
                0x000000006000edb8       0x40 modules/hal_nxp/hal_nxp/lib..__modules__hal__nxp.a(fsl_adc.c.obj)
                0x000000006000edb8                ADC_SetChannelConfig
 .text.DCACHE_CleanByRange
                0x000000006000edf8       0x2c modules/hal_nxp/hal_nxp/lib..__modules__hal__nxp.a(fsl_cache.c.obj)
                0x000000006000edf8                DCACHE_CleanByRange
 .text.USB_EhciPhyGetBase
                0x000000006000ee24       0x70 modules/hal_nxp/hal_nxp/lib..__modules__hal__nxp.a(usb_phy.c.obj)
                0x000000006000ee24                USB_EhciPhyGetBase
 .text.USB_DeviceEhciTransfer
                0x000000006000ee94      0x218 modules/hal_nxp/hal_nxp/lib..__modules__hal__nxp.a(usb_device_ehci.c.obj)
 .text.USB_DeviceEhciCancelControlPipe
                0x000000006000f0ac       0xd4 modules/hal_nxp/hal_nxp/lib..__modules__hal__nxp.a(usb_device_ehci.c.obj)
 .text.USB_DeviceEhciInit
                0x000000006000f180       0xac modules/hal_nxp/hal_nxp/lib..__modules__hal__nxp.a(usb_device_ehci.c.obj)
                0x000000006000f180                USB_DeviceEhciInit
 .text.USB_DeviceEhciDeinit
                0x000000006000f22c       0x44 modules/hal_nxp/hal_nxp/lib..__modules__hal__nxp.a(usb_device_ehci.c.obj)
                0x000000006000f22c                USB_DeviceEhciDeinit
 .text.USB_DeviceEhciCancel
                0x000000006000f270      0x150 modules/hal_nxp/hal_nxp/lib..__modules__hal__nxp.a(usb_device_ehci.c.obj)
                0x000000006000f270                USB_DeviceEhciCancel
 .text.z_impl_z_errno
                0x000000006000f3c0        0xc zephyr/kernel/libkernel.a(errno.c.obj)
                0x000000006000f3c0                z_impl_z_errno
 .text.k_sys_fatal_error_handler
                0x000000006000f3cc       0x30 zephyr/kernel/libkernel.a(fatal.c.obj)
                0x000000006000f3cc                k_sys_fatal_error_handler
 .text.z_fatal_error
                0x000000006000f3fc      0x12c zephyr/kernel/libkernel.a(fatal.c.obj)
                0x000000006000f3fc                z_fatal_error
 .text.z_sys_init_run_level
                0x000000006000f528       0x44 zephyr/kernel/libkernel.a(init.c.obj)
 .text.bg_thread_main
                0x000000006000f56c       0x34 zephyr/kernel/libkernel.a(init.c.obj)
 .text.z_bss_zero
                0x000000006000f5a0       0x2c zephyr/kernel/libkernel.a(init.c.obj)
                0x000000006000f5a0                z_bss_zero
 .text.z_init_cpu
                0x000000006000f5cc       0x70 zephyr/kernel/libkernel.a(init.c.obj)
                0x000000006000f5cc                z_init_cpu
 .text.z_cstart
                0x000000006000f63c       0xd8 zephyr/kernel/libkernel.a(init.c.obj)
                0x000000006000f63c                z_cstart
 .text.statics_init
                0x000000006000f714       0x50 zephyr/kernel/libkernel.a(kheap.c.obj)
 .text.k_heap_aligned_alloc
                0x000000006000f764      0x140 zephyr/kernel/libkernel.a(kheap.c.obj)
                0x000000006000f764                k_heap_aligned_alloc
 .text.k_heap_free
                0x000000006000f8a4       0xa4 zephyr/kernel/libkernel.a(kheap.c.obj)
                0x000000006000f8a4                k_heap_free
 .text.z_setup_new_thread
                0x000000006000f948       0xb0 zephyr/kernel/libkernel.a(thread.c.obj)
                0x000000006000f948                z_setup_new_thread
 .text.z_impl_k_thread_create
                0x000000006000f9f8       0x8c zephyr/kernel/libkernel.a(thread.c.obj)
                0x000000006000f9f8                z_impl_k_thread_create
 .text.z_init_static_threads
                0x000000006000fa84       0xe4 zephyr/kernel/libkernel.a(thread.c.obj)
                0x000000006000fa84                z_init_static_threads
 .text.z_spin_lock_valid
                0x000000006000fb68       0x1c zephyr/kernel/libkernel.a(thread.c.obj)
                0x000000006000fb68                z_spin_lock_valid
 .text.z_spin_unlock_valid
                0x000000006000fb84       0x1c zephyr/kernel/libkernel.a(thread.c.obj)
                0x000000006000fb84                z_spin_unlock_valid
 .text.z_spin_lock_set_owner
                0x000000006000fba0       0x10 zephyr/kernel/libkernel.a(thread.c.obj)
                0x000000006000fba0                z_spin_lock_set_owner
 .text.idle     0x000000006000fbb0       0x48 zephyr/kernel/libkernel.a(idle.c.obj)
                0x000000006000fbb0                idle
 .text.z_impl_k_msgq_put
                0x000000006000fbf8      0x13c zephyr/kernel/libkernel.a(msg_q.c.obj)
                0x000000006000fbf8                z_impl_k_msgq_put
 .text.z_impl_k_msgq_get
                0x000000006000fd34      0x158 zephyr/kernel/libkernel.a(msg_q.c.obj)
                0x000000006000fd34                z_impl_k_msgq_get
 .text.z_impl_k_mutex_lock
                0x000000006000fe8c      0x1a0 zephyr/kernel/libkernel.a(mutex.c.obj)
                0x000000006000fe8c                z_impl_k_mutex_lock
 .text.z_impl_k_mutex_unlock
                0x000000006001002c      0x11c zephyr/kernel/libkernel.a(mutex.c.obj)
                0x000000006001002c                z_impl_k_mutex_unlock
 .text.z_impl_k_sem_give
                0x0000000060010148       0x7c zephyr/kernel/libkernel.a(sem.c.obj)
                0x0000000060010148                z_impl_k_sem_give
 .text.z_impl_k_sem_take
                0x00000000600101c4       0xf4 zephyr/kernel/libkernel.a(sem.c.obj)
                0x00000000600101c4                z_impl_k_sem_take
 .text.work_queue_main
                0x00000000600102b8      0x1e8 zephyr/kernel/libkernel.a(work.c.obj)
 .text.submit_to_queue_locked
                0x00000000600104a0       0xd8 zephyr/kernel/libkernel.a(work.c.obj)
 .text.work_timeout
                0x0000000060010578       0xa4 zephyr/kernel/libkernel.a(work.c.obj)
 .text.k_work_init
                0x000000006001061c       0x4c zephyr/kernel/libkernel.a(work.c.obj)
                0x000000006001061c                k_work_init
 .text.z_work_submit_to_queue
                0x0000000060010668       0xb4 zephyr/kernel/libkernel.a(work.c.obj)
                0x0000000060010668                z_work_submit_to_queue
 .text.k_work_queue_start
                0x000000006001071c       0xd0 zephyr/kernel/libkernel.a(work.c.obj)
                0x000000006001071c                k_work_queue_start
 .text.k_work_init_delayable
                0x00000000600107ec       0x58 zephyr/kernel/libkernel.a(work.c.obj)
                0x00000000600107ec                k_work_init_delayable
 .text.k_work_schedule_for_queue
                0x0000000060010844       0xec zephyr/kernel/libkernel.a(work.c.obj)
                0x0000000060010844                k_work_schedule_for_queue
 .text.z_reset_time_slice
                0x0000000060010930       0x28 zephyr/kernel/libkernel.a(sched.c.obj)
                0x0000000060010930                z_reset_time_slice
 .text.update_cache
                0x0000000060010958       0x68 zephyr/kernel/libkernel.a(sched.c.obj)
 .text.ready_thread
                0x00000000600109c0       0x94 zephyr/kernel/libkernel.a(sched.c.obj)
 .text.k_sched_time_slice_set
                0x0000000060010a54       0xb8 zephyr/kernel/libkernel.a(sched.c.obj)
                0x0000000060010a54                k_sched_time_slice_set
 .text.z_ready_thread
                0x0000000060010b0c       0x8c zephyr/kernel/libkernel.a(sched.c.obj)
                0x0000000060010b0c                z_ready_thread
 .text.z_unpend_thread_no_timeout
                0x0000000060010b98       0x90 zephyr/kernel/libkernel.a(sched.c.obj)
                0x0000000060010b98                z_unpend_thread_no_timeout
 .text.z_reschedule
                0x0000000060010c28       0x84 zephyr/kernel/libkernel.a(sched.c.obj)
                0x0000000060010c28                z_reschedule
 .text.z_sched_start
                0x0000000060010cac       0xa4 zephyr/kernel/libkernel.a(sched.c.obj)
                0x0000000060010cac                z_sched_start
 .text.k_sched_lock
                0x0000000060010d50       0xd8 zephyr/kernel/libkernel.a(sched.c.obj)
                0x0000000060010d50                k_sched_lock
 .text.k_sched_unlock
                0x0000000060010e28       0xe8 zephyr/kernel/libkernel.a(sched.c.obj)
                0x0000000060010e28                k_sched_unlock
 .text.z_priq_dumb_remove
                0x0000000060010f10       0x40 zephyr/kernel/libkernel.a(sched.c.obj)
                0x0000000060010f10                z_priq_dumb_remove
 .text.move_thread_to_end_of_prio_q
                0x0000000060010f50       0xa4 zephyr/kernel/libkernel.a(sched.c.obj)
 .text.z_time_slice
                0x0000000060010ff4       0xec zephyr/kernel/libkernel.a(sched.c.obj)
                0x0000000060010ff4                z_time_slice
 .text.unready_thread
                0x00000000600110e0       0x38 zephyr/kernel/libkernel.a(sched.c.obj)
 .text.add_to_waitq_locked
                0x0000000060011118       0x7c zephyr/kernel/libkernel.a(sched.c.obj)
 .text.pend_locked
                0x0000000060011194       0x30 zephyr/kernel/libkernel.a(sched.c.obj)
 .text.z_pend_curr
                0x00000000600111c4       0xec zephyr/kernel/libkernel.a(sched.c.obj)
                0x00000000600111c4                z_pend_curr
 .text.z_set_prio
                0x00000000600112b0      0x124 zephyr/kernel/libkernel.a(sched.c.obj)
                0x00000000600112b0                z_set_prio
 .text.z_impl_k_thread_suspend
                0x00000000600113d4       0xd0 zephyr/kernel/libkernel.a(sched.c.obj)
                0x00000000600113d4                z_impl_k_thread_suspend
 .text.unpend_thread_no_timeout
                0x00000000600114a4       0x40 zephyr/kernel/libkernel.a(sched.c.obj)
 .text.z_unpend_thread
                0x00000000600114e4       0x98 zephyr/kernel/libkernel.a(sched.c.obj)
                0x00000000600114e4                z_unpend_thread
 .text.z_thread_timeout
                0x000000006001157c       0xb0 zephyr/kernel/libkernel.a(sched.c.obj)
                0x000000006001157c                z_thread_timeout
 .text.z_unpend1_no_timeout
                0x000000006001162c       0x98 zephyr/kernel/libkernel.a(sched.c.obj)
                0x000000006001162c                z_unpend1_no_timeout
 .text.z_unpend_first_thread
                0x00000000600116c4       0xa0 zephyr/kernel/libkernel.a(sched.c.obj)
                0x00000000600116c4                z_unpend_first_thread
 .text.z_sched_init
                0x0000000060011764       0x18 zephyr/kernel/libkernel.a(sched.c.obj)
                0x0000000060011764                z_sched_init
 .text.z_impl_k_yield
                0x000000006001177c      0x130 zephyr/kernel/libkernel.a(sched.c.obj)
                0x000000006001177c                z_impl_k_yield
 .text.z_tick_sleep
                0x00000000600118ac      0x144 zephyr/kernel/libkernel.a(sched.c.obj)
 .text.z_impl_k_sleep
                0x00000000600119f0       0x64 zephyr/kernel/libkernel.a(sched.c.obj)
                0x00000000600119f0                z_impl_k_sleep
 .text.z_impl_z_current_get
                0x0000000060011a54        0xc zephyr/kernel/libkernel.a(sched.c.obj)
                0x0000000060011a54                z_impl_z_current_get
 .text.z_thread_abort
                0x0000000060011a60      0x190 zephyr/kernel/libkernel.a(sched.c.obj)
                0x0000000060011a60                z_thread_abort
 .text.z_sched_wake
                0x0000000060011bf0       0xbc zephyr/kernel/libkernel.a(sched.c.obj)
                0x0000000060011bf0                z_sched_wake
 .text.z_sched_wait
                0x0000000060011cac       0x24 zephyr/kernel/libkernel.a(sched.c.obj)
                0x0000000060011cac                z_sched_wait
 .text.z_data_copy
                0x0000000060011cd0       0x64 zephyr/kernel/libkernel.a(xip.c.obj)
                0x0000000060011cd0                z_data_copy
 .text.elapsed  0x0000000060011d34       0x14 zephyr/kernel/libkernel.a(timeout.c.obj)
 .text.next_timeout
                0x0000000060011d48       0x50 zephyr/kernel/libkernel.a(timeout.c.obj)
 .text.remove_timeout
                0x0000000060011d98       0x38 zephyr/kernel/libkernel.a(timeout.c.obj)
 .text.z_add_timeout
                0x0000000060011dd0      0x18c zephyr/kernel/libkernel.a(timeout.c.obj)
                0x0000000060011dd0                z_add_timeout
 .text.z_abort_timeout
                0x0000000060011f5c       0x98 zephyr/kernel/libkernel.a(timeout.c.obj)
                0x0000000060011f5c                z_abort_timeout
 .text.z_set_timeout_expiry
                0x0000000060011ff4       0xa0 zephyr/kernel/libkernel.a(timeout.c.obj)
                0x0000000060011ff4                z_set_timeout_expiry
 .text.sys_clock_announce
                0x0000000060012094      0x15c zephyr/kernel/libkernel.a(timeout.c.obj)
                0x0000000060012094                sys_clock_announce
 .text.sys_clock_tick_get
                0x00000000600121f0       0x9c zephyr/kernel/libkernel.a(timeout.c.obj)
                0x00000000600121f0                sys_clock_tick_get
 .text.z_impl_k_busy_wait
                0x000000006001228c       0x30 zephyr/kernel/libkernel.a(timeout.c.obj)
                0x000000006001228c                z_impl_k_busy_wait
 .text.z_timer_expiration_handler
                0x00000000600122bc      0x164 zephyr/kernel/libkernel.a(timer.c.obj)
                0x00000000600122bc                z_timer_expiration_handler
 .text.z_impl_k_timer_start
                0x0000000060012420       0x98 zephyr/kernel/libkernel.a(timer.c.obj)
                0x0000000060012420                z_impl_k_timer_start
 .text.k_thread_system_pool_assign
                0x00000000600124b8        0xc zephyr/kernel/libkernel.a(mempool.c.obj)
                0x00000000600124b8                k_thread_system_pool_assign
 .text.boot_banner
                0x00000000600124c4        0xc zephyr/kernel/libkernel.a(banner.c.obj)
                0x00000000600124c4                boot_banner
 .text.k_sys_work_q_init
                0x00000000600124d0       0x34 zephyr/kernel/libkernel.a(system_work_q.c.obj)
 .text.pow      0x0000000060012504      0x17c /Users/michaeljenz/zephyr-sdk-0.16.1/arm-zephyr-eabi/arm-zephyr-eabi/lib/thumb/v7e-m/nofp/libm.a(lib_a-w_pow.o)
                0x0000000060012504                pow
 .text.sqrt     0x0000000060012680       0x5c /Users/michaeljenz/zephyr-sdk-0.16.1/arm-zephyr-eabi/arm-zephyr-eabi/lib/thumb/v7e-m/nofp/libm.a(lib_a-w_sqrt.o)
                0x0000000060012680                sqrt
 .text.__ieee754_sqrt
                0x00000000600126dc      0x184 /Users/michaeljenz/zephyr-sdk-0.16.1/arm-zephyr-eabi/arm-zephyr-eabi/lib/thumb/v7e-m/nofp/libm.a(lib_a-e_sqrt.o)
                0x00000000600126dc                __ieee754_sqrt
 .text.fabs     0x0000000060012860        0x8 /Users/michaeljenz/zephyr-sdk-0.16.1/arm-zephyr-eabi/arm-zephyr-eabi/lib/thumb/v7e-m/nofp/libm.a(lib_a-s_fabs.o)
                0x0000000060012860                fabs
 .text.finite   0x0000000060012868        0xc /Users/michaeljenz/zephyr-sdk-0.16.1/arm-zephyr-eabi/arm-zephyr-eabi/lib/thumb/v7e-m/nofp/libm.a(lib_a-s_finite.o)
                0x0000000060012868                finite
 .text.nan      0x0000000060012874        0xc /Users/michaeljenz/zephyr-sdk-0.16.1/arm-zephyr-eabi/arm-zephyr-eabi/lib/thumb/v7e-m/nofp/libm.a(lib_a-s_nan.o)
                0x0000000060012874                nan
 .text.rint     0x0000000060012880      0x130 /Users/michaeljenz/zephyr-sdk-0.16.1/arm-zephyr-eabi/arm-zephyr-eabi/lib/thumb/v7e-m/nofp/libm.a(lib_a-s_rint.o)
                0x0000000060012880                rint
 .text.__assert_func
                0x00000000600129b0       0x40 /Users/michaeljenz/zephyr-sdk-0.16.1/arm-zephyr-eabi/arm-zephyr-eabi/lib/thumb/v7e-m/nofp/libc.a(lib_a-assert.o)
                0x00000000600129b0                __assert_func
 .text.fiprintf
                0x00000000600129f0       0x28 /Users/michaeljenz/zephyr-sdk-0.16.1/arm-zephyr-eabi/arm-zephyr-eabi/lib/thumb/v7e-m/nofp/libc.a(lib_a-fiprintf.o)
                0x00000000600129f0                fiprintf
 .text.malloc   0x0000000060012a18       0x10 /Users/michaeljenz/zephyr-sdk-0.16.1/arm-zephyr-eabi/arm-zephyr-eabi/lib/thumb/v7e-m/nofp/libc.a(lib_a-malloc.o)
                0x0000000060012a18                malloc
 .text.free     0x0000000060012a28       0x10 /Users/michaeljenz/zephyr-sdk-0.16.1/arm-zephyr-eabi/arm-zephyr-eabi/lib/thumb/v7e-m/nofp/libc.a(lib_a-malloc.o)
                0x0000000060012a28                free
 .text._malloc_r
                0x0000000060012a38      0x578 /Users/michaeljenz/zephyr-sdk-0.16.1/arm-zephyr-eabi/arm-zephyr-eabi/lib/thumb/v7e-m/nofp/libc.a(lib_a-mallocr.o)
                0x0000000060012a38                _malloc_r
 .text.memset   0x0000000060012fb0       0xa4 /Users/michaeljenz/zephyr-sdk-0.16.1/arm-zephyr-eabi/arm-zephyr-eabi/lib/thumb/v7e-m/nofp/libc.a(lib_a-memset.o)
                0x0000000060012fb0                memset
 .text.__malloc_lock
                0x0000000060013054        0xc /Users/michaeljenz/zephyr-sdk-0.16.1/arm-zephyr-eabi/arm-zephyr-eabi/lib/thumb/v7e-m/nofp/libc.a(lib_a-mlock.o)
                0x0000000060013054                __malloc_lock
 .text.__malloc_unlock
                0x0000000060013060        0xc /Users/michaeljenz/zephyr-sdk-0.16.1/arm-zephyr-eabi/arm-zephyr-eabi/lib/thumb/v7e-m/nofp/libc.a(lib_a-mlock.o)
                0x0000000060013060                __malloc_unlock
 .text.printf   0x000000006001306c       0x28 /Users/michaeljenz/zephyr-sdk-0.16.1/arm-zephyr-eabi/arm-zephyr-eabi/lib/thumb/v7e-m/nofp/libc.a(lib_a-printf.o)
                0x000000006001306c                printf
 .text._sbrk_r  0x0000000060013094       0x24 /Users/michaeljenz/zephyr-sdk-0.16.1/arm-zephyr-eabi/arm-zephyr-eabi/lib/thumb/v7e-m/nofp/libc.a(lib_a-sbrkr.o)
                0x0000000060013094                _sbrk_r
 .text.strnlen  0x00000000600130b8       0x24 /Users/michaeljenz/zephyr-sdk-0.16.1/arm-zephyr-eabi/arm-zephyr-eabi/lib/thumb/v7e-m/nofp/libc.a(lib_a-strnlen.o)
                0x00000000600130b8                strnlen
 .text.__sprint_r
                0x00000000600130dc       0x20 /Users/michaeljenz/zephyr-sdk-0.16.1/arm-zephyr-eabi/arm-zephyr-eabi/lib/thumb/v7e-m/nofp/libc.a(lib_a-vfiprintf.o)
                0x00000000600130dc                __sprint_r
 .text._vfiprintf_r
                0x00000000600130fc      0xd98 /Users/michaeljenz/zephyr-sdk-0.16.1/arm-zephyr-eabi/arm-zephyr-eabi/lib/thumb/v7e-m/nofp/libc.a(lib_a-vfiprintf.o)
                0x00000000600130fc                _vfiprintf_r
 .text.__sbprintf
                0x0000000060013e94       0x80 /Users/michaeljenz/zephyr-sdk-0.16.1/arm-zephyr-eabi/arm-zephyr-eabi/lib/thumb/v7e-m/nofp/libc.a(lib_a-vfiprintf.o)
 .text._vfprintf_r
                0x0000000060013f14     0x1aa0 /Users/michaeljenz/zephyr-sdk-0.16.1/arm-zephyr-eabi/arm-zephyr-eabi/lib/thumb/v7e-m/nofp/libc.a(lib_a-vfprintf.o)
                0x0000000060013f14                _vfprintf_r
 .text.__sbprintf
                0x00000000600159b4       0x80 /Users/michaeljenz/zephyr-sdk-0.16.1/arm-zephyr-eabi/arm-zephyr-eabi/lib/thumb/v7e-m/nofp/libc.a(lib_a-vfprintf.o)
 .text.__swsetup_r
                0x0000000060015a34       0xc4 /Users/michaeljenz/zephyr-sdk-0.16.1/arm-zephyr-eabi/arm-zephyr-eabi/lib/thumb/v7e-m/nofp/libc.a(lib_a-wsetup.o)
                0x0000000060015a34                __swsetup_r
 .text.abort    0x0000000060015af8       0x10 /Users/michaeljenz/zephyr-sdk-0.16.1/arm-zephyr-eabi/arm-zephyr-eabi/lib/thumb/v7e-m/nofp/libc.a(lib_a-abort.o)
                0x0000000060015af8                abort
 .text.quorem   0x0000000060015b08      0x12c /Users/michaeljenz/zephyr-sdk-0.16.1/arm-zephyr-eabi/arm-zephyr-eabi/lib/thumb/v7e-m/nofp/libc.a(lib_a-dtoa.o)
 .text.__sflush_r
                0x0000000060015c34      0x110 /Users/michaeljenz/zephyr-sdk-0.16.1/arm-zephyr-eabi/arm-zephyr-eabi/lib/thumb/v7e-m/nofp/libc.a(lib_a-fflush.o)
                0x0000000060015c34                __sflush_r
 .text._fflush_r
                0x0000000060015d44       0x5c /Users/michaeljenz/zephyr-sdk-0.16.1/arm-zephyr-eabi/arm-zephyr-eabi/lib/thumb/v7e-m/nofp/libc.a(lib_a-fflush.o)
                0x0000000060015d44                _fflush_r
 .text._cleanup_r
                0x0000000060015da0        0xc /Users/michaeljenz/zephyr-sdk-0.16.1/arm-zephyr-eabi/arm-zephyr-eabi/lib/thumb/v7e-m/nofp/libc.a(lib_a-findfp.o)
                0x0000000060015da0                _cleanup_r
 .text.__sinit  0x0000000060015dac      0x10c /Users/michaeljenz/zephyr-sdk-0.16.1/arm-zephyr-eabi/arm-zephyr-eabi/lib/thumb/v7e-m/nofp/libc.a(lib_a-findfp.o)
                0x0000000060015dac                __sinit
 .text._malloc_trim_r
                0x0000000060015eb8       0x9c /Users/michaeljenz/zephyr-sdk-0.16.1/arm-zephyr-eabi/arm-zephyr-eabi/lib/thumb/v7e-m/nofp/libc.a(lib_a-freer.o)
                0x0000000060015eb8                _malloc_trim_r
 .text._free_r  0x0000000060015f54      0x1fc /Users/michaeljenz/zephyr-sdk-0.16.1/arm-zephyr-eabi/arm-zephyr-eabi/lib/thumb/v7e-m/nofp/libc.a(lib_a-freer.o)
                0x0000000060015f54                _free_r
 .text.__sfvwrite_r
                0x0000000060016150      0x2f8 /Users/michaeljenz/zephyr-sdk-0.16.1/arm-zephyr-eabi/arm-zephyr-eabi/lib/thumb/v7e-m/nofp/libc.a(lib_a-fvwrite.o)
                0x0000000060016150                __sfvwrite_r
 .text._fwalk_reent
                0x0000000060016448       0x48 /Users/michaeljenz/zephyr-sdk-0.16.1/arm-zephyr-eabi/arm-zephyr-eabi/lib/thumb/v7e-m/nofp/libc.a(lib_a-fwalk.o)
                0x0000000060016448                _fwalk_reent
 .text._localeconv_r
                0x0000000060016490        0x8 /Users/michaeljenz/zephyr-sdk-0.16.1/arm-zephyr-eabi/arm-zephyr-eabi/lib/thumb/v7e-m/nofp/libc.a(lib_a-localeconv.o)
                0x0000000060016490                _localeconv_r
 .text.__smakebuf_r
                0x0000000060016498       0xc4 /Users/michaeljenz/zephyr-sdk-0.16.1/arm-zephyr-eabi/arm-zephyr-eabi/lib/thumb/v7e-m/nofp/libc.a(lib_a-makebuf.o)
                0x0000000060016498                __smakebuf_r
 .text.memmove  0x000000006001655c      0x100 /Users/michaeljenz/zephyr-sdk-0.16.1/arm-zephyr-eabi/arm-zephyr-eabi/lib/thumb/v7e-m/nofp/libc.a(lib_a-memmove.o)
                0x000000006001655c                memmove
 .text._Balloc  0x000000006001665c       0x4c /Users/michaeljenz/zephyr-sdk-0.16.1/arm-zephyr-eabi/arm-zephyr-eabi/lib/thumb/v7e-m/nofp/libc.a(lib_a-mprec.o)
                0x000000006001665c                _Balloc
 .text._Bfree   0x00000000600166a8       0x14 /Users/michaeljenz/zephyr-sdk-0.16.1/arm-zephyr-eabi/arm-zephyr-eabi/lib/thumb/v7e-m/nofp/libc.a(lib_a-mprec.o)
                0x00000000600166a8                _Bfree
 .text.__multadd
                0x00000000600166bc       0xa0 /Users/michaeljenz/zephyr-sdk-0.16.1/arm-zephyr-eabi/arm-zephyr-eabi/lib/thumb/v7e-m/nofp/libc.a(lib_a-mprec.o)
                0x00000000600166bc                __multadd
 .text.__hi0bits
                0x000000006001675c       0x44 /Users/michaeljenz/zephyr-sdk-0.16.1/arm-zephyr-eabi/arm-zephyr-eabi/lib/thumb/v7e-m/nofp/libc.a(lib_a-mprec.o)
                0x000000006001675c                __hi0bits
 .text.__lo0bits
                0x00000000600167a0       0x60 /Users/michaeljenz/zephyr-sdk-0.16.1/arm-zephyr-eabi/arm-zephyr-eabi/lib/thumb/v7e-m/nofp/libc.a(lib_a-mprec.o)
                0x00000000600167a0                __lo0bits
 .text.__i2b    0x0000000060016800       0x5c /Users/michaeljenz/zephyr-sdk-0.16.1/arm-zephyr-eabi/arm-zephyr-eabi/lib/thumb/v7e-m/nofp/libc.a(lib_a-mprec.o)
                0x0000000060016800                __i2b
 .text.__multiply
                0x000000006001685c      0x16c /Users/michaeljenz/zephyr-sdk-0.16.1/arm-zephyr-eabi/arm-zephyr-eabi/lib/thumb/v7e-m/nofp/libc.a(lib_a-mprec.o)
                0x000000006001685c                __multiply
 .text.__pow5mult
                0x00000000600169c8       0xb4 /Users/michaeljenz/zephyr-sdk-0.16.1/arm-zephyr-eabi/arm-zephyr-eabi/lib/thumb/v7e-m/nofp/libc.a(lib_a-mprec.o)
                0x00000000600169c8                __pow5mult
 .text.__lshift
                0x0000000060016a7c       0xf0 /Users/michaeljenz/zephyr-sdk-0.16.1/arm-zephyr-eabi/arm-zephyr-eabi/lib/thumb/v7e-m/nofp/libc.a(lib_a-mprec.o)
                0x0000000060016a7c                __lshift
 .text.__mcmp   0x0000000060016b6c       0x40 /Users/michaeljenz/zephyr-sdk-0.16.1/arm-zephyr-eabi/arm-zephyr-eabi/lib/thumb/v7e-m/nofp/libc.a(lib_a-mprec.o)
                0x0000000060016b6c                __mcmp
 .text.__mdiff  0x0000000060016bac      0x164 /Users/michaeljenz/zephyr-sdk-0.16.1/arm-zephyr-eabi/arm-zephyr-eabi/lib/thumb/v7e-m/nofp/libc.a(lib_a-mprec.o)
                0x0000000060016bac                __mdiff
 .text.__d2b    0x0000000060016d10       0xbc /Users/michaeljenz/zephyr-sdk-0.16.1/arm-zephyr-eabi/arm-zephyr-eabi/lib/thumb/v7e-m/nofp/libc.a(lib_a-mprec.o)
                0x0000000060016d10                __d2b
 .text._realloc_r
                0x0000000060016dcc      0x344 /Users/michaeljenz/zephyr-sdk-0.16.1/arm-zephyr-eabi/arm-zephyr-eabi/lib/thumb/v7e-m/nofp/libc.a(lib_a-reallocr.o)
                0x0000000060016dcc                _realloc_r
 .text.frexp    0x0000000060017110       0x70 /Users/michaeljenz/zephyr-sdk-0.16.1/arm-zephyr-eabi/arm-zephyr-eabi/lib/thumb/v7e-m/nofp/libc.a(lib_a-s_frexp.o)
                0x0000000060017110                frexp
 .text.raise    0x0000000060017180       0x58 /Users/michaeljenz/zephyr-sdk-0.16.1/arm-zephyr-eabi/arm-zephyr-eabi/lib/thumb/v7e-m/nofp/libc.a(lib_a-signal.o)
                0x0000000060017180                raise
 .text._kill_r  0x00000000600171d8       0x2c /Users/michaeljenz/zephyr-sdk-0.16.1/arm-zephyr-eabi/arm-zephyr-eabi/lib/thumb/v7e-m/nofp/libc.a(lib_a-signalr.o)
                0x00000000600171d8                _kill_r
 .text._getpid_r
                0x0000000060017204        0x4 /Users/michaeljenz/zephyr-sdk-0.16.1/arm-zephyr-eabi/arm-zephyr-eabi/lib/thumb/v7e-m/nofp/libc.a(lib_a-signalr.o)
                0x0000000060017204                _getpid_r
 .text.__sread  0x0000000060017208       0x24 /Users/michaeljenz/zephyr-sdk-0.16.1/arm-zephyr-eabi/arm-zephyr-eabi/lib/thumb/v7e-m/nofp/libc.a(lib_a-stdio.o)
                0x0000000060017208                __sread
 .text.__swrite
                0x000000006001722c       0x40 /Users/michaeljenz/zephyr-sdk-0.16.1/arm-zephyr-eabi/arm-zephyr-eabi/lib/thumb/v7e-m/nofp/libc.a(lib_a-stdio.o)
                0x000000006001722c                __swrite
 .text.__sseek  0x000000006001726c       0x24 /Users/michaeljenz/zephyr-sdk-0.16.1/arm-zephyr-eabi/arm-zephyr-eabi/lib/thumb/v7e-m/nofp/libc.a(lib_a-stdio.o)
                0x000000006001726c                __sseek
 .text.__sclose
                0x0000000060017290        0x8 /Users/michaeljenz/zephyr-sdk-0.16.1/arm-zephyr-eabi/arm-zephyr-eabi/lib/thumb/v7e-m/nofp/libc.a(lib_a-stdio.o)
                0x0000000060017290                __sclose
 .text.strncpy  0x0000000060017298       0x68 /Users/michaeljenz/zephyr-sdk-0.16.1/arm-zephyr-eabi/arm-zephyr-eabi/lib/thumb/v7e-m/nofp/libc.a(lib_a-strncpy.o)
                0x0000000060017298                strncpy
 .text._write_r
                0x0000000060017300       0x2c /Users/michaeljenz/zephyr-sdk-0.16.1/arm-zephyr-eabi/arm-zephyr-eabi/lib/thumb/v7e-m/nofp/libc.a(lib_a-writer.o)
                0x0000000060017300                _write_r
 .text._calloc_r
                0x000000006001732c       0x60 /Users/michaeljenz/zephyr-sdk-0.16.1/arm-zephyr-eabi/arm-zephyr-eabi/lib/thumb/v7e-m/nofp/libc.a(lib_a-callocr.o)
                0x000000006001732c                _calloc_r
 .text._close_r
                0x000000006001738c       0x24 /Users/michaeljenz/zephyr-sdk-0.16.1/arm-zephyr-eabi/arm-zephyr-eabi/lib/thumb/v7e-m/nofp/libc.a(lib_a-closer.o)
                0x000000006001738c                _close_r
 .text._fstat_r
                0x00000000600173b0       0x2c /Users/michaeljenz/zephyr-sdk-0.16.1/arm-zephyr-eabi/arm-zephyr-eabi/lib/thumb/v7e-m/nofp/libc.a(lib_a-fstatr.o)
                0x00000000600173b0                _fstat_r
 .text._isatty_r
                0x00000000600173dc       0x24 /Users/michaeljenz/zephyr-sdk-0.16.1/arm-zephyr-eabi/arm-zephyr-eabi/lib/thumb/v7e-m/nofp/libc.a(lib_a-isattyr.o)
                0x00000000600173dc                _isatty_r
 .text._lseek_r
                0x0000000060017400       0x2c /Users/michaeljenz/zephyr-sdk-0.16.1/arm-zephyr-eabi/arm-zephyr-eabi/lib/thumb/v7e-m/nofp/libc.a(lib_a-lseekr.o)
                0x0000000060017400                _lseek_r
 .text.__ascii_mbtowc
                0x000000006001742c       0x2c /Users/michaeljenz/zephyr-sdk-0.16.1/arm-zephyr-eabi/arm-zephyr-eabi/lib/thumb/v7e-m/nofp/libc.a(lib_a-mbtowc_r.o)
                0x000000006001742c                __ascii_mbtowc
 .text._read_r  0x0000000060017458       0x2c /Users/michaeljenz/zephyr-sdk-0.16.1/arm-zephyr-eabi/arm-zephyr-eabi/lib/thumb/v7e-m/nofp/libc.a(lib_a-readr.o)
                0x0000000060017458                _read_r
 .text.__ascii_wctomb
                0x0000000060017484       0x1c /Users/michaeljenz/zephyr-sdk-0.16.1/arm-zephyr-eabi/arm-zephyr-eabi/lib/thumb/v7e-m/nofp/libc.a(lib_a-wctomb_r.o)
                0x0000000060017484                __ascii_wctomb
 .text._OffsetAbsSyms
                0x00000000600174a0        0x2 zephyr/CMakeFiles/offsets.dir/./arch/arm/core/offsets/offsets.c.obj
                0x00000000600174a0                _OffsetAbsSyms
 .text.k_mutex_lock.constprop.0.isra.0
                0x00000000600174a2        0x4 app/libapp.a(main.c.obj)
 .text.k_mutex_unlock.isra.0
                0x00000000600174a6        0x4 app/libapp.a(main.c.obj)
 .text.k_sleep.isra.0
                0x00000000600174aa        0x4 app/libapp.a(main.c.obj)
 .text.k_msleep.isra.0
                0x00000000600174ae        0xa app/libapp.a(main.c.obj)
 .text.mean_val
                0x00000000600174b8       0x2e app/libapp.a(main.c.obj)
                0x00000000600174b8                mean_val
 .text.max_val  0x00000000600174e6       0x2c app/libapp.a(main.c.obj)
                0x00000000600174e6                max_val
 .text.min_val  0x0000000060017512       0x2c app/libapp.a(main.c.obj)
                0x0000000060017512                min_val
 .text.min_val_ranged
                0x000000006001753e       0x2e app/libapp.a(main.c.obj)
                0x000000006001753e                min_val_ranged
 .text.main     0x000000006001756c        0xc app/libapp.a(main.c.obj)
                0x000000006001756c                main
 .text.cbpprintf_external
                0x0000000060017578       0x62 zephyr/libzephyr.a(cbprintf_packaged.c.obj)
                0x0000000060017578                cbpprintf_external
 .text.is_ptr   0x00000000600175da       0x4a zephyr/libzephyr.a(cbprintf_packaged.c.obj)
                0x00000000600175da                is_ptr
 .text.arch_printk_char_out
                0x0000000060017624        0x4 zephyr/libzephyr.a(printk.c.obj)
                0x0000000060017624                arch_printk_char_out
 .text.str_out  0x0000000060017628       0x24 zephyr/libzephyr.a(printk.c.obj)
 .text.vprintk  0x000000006001764c        0x4 zephyr/libzephyr.a(printk.c.obj)
                0x000000006001764c                vprintk
 .text.printk   0x0000000060017650       0x1a zephyr/libzephyr.a(printk.c.obj)
                0x0000000060017650                printk
 .text.snprintk
                0x000000006001766a       0x1a zephyr/libzephyr.a(printk.c.obj)
                0x000000006001766a                snprintk
 .text.z_thread_entry
                0x0000000060017684       0x14 zephyr/libzephyr.a(thread_entry.c.obj)
                0x0000000060017684                z_thread_entry
 .text.chunk_field
                0x0000000060017698       0x16 zephyr/libzephyr.a(heap.c.obj)
 .text.chunk_set
                0x00000000600176ae       0x16 zephyr/libzephyr.a(heap.c.obj)
 .text.chunk_size
                0x00000000600176c4        0xc zephyr/libzephyr.a(heap.c.obj)
 .text.set_chunk_used
                0x00000000600176d0       0x30 zephyr/libzephyr.a(heap.c.obj)
 .text.set_chunk_size
                0x0000000060017700        0x8 zephyr/libzephyr.a(heap.c.obj)
 .text.mem_to_chunkid
                0x0000000060017708       0x14 zephyr/libzephyr.a(heap.c.obj)
 .text.bytes_to_chunksz.isra.0
                0x000000006001771c       0x14 zephyr/libzephyr.a(heap.c.obj)
 .text.bucket_idx.isra.0
                0x0000000060017730       0x18 zephyr/libzephyr.a(heap.c.obj)
 .text.free_list_remove_bidx
                0x0000000060017748       0x5c zephyr/libzephyr.a(heap.c.obj)
 .text.free_list_remove
                0x00000000600177a4       0x2e zephyr/libzephyr.a(heap.c.obj)
 .text.alloc_chunk
                0x00000000600177d2       0x74 zephyr/libzephyr.a(heap.c.obj)
 .text.split_chunks
                0x0000000060017846       0x4e zephyr/libzephyr.a(heap.c.obj)
 .text.merge_chunks
                0x0000000060017894       0x3c zephyr/libzephyr.a(heap.c.obj)
 .text.free_list_add
                0x00000000600178d0       0x84 zephyr/libzephyr.a(heap.c.obj)
 .text.free_chunk
                0x0000000060017954       0x84 zephyr/libzephyr.a(heap.c.obj)
 .text.sys_heap_alloc
                0x00000000600179d8       0x64 zephyr/libzephyr.a(heap.c.obj)
                0x00000000600179d8                sys_heap_alloc
 .text._ldiv5   0x0000000060017a3c       0x30 zephyr/libzephyr.a(cbprintf_complete.c.obj)
 .text._get_digit
                0x0000000060017a6c       0x2e zephyr/libzephyr.a(cbprintf_complete.c.obj)
 .text.outs     0x0000000060017a9a       0x2e zephyr/libzephyr.a(cbprintf_complete.c.obj)
 .text.ring_buf_put_claim
                0x0000000060017ac8       0x40 zephyr/libzephyr.a(ring_buffer.c.obj)
                0x0000000060017ac8                ring_buf_put_claim
 .text.ring_buf_put_finish
                0x0000000060017b08       0x2a zephyr/libzephyr.a(ring_buffer.c.obj)
                0x0000000060017b08                ring_buf_put_finish
 .text.ring_buf_get_claim
                0x0000000060017b32       0x3e zephyr/libzephyr.a(ring_buffer.c.obj)
                0x0000000060017b32                ring_buf_get_claim
 .text.ring_buf_get_finish
                0x0000000060017b70       0x2a zephyr/libzephyr.a(ring_buffer.c.obj)
                0x0000000060017b70                ring_buf_get_finish
 .text.assert_post_action
                0x0000000060017b9a        0xe zephyr/libzephyr.a(assert.c.obj)
                0x0000000060017b9a                assert_post_action
 .text.assert_print
                0x0000000060017ba8       0x1a zephyr/libzephyr.a(assert.c.obj)
                0x0000000060017ba8                assert_print
 .text.free_space
                0x0000000060017bc2       0x26 zephyr/libzephyr.a(mpsc_pbuf.c.obj)
 .text.get_usage
                0x0000000060017be8       0x22 zephyr/libzephyr.a(mpsc_pbuf.c.obj)
 .text.idx_inc  0x0000000060017c0a       0x1c zephyr/libzephyr.a(mpsc_pbuf.c.obj)
 .text.rd_idx_inc
                0x0000000060017c26       0x18 zephyr/libzephyr.a(mpsc_pbuf.c.obj)
 .text.add_skip_item
                0x0000000060017c3e       0x3a zephyr/libzephyr.a(mpsc_pbuf.c.obj)
 .text.drop_item_locked
                0x0000000060017c78       0xee zephyr/libzephyr.a(mpsc_pbuf.c.obj)
 .text.post_drop_action
                0x0000000060017d66       0x36 zephyr/libzephyr.a(mpsc_pbuf.c.obj)
 .text.max_utilization_update
                0x0000000060017d9c       0x1a zephyr/libzephyr.a(mpsc_pbuf.c.obj)
 .text.mpsc_pbuf_is_pending
                0x0000000060017db6       0x1a zephyr/libzephyr.a(mpsc_pbuf.c.obj)
                0x0000000060017db6                mpsc_pbuf_is_pending
 .text._ConfigAbsSyms
                0x0000000060017dd0        0x2 zephyr/libzephyr.a(configs.c.obj)
                0x0000000060017dd0                _ConfigAbsSyms
 .text.z_arm_platform_init
                0x0000000060017dd2        0x4 zephyr/libzephyr.a(soc_rt10xx.c.obj)
                0x0000000060017dd2                z_arm_platform_init
 .text.log_msg_generic_get_wlen
                0x0000000060017dd6       0x22 zephyr/libzephyr.a(log_core.c.obj)
 .text.dummy_timestamp
                0x0000000060017df8        0x4 zephyr/libzephyr.a(log_core.c.obj)
 .text.atomic_inc
                0x0000000060017dfc       0x1a zephyr/libzephyr.a(log_core.c.obj)
 .text.default_lf_get_timestamp
                0x0000000060017e16       0x10 zephyr/libzephyr.a(log_core.c.obj)
 .text.z_log_vprintk
                0x0000000060017e26       0x1c zephyr/libzephyr.a(log_core.c.obj)
                0x0000000060017e26                z_log_vprintk
 .text.z_log_notify_drop
                0x0000000060017e42        0x6 zephyr/libzephyr.a(log_core.c.obj)
 .text.z_log_get_tag
                0x0000000060017e48        0x4 zephyr/libzephyr.a(log_core.c.obj)
                0x0000000060017e48                z_log_get_tag
 .text.z_cbprintf_cpy
                0x0000000060017e4c       0x2c zephyr/libzephyr.a(log_msg.c.obj)
 .text.z_log_msg_finalize
                0x0000000060017e78       0x34 zephyr/libzephyr.a(log_msg.c.obj)
                0x0000000060017e78                z_log_msg_finalize
 .text.buffer_write
                0x0000000060017eac       0x1a zephyr/libzephyr.a(log_output.c.obj)
 .text.cbvprintf
                0x0000000060017ec6        0xe zephyr/libzephyr.a(log_output.c.obj)
 .text.log_output_flush
                0x0000000060017ed4       0x1a zephyr/libzephyr.a(log_output.c.obj)
                0x0000000060017ed4                log_output_flush
 .text.cr_out_func
                0x0000000060017eee       0x1c zephyr/libzephyr.a(log_output.c.obj)
 .text.z_log_msg_static_create.constprop.0
                0x0000000060017f0a        0x6 zephyr/libzephyr.a(usb_device.c.obj)
 .text.get_ep_bm_from_addr
                0x0000000060017f10       0x1e zephyr/libzephyr.a(usb_device.c.obj)
 .text.usb_get_dev_data_by_cfg
                0x0000000060017f2e       0x16 zephyr/libzephyr.a(usb_descriptor.c.obj)
                0x0000000060017f2e                usb_get_dev_data_by_cfg
 .text.usb_get_dev_data_by_iface
                0x0000000060017f44       0x1a zephyr/libzephyr.a(usb_descriptor.c.obj)
                0x0000000060017f44                usb_get_dev_data_by_iface
 .text.usb_get_dev_data_by_ep
                0x0000000060017f5e       0x2c zephyr/libzephyr.a(usb_descriptor.c.obj)
                0x0000000060017f5e                usb_get_dev_data_by_ep
 .text.usb_transfer_is_busy
                0x0000000060017f8a       0x16 zephyr/libzephyr.a(usb_transfer.c.obj)
                0x0000000060017f8a                usb_transfer_is_busy
 .text.cdc_interface_config
                0x0000000060017fa0       0x14 zephyr/libzephyr.a(cdc_acm.c.obj)
 .text.cdc_acm_irq_callback_work_handler
                0x0000000060017fb4        0xa zephyr/libzephyr.a(cdc_acm.c.obj)
 .text.cdc_acm_irq_tx_disable
                0x0000000060017fbe        0xa zephyr/libzephyr.a(cdc_acm.c.obj)
 .text.cdc_acm_irq_tx_ready
                0x0000000060017fc8        0xe zephyr/libzephyr.a(cdc_acm.c.obj)
 .text.cdc_acm_irq_rx_disable
                0x0000000060017fd6        0xa zephyr/libzephyr.a(cdc_acm.c.obj)
 .text.cdc_acm_irq_rx_ready
                0x0000000060017fe0        0x8 zephyr/libzephyr.a(cdc_acm.c.obj)
 .text.cdc_acm_irq_is_pending
                0x0000000060017fe8       0x1e zephyr/libzephyr.a(cdc_acm.c.obj)
 .text.cdc_acm_irq_update
                0x0000000060018006        0x4 zephyr/libzephyr.a(cdc_acm.c.obj)
 .text.cdc_acm_irq_callback_set
                0x000000006001800a        0x8 zephyr/libzephyr.a(cdc_acm.c.obj)
 .text.cdc_acm_configure
                0x0000000060018012        0x4 zephyr/libzephyr.a(cdc_acm.c.obj)
 .text.cdc_acm_config_get