Archive member included to satisfy reference by file (symbol)

app/libapp.a(data_profile.c.obj)
                              (--whole-archive)
app/libapp.a(ina_219.c.obj)   (--whole-archive)
app/libapp.a(main.c.obj)      (--whole-archive)
app/libapp.a(mpu_6050.c.obj)  (--whole-archive)
zephyr/libzephyr.a(cbprintf_packaged.c.obj)
                              (--whole-archive)
zephyr/libzephyr.a(dec.c.obj)
                              (--whole-archive)
zephyr/libzephyr.a(fdtable.c.obj)
                              (--whole-archive)
zephyr/libzephyr.a(hex.c.obj)
                              (--whole-archive)
zephyr/libzephyr.a(printk.c.obj)
                              (--whole-archive)
zephyr/libzephyr.a(rb.c.obj)  (--whole-archive)
zephyr/libzephyr.a(sem.c.obj)
                              (--whole-archive)
zephyr/libzephyr.a(thread_entry.c.obj)
                              (--whole-archive)
zephyr/libzephyr.a(timeutil.c.obj)
                              (--whole-archive)
zephyr/libzephyr.a(heap.c.obj)
                              (--whole-archive)
zephyr/libzephyr.a(heap-validate.c.obj)
                              (--whole-archive)
zephyr/libzephyr.a(bitarray.c.obj)
                              (--whole-archive)
zephyr/libzephyr.a(multi_heap.c.obj)
                              (--whole-archive)
zephyr/libzephyr.a(crc32c_sw.c.obj)
                              (--whole-archive)
zephyr/libzephyr.a(crc32_sw.c.obj)
                              (--whole-archive)
zephyr/libzephyr.a(crc16_sw.c.obj)
                              (--whole-archive)
zephyr/libzephyr.a(crc8_sw.c.obj)
                              (--whole-archive)
zephyr/libzephyr.a(crc7_sw.c.obj)
                              (--whole-archive)
zephyr/libzephyr.a(cbprintf_complete.c.obj)
                              (--whole-archive)
zephyr/libzephyr.a(cbprintf.c.obj)
                              (--whole-archive)
zephyr/libzephyr.a(ring_buffer.c.obj)
                              (--whole-archive)
zephyr/libzephyr.a(assert.c.obj)
                              (--whole-archive)
zephyr/libzephyr.a(mpsc_pbuf.c.obj)
                              (--whole-archive)
zephyr/libzephyr.a(configs.c.obj)
                              (--whole-archive)
zephyr/libzephyr.a(soc_rt10xx.c.obj)
                              (--whole-archive)
zephyr/libzephyr.a(log_core.c.obj)
                              (--whole-archive)
zephyr/libzephyr.a(log_mgmt.c.obj)
                              (--whole-archive)
zephyr/libzephyr.a(log_cache.c.obj)
                              (--whole-archive)
zephyr/libzephyr.a(log_msg.c.obj)
                              (--whole-archive)
zephyr/libzephyr.a(log_output.c.obj)
                              (--whole-archive)
zephyr/libzephyr.a(log_backend_uart.c.obj)
                              (--whole-archive)
zephyr/libzephyr.a(usb_device.c.obj)
                              (--whole-archive)
zephyr/libzephyr.a(usb_descriptor.c.obj)
                              (--whole-archive)
zephyr/libzephyr.a(usb_transfer.c.obj)
                              (--whole-archive)
zephyr/libzephyr.a(cdc_acm.c.obj)
                              (--whole-archive)
zephyr/libzephyr.a(usb_work_q.c.obj)
                              (--whole-archive)
zephyr/libzephyr.a(tracing_none.c.obj)
                              (--whole-archive)
zephyr/arch/common/libarch__common.a(sw_isr_common.c.obj)
                              (--whole-archive)
zephyr/arch/arch/arm/core/aarch32/libarch__arm__core__aarch32.a(cpu_idle.S.obj)
                              (--whole-archive)
zephyr/arch/arch/arm/core/aarch32/libarch__arm__core__aarch32.a(fatal.c.obj)
                              (--whole-archive)
zephyr/arch/arch/arm/core/aarch32/libarch__arm__core__aarch32.a(irq_manage.c.obj)
                              (--whole-archive)
zephyr/arch/arch/arm/core/aarch32/libarch__arm__core__aarch32.a(nmi.c.obj)
                              (--whole-archive)
zephyr/arch/arch/arm/core/aarch32/libarch__arm__core__aarch32.a(nmi_on_reset.S.obj)
                              (--whole-archive)
zephyr/arch/arch/arm/core/aarch32/libarch__arm__core__aarch32.a(prep_c.c.obj)
                              (--whole-archive)
zephyr/arch/arch/arm/core/aarch32/libarch__arm__core__aarch32.a(swap.c.obj)
                              (--whole-archive)
zephyr/arch/arch/arm/core/aarch32/libarch__arm__core__aarch32.a(swap_helper.S.obj)
                              (--whole-archive)
zephyr/arch/arch/arm/core/aarch32/libarch__arm__core__aarch32.a(thread.c.obj)
                              (--whole-archive)
zephyr/arch/arch/arm/core/aarch32/libarch__arm__core__aarch32.a(isr_wrapper.S.obj)
                              (--whole-archive)
zephyr/arch/arch/arm/core/aarch32/cortex_m/libarch__arm__core__aarch32__cortex_m.a(exc_exit.S.obj)
                              (--whole-archive)
zephyr/arch/arch/arm/core/aarch32/cortex_m/libarch__arm__core__aarch32__cortex_m.a(fault.c.obj)
[...]
Memory Configuration

Name             Origin             Length             Attributes
FLASH            0x0000000060000000 0x0000000000800000 xr
RAM              0x0000000020200000 0x00000000000c0000 xw
ITCM             0x0000000000000000 0x0000000000020000
DTCM             0x0000000020000000 0x0000000000020000
OCRAM            0x0000000020200000 0x00000000000c0000
IDT_LIST         0x00000000fffff7ff 0x0000000000000800 xw
*default*        0x0000000000000000 0xffffffffffffffff

Linker script and memory map

LOAD zephyr/CMakeFiles/zephyr_pre1.dir/misc/empty_file.c.obj
LOAD zephyr/CMakeFiles/zephyr_pre1.dir/dev_handles.c.obj
LOAD zephyr/CMakeFiles/offsets.dir/./arch/arm/core/offsets/offsets.c.obj
                0x0000000000000020                _region_min_align = 0x20

.rel.plt        0x0000000060000000        0x0
 *(SORT_BY_ALIGNMENT(.rel.plt))
                [!provide]                        PROVIDE (__rel_iplt_start = .)
 *(SORT_BY_ALIGNMENT(.rel.iplt))
 .rel.iplt      0x0000000060000000        0x0 app/libapp.a(ina_219.c.obj)
                [!provide]                        PROVIDE (__rel_iplt_end = .)

.rela.plt       0x0000000000000000        0x0
 *(SORT_BY_ALIGNMENT(.rela.plt))
                [!provide]                        PROVIDE (__rela_iplt_start = .)
 *(SORT_BY_ALIGNMENT(.rela.iplt))
                [!provide]                        PROVIDE (__rela_iplt_end = .)

.rel.dyn
 *(SORT_BY_ALIGNMENT(.rel.*))

.rela.dyn
 *(SORT_BY_ALIGNMENT(.rela.*))

/DISCARD/
 *(SORT_BY_ALIGNMENT(.plt))

/DISCARD/
 *(SORT_BY_ALIGNMENT(.iplt))
                0x0000000060000000                __rom_region_start = 0x60000000

rom_start       0x0000000060000000     0x22c0
                0x0000000000000000                . = 0x0
 *(SORT_BY_ALIGNMENT(.boot_hdr.conf))
 .boot_hdr.conf
                0x0000000060000000      0x200 zephyr/boards/arm/teensy4/libboards__arm__teensy4.a(flexspi_nor_config.c.obj)
                0x0000000060000000                Qspiflash_config
                0x0000000000001000                . = 0x1000
 *fill*         0x0000000060000200      0xe00 
 *(SORT_BY_ALIGNMENT(.boot_hdr.ivt))
 .boot_hdr.ivt  0x0000000060001000       0x20 zephyr/libzephyr.a(soc_rt10xx.c.obj)
                0x0000000060001000                image_vector_table
 *(SORT_BY_ALIGNMENT(.boot_hdr.data))
 .boot_hdr.data
                0x0000000060001020       0x10 zephyr/libzephyr.a(soc_rt10xx.c.obj)
                0x0000000060001020                boot_data
                0x0000000000002000                . = 0x2000
 *fill*         0x0000000060001030      0xfd0 
                0x0000000060002000                . = ALIGN (0x4)
                0x0000000060002000                . = ALIGN (0x80)
                0x0000000060002000                . = ALIGN (0x400)
                0x0000000060002000                _vector_start = .
 *(SORT_BY_ALIGNMENT(.exc_vector_table))
 *(SORT_BY_ALIGNMENT(.exc_vector_table.*))
 .exc_vector_table._vector_table_section
                0x0000000060002000       0x40 zephyr/arch/arch/arm/core/aarch32/cortex_m/libarch__arm__core__aarch32__cortex_m.a(vector_table.S.obj)
                0x0000000060002000                _vector_table
 *(SORT_BY_ALIGNMENT(.vectors))
                0x00000000600022c0                _vector_end = .
                0x0000000060002040                . = ALIGN (0x4)
 *(SORT_BY_ALIGNMENT(.gnu.linkonce.irq_vector_table*))
 .gnu.linkonce.irq_vector_table
                0x0000000060002040      0x280 zephyr/arch/common/libisr_tables.a(isr_tables.c.obj)
                0x0000000060002040                _irq_vector_table
                0x00000000600022c0                _vector_end = .

text            0x00000000600022c0    0x174dc
                0x00000000600022c0                __text_region_start = .
 *(SORT_BY_ALIGNMENT(.text))
 .text          0x00000000600022c0       0xdc /Users/michaeljenz/zephyr-sdk-0.16.1/arm-zephyr-eabi/arm-zephyr-eabi/lib/thumb/v7e-m/nofp/libc.a(lib_a-strlen.o)
                0x00000000600022c0                strlen
 *fill*         0x000000006000239c        0x4 
 .text          0x00000000600023a0      0x2dc /Users/michaeljenz/zephyr-sdk-0.16.1/arm-zephyr-eabi/arm-zephyr-eabi/lib/thumb/v7e-m/nofp/libc.a(lib_a-strcmp.o)
                0x00000000600023a8                strcmp
 *fill*         0x000000006000267c        0x4 
 .text          0x0000000060002680       0xa0 /Users/michaeljenz/zephyr-sdk-0.16.1/arm-zephyr-eabi/arm-zephyr-eabi/lib/thumb/v7e-m/nofp/libc.a(lib_a-memchr.o)
                0x0000000060002680                memchr
 .text          0x0000000060002720      0x378 /Users/michaeljenz/zephyr-sdk-0.16.1/arm-zephyr-eabi/bin/../lib/gcc/arm-zephyr-eabi/12.2.0/thumb/v7e-m/nofp/libgcc.a(_arm_addsubdf3.o)
                0x0000000060002720                __aeabi_drsub
                0x0000000060002728                __subdf3
                0x0000000060002728                __aeabi_dsub
                0x000000006000272c                __aeabi_dadd
                0x000000006000272c                __adddf3
                0x00000000600029a4                __aeabi_ui2d
                0x00000000600029a4                __floatunsidf
                0x00000000600029c4                __floatsidf
                0x00000000600029c4                __aeabi_i2d
                0x00000000600029e8                __extendsfdf2
                0x00000000600029e8                __aeabi_f2d
                0x0000000060002a2c                __aeabi_ul2d
                0x0000000060002a2c                __floatundidf
                0x0000000060002a3c                __aeabi_l2d
                0x0000000060002a3c                __floatdidf
 .text          0x0000000060002a98      0x424 /Users/michaeljenz/zephyr-sdk-0.16.1/arm-zephyr-eabi/bin/../lib/gcc/arm-zephyr-eabi/12.2.0/thumb/v7e-m/nofp/libgcc.a(_arm_muldivdf3.o)
                0x0000000060002a98                __aeabi_dmul
                0x0000000060002a98                __muldf3
                0x0000000060002cec                __aeabi_ddiv
                0x0000000060002cec                __divdf3
 .text          0x0000000060002ebc      0x110 /Users/michaeljenz/zephyr-sdk-0.16.1/arm-zephyr-eabi/bin/../lib/gcc/arm-zephyr-eabi/12.2.0/thumb/v7e-m/nofp/libgcc.a(_arm_cmpdf2.o)
                0x0000000060002ebc                __gedf2
                0x0000000060002ebc                __gtdf2
                0x0000000060002ec4                __ledf2
                0x0000000060002ec4                __ltdf2
                0x0000000060002ecc                __cmpdf2
                0x0000000060002ecc                __eqdf2
                0x0000000060002ecc                __nedf2
                0x0000000060002f48                __aeabi_cdrcmple
                0x0000000060002f58                __aeabi_cdcmple
                0x0000000060002f58                __aeabi_cdcmpeq
                0x0000000060002f68                __aeabi_dcmpeq
                0x0000000060002f7c                __aeabi_dcmplt
                0x0000000060002f90                __aeabi_dcmple
                0x0000000060002fa4                __aeabi_dcmpge
                0x0000000060002fb8                __aeabi_dcmpgt
 .text          0x0000000060002fcc       0x50 /Users/michaeljenz/zephyr-sdk-0.16.1/arm-zephyr-eabi/bin/../lib/gcc/arm-zephyr-eabi/12.2.0/thumb/v7e-m/nofp/libgcc.a(_arm_fixdfsi.o)
                0x0000000060002fcc                __fixdfsi
                0x0000000060002fcc                __aeabi_d2iz
 .text          0x000000006000301c       0xa0 /Users/michaeljenz/zephyr-sdk-0.16.1/arm-zephyr-eabi/bin/../lib/gcc/arm-zephyr-eabi/12.2.0/thumb/v7e-m/nofp/libgcc.a(_arm_truncdfsf2.o)
                0x000000006000301c                __aeabi_d2f
                0x000000006000301c                __truncdfsf2
 .text          0x00000000600030bc      0x21c /Users/michaeljenz/zephyr-sdk-0.16.1/arm-zephyr-eabi/bin/../lib/gcc/arm-zephyr-eabi/12.2.0/thumb/v7e-m/nofp/libgcc.a(_arm_addsubsf3.o)
                0x00000000600030bc                __aeabi_frsub
                0x00000000600030c4                __aeabi_fsub
                0x00000000600030c4                __subsf3
                0x00000000600030c8                __aeabi_fadd
                0x00000000600030c8                __addsf3
                0x0000000060003228                __aeabi_ui2f
                0x0000000060003228                __floatunsisf
                0x0000000060003230                __floatsisf
                0x0000000060003230                __aeabi_i2f
                0x000000006000324c                __aeabi_ul2f
                0x000000006000324c                __floatundisf
                0x000000006000325c                __aeabi_l2f
                0x000000006000325c                __floatdisf
 .text          0x00000000600032d8      0x2a0 /Users/michaeljenz/zephyr-sdk-0.16.1/arm-zephyr-eabi/bin/../lib/gcc/arm-zephyr-eabi/12.2.0/thumb/v7e-m/nofp/libgcc.a(_arm_muldivsf3.o)
                0x00000000600032d8                __mulsf3
                0x00000000600032d8                __aeabi_fmul
                0x0000000060003440                __divsf3
                0x0000000060003440                __aeabi_fdiv
 .text          0x0000000060003578       0xec /Users/michaeljenz/zephyr-sdk-0.16.1/arm-zephyr-eabi/bin/../lib/gcc/arm-zephyr-eabi/12.2.0/thumb/v7e-m/nofp/libgcc.a(_arm_cmpsf2.o)
                0x0000000060003578                __gesf2
                0x0000000060003578                __gtsf2
                0x0000000060003580                __ltsf2
                0x0000000060003580                __lesf2
                0x0000000060003588                __nesf2
                0x0000000060003588                __eqsf2
                0x0000000060003588                __cmpsf2
                0x00000000600035e8                __aeabi_cfrcmple
                0x00000000600035f0                __aeabi_cfcmpeq
                0x00000000600035f0                __aeabi_cfcmple
                0x0000000060003600                __aeabi_fcmpeq
                0x0000000060003614                __aeabi_fcmplt
                0x0000000060003628                __aeabi_fcmple
                0x000000006000363c                __aeabi_fcmpge
                0x0000000060003650                __aeabi_fcmpgt
 .text          0x0000000060003664       0x40 /Users/michaeljenz/zephyr-sdk-0.16.1/arm-zephyr-eabi/bin/../lib/gcc/arm-zephyr-eabi/12.2.0/thumb/v7e-m/nofp/libgcc.a(_arm_fixunssfsi.o)
                0x0000000060003664                __aeabi_f2uiz
                0x0000000060003664                __fixunssfsi
 .text          0x00000000600036a4       0xa0 /Users/michaeljenz/zephyr-sdk-0.16.1/arm-zephyr-eabi/bin/../lib/gcc/arm-zephyr-eabi/12.2.0/thumb/v7e-m/nofp/libgcc.a(_aeabi_ldivmod.o)
                0x00000000600036a4                __aeabi_ldivmod
 .text          0x0000000060003744       0x30 /Users/michaeljenz/zephyr-sdk-0.16.1/arm-zephyr-eabi/bin/../lib/gcc/arm-zephyr-eabi/12.2.0/thumb/v7e-m/nofp/libgcc.a(_aeabi_uldivmod.o)
                0x0000000060003744                __aeabi_uldivmod
 .text          0x0000000060003774        0x4 /Users/michaeljenz/zephyr-sdk-0.16.1/arm-zephyr-eabi/bin/../lib/gcc/arm-zephyr-eabi/12.2.0/thumb/v7e-m/nofp/libgcc.a(_dvmd_tls.o)
                0x0000000060003774                __aeabi_ldiv0
                0x0000000060003774                __aeabi_idiv0
 .text          0x0000000060003778      0x134 /Users/michaeljenz/zephyr-sdk-0.16.1/arm-zephyr-eabi/arm-zephyr-eabi/lib/thumb/v7e-m/nofp/libc.a(lib_a-memcpy.o)
                0x0000000060003778                memcpy
 .text          0x00000000600038ac       0x2c /Users/michaeljenz/zephyr-sdk-0.16.1/arm-zephyr-eabi/bin/../lib/gcc/arm-zephyr-eabi/12.2.0/thumb/v7e-m/nofp/libgcc.a(_arm_unorddf2.o)
                0x00000000600038ac                __aeabi_dcmpun
                0x00000000600038ac                __unorddf2
 .text          0x00000000600038d8      0x2a0 /Users/michaeljenz/zephyr-sdk-0.16.1/arm-zephyr-eabi/bin/../lib/gcc/arm-zephyr-eabi/12.2.0/thumb/v7e-m/nofp/libgcc.a(_udivmoddi4.o)
                0x00000000600038d8                __udivmoddi4
 *(SORT_BY_ALIGNMENT(.text.*))
 .text.pwm_set_pulse_dt
                0x0000000060003b78       0xac app/libapp.a(main.c.obj)
 *fill*         0x0000000060003c24        0x4 
 .text.torque_profile_signals
                0x0000000060003c28       0xf4 app/libapp.a(main.c.obj)
                0x0000000060003c28                torque_profile_signals
 *fill*         0x0000000060003d1c        0x4 
 .text.position_control
                0x0000000060003d20      0x120 app/libapp.a(main.c.obj)
                0x0000000060003d20                position_control
 .text.current_control
                0x0000000060003e40      0x1f8 app/libapp.a(main.c.obj)
                0x0000000060003e40                current_control
 .text.mpu_sensor_read
                0x0000000060004038      0x2b0 app/libapp.a(main.c.obj)
                0x0000000060004038                mpu_sensor_read
 .text.ina219_channel_get
                0x00000000600042e8       0xfc zephyr/drivers/sensor/ina219/libdrivers__sensor__ina219.a(ina219.c.obj)
 *fill*         0x00000000600043e4        0x4 
 .text.__ieee754_pow
                0x00000000600043e8      0xb0c /Users/michaeljenz/zephyr-sdk-0.16.1/arm-zephyr-eabi/arm-zephyr-eabi/lib/thumb/v7e-m/nofp/libm.a(lib_a-e_pow.o)
                0x00000000600043e8                __ieee754_pow
 *fill*         0x0000000060004ef4        0x4 
 .text.scalbn   0x0000000060004ef8       0xdc /Users/michaeljenz/zephyr-sdk-0.16.1/arm-zephyr-eabi/arm-zephyr-eabi/lib/thumb/v7e-m/nofp/libm.a(lib_a-s_scalbn.o)
                0x0000000060004ef8                scalbn
 *fill*         0x0000000060004fd4        0x4 
 .text._dtoa_r  0x0000000060004fd8      0xe48 /Users/michaeljenz/zephyr-sdk-0.16.1/arm-zephyr-eabi/arm-zephyr-eabi/lib/thumb/v7e-m/nofp/libc.a(lib_a-dtoa.o)
                0x0000000060004fd8                _dtoa_r
 .text.process_ina219
                0x0000000060005e20       0x48 app/libapp.a(ina_219.c.obj)
                0x0000000060005e20                process_ina219
 .text.read_pot_adc
                0x0000000060005e68      0x100 app/libapp.a(main.c.obj)
                0x0000000060005e68                read_pot_adc
 .text.base_swing
                0x0000000060005f68       0x8c app/libapp.a(main.c.obj)
                0x0000000060005f68                base_swing
 .text.controlled_swing
                0x0000000060005ff4       0xd8 app/libapp.a(main.c.obj)
                0x0000000060005ff4                controlled_swing
 .text.motor_control
                0x00000000600060cc       0x80 app/libapp.a(main.c.obj)
                0x00000000600060cc                motor_control
 .text.sensors_init
                0x000000006000614c       0x60 app/libapp.a(main.c.obj)
                0x000000006000614c                sensors_init
 .text.ina_sensor_read
                0x00000000600061ac       0x28 app/libapp.a(main.c.obj)
                0x00000000600061ac                ina_sensor_read
 .text.process_mpu6050
                0x00000000600061d4       0x68 app/libapp.a(mpu_6050.c.obj)
                0x00000000600061d4                process_mpu6050
 .text.cbvprintf_package
                0x000000006000623c      0x43c zephyr/libzephyr.a(cbprintf_packaged.c.obj)
                0x000000006000623c                cbvprintf_package
 .text.cbprintf_package_convert
                0x0000000060006678      0x468 zephyr/libzephyr.a(cbprintf_packaged.c.obj)
                0x0000000060006678                cbprintf_package_convert
 .text.__printk_hook_install
                0x0000000060006ae0        0xc zephyr/libzephyr.a(printk.c.obj)
                0x0000000060006ae0                __printk_hook_install
 .text.vsnprintk
                0x0000000060006aec       0x2c zephyr/libzephyr.a(printk.c.obj)
                0x0000000060006aec                vsnprintk
 .text.sys_heap_free
                0x0000000060006b18       0x9c zephyr/libzephyr.a(heap.c.obj)
                0x0000000060006b18                sys_heap_free
 .text.sys_heap_aligned_alloc
                0x0000000060006bb4      0x118 zephyr/libzephyr.a(heap.c.obj)
                0x0000000060006bb4                sys_heap_aligned_alloc
 .text.sys_heap_init
                0x0000000060006ccc      0x12c zephyr/libzephyr.a(heap.c.obj)
                0x0000000060006ccc                sys_heap_init
 .text.extract_decimal
                0x0000000060006df8       0x2c zephyr/libzephyr.a(cbprintf_complete.c.obj)
 .text.encode_uint
                0x0000000060006e24       0x98 zephyr/libzephyr.a(cbprintf_complete.c.obj)
 .text.z_cbvprintf_impl
                0x0000000060006ebc      0xcd4 zephyr/libzephyr.a(cbprintf_complete.c.obj)
                0x0000000060006ebc                z_cbvprintf_impl
 .text.ring_buf_put
                0x0000000060007b90       0x60 zephyr/libzephyr.a(ring_buffer.c.obj)
                0x0000000060007b90                ring_buf_put
 .text.ring_buf_get
                0x0000000060007bf0       0x64 zephyr/libzephyr.a(ring_buffer.c.obj)
                0x0000000060007bf0                ring_buf_get
 .text.mpsc_pbuf_init
                0x0000000060007c54       0x64 zephyr/libzephyr.a(mpsc_pbuf.c.obj)
                0x0000000060007c54                mpsc_pbuf_init
 .text.mpsc_pbuf_alloc
                0x0000000060007cb8      0x180 zephyr/libzephyr.a(mpsc_pbuf.c.obj)
                0x0000000060007cb8                mpsc_pbuf_alloc
 .text.mpsc_pbuf_commit
                0x0000000060007e38       0xac zephyr/libzephyr.a(mpsc_pbuf.c.obj)
                0x0000000060007e38                mpsc_pbuf_commit
 .text.mpsc_pbuf_claim
                0x0000000060007ee4      0x110 zephyr/libzephyr.a(mpsc_pbuf.c.obj)
                0x0000000060007ee4                mpsc_pbuf_claim
 .text.mpsc_pbuf_free
                0x0000000060007ff4       0xe0 zephyr/libzephyr.a(mpsc_pbuf.c.obj)
                0x0000000060007ff4                mpsc_pbuf_free
 .text.imxrt_init
                0x00000000600080d4      0x16c zephyr/libzephyr.a(soc_rt10xx.c.obj)
 .text.enable_logger
                0x0000000060008240       0x5c zephyr/libzephyr.a(log_core.c.obj)
 .text.activate_foreach_backend
                0x000000006000829c       0x64 zephyr/libzephyr.a(log_core.c.obj)
 .text.z_log_init
                0x0000000060008300       0xdc zephyr/libzephyr.a(log_core.c.obj)
 .text.log_process_thread_timer_expiry_fn
                0x00000000600083dc        0xc zephyr/libzephyr.a(log_core.c.obj)
 .text.log_format_func_t_get
                0x00000000600083e8        0xc zephyr/libzephyr.a(log_core.c.obj)
                0x00000000600083e8                log_format_func_t_get
 .text.log_set_timestamp_func
                0x00000000600083f4       0x20 zephyr/libzephyr.a(log_core.c.obj)
                0x00000000600083f4                log_set_timestamp_func
 .text.z_log_notify_backend_enabled
                0x0000000060008414       0x1c zephyr/libzephyr.a(log_core.c.obj)
                0x0000000060008414                z_log_notify_backend_enabled
 .text.z_log_dropped
                0x0000000060008430       0x30 zephyr/libzephyr.a(log_core.c.obj)
                0x0000000060008430                z_log_dropped
 .text.z_log_dropped_read_and_clear
                0x0000000060008460       0x20 zephyr/libzephyr.a(log_core.c.obj)
                0x0000000060008460                z_log_dropped_read_and_clear
 .text.dropped_notify
                0x0000000060008480       0x60 zephyr/libzephyr.a(log_core.c.obj)
                0x0000000060008480                dropped_notify
 .text.z_log_msg_init
                0x00000000600084e0       0x20 zephyr/libzephyr.a(log_core.c.obj)
                0x00000000600084e0                z_log_msg_init
 .text.log_core_init
                0x0000000060008500       0x34 zephyr/libzephyr.a(log_core.c.obj)
                0x0000000060008500                log_core_init
 .text.z_log_msg_alloc
                0x0000000060008534       0x10 zephyr/libzephyr.a(log_core.c.obj)
                0x0000000060008534                z_log_msg_alloc
 .text.z_log_msg_local_claim
                0x0000000060008544        0xc zephyr/libzephyr.a(log_core.c.obj)
                0x0000000060008544                z_log_msg_local_claim
 .text.z_log_msg_free
                0x0000000060008550       0x10 zephyr/libzephyr.a(log_core.c.obj)
                0x0000000060008550                z_log_msg_free
 .text.z_log_msg_pending
                0x0000000060008560        0xc zephyr/libzephyr.a(log_core.c.obj)
                0x0000000060008560                z_log_msg_pending
 .text.z_impl_log_process
                0x000000006000856c       0xe0 zephyr/libzephyr.a(log_core.c.obj)
                0x000000006000856c                z_impl_log_process
 .text.z_impl_log_panic
                0x000000006000864c       0x74 zephyr/libzephyr.a(log_core.c.obj)
                0x000000006000864c                z_impl_log_panic
 .text.log_process_thread_func
                0x00000000600086c0       0xec zephyr/libzephyr.a(log_core.c.obj)
 .text.z_log_msg_post_finalize
                0x00000000600087ac       0xe0 zephyr/libzephyr.a(log_core.c.obj)
 .text.z_log_msg_commit
                0x000000006000888c       0x24 zephyr/libzephyr.a(log_core.c.obj)
                0x000000006000888c                z_log_msg_commit
 .text.log_source_name_get
                0x00000000600088b0       0x1c zephyr/libzephyr.a(log_mgmt.c.obj)
                0x00000000600088b0                log_source_name_get
 .text.log_backend_enable
                0x00000000600088cc       0x4c zephyr/libzephyr.a(log_mgmt.c.obj)
                0x00000000600088cc                log_backend_enable
 .text.z_impl_z_log_msg_static_create
                0x0000000060008918       0xcc zephyr/libzephyr.a(log_msg.c.obj)
                0x0000000060008918                z_impl_z_log_msg_static_create
 .text.z_impl_z_log_msg_runtime_vcreate
                0x00000000600089e4       0xc8 zephyr/libzephyr.a(log_msg.c.obj)
                0x00000000600089e4                z_impl_z_log_msg_runtime_vcreate
 .text.print_formatted
                0x0000000060008aac       0x24 zephyr/libzephyr.a(log_output.c.obj)
 .text.newline_print
                0x0000000060008ad0       0x1c zephyr/libzephyr.a(log_output.c.obj)
 .text.out_func
                0x0000000060008aec       0x60 zephyr/libzephyr.a(log_output.c.obj)
 .text.log_output_process
                0x0000000060008b4c      0x2d0 zephyr/libzephyr.a(log_output.c.obj)
                0x0000000060008b4c                log_output_process
 .text.log_output_msg_process
                0x0000000060008e1c       0x70 zephyr/libzephyr.a(log_output.c.obj)
                0x0000000060008e1c                log_output_msg_process
 .text.log_output_dropped_process
                0x0000000060008e8c       0x58 zephyr/libzephyr.a(log_output.c.obj)
                0x0000000060008e8c                log_output_dropped_process
 .text.log_output_timestamp_freq_set
                0x0000000060008ee4       0x2c zephyr/libzephyr.a(log_output.c.obj)
                0x0000000060008ee4                log_output_timestamp_freq_set
 .text.format_set
                0x0000000060008f10        0xc zephyr/libzephyr.a(log_backend_uart.c.obj)
 .text.panic    0x0000000060008f1c       0x14 zephyr/libzephyr.a(log_backend_uart.c.obj)
 .text.dropped  0x0000000060008f30        0xc zephyr/libzephyr.a(log_backend_uart.c.obj)
 .text.process  0x0000000060008f3c       0x24 zephyr/libzephyr.a(log_backend_uart.c.obj)
 .text.char_out
                0x0000000060008f60       0x24 zephyr/libzephyr.a(log_backend_uart.c.obj)
 .text.log_backend_uart_init
                0x0000000060008f84       0x30 zephyr/libzephyr.a(log_backend_uart.c.obj)
 .text.custom_handler
                0x0000000060008fb4       0x90 zephyr/libzephyr.a(usb_device.c.obj)
 .text.class_handler
                0x0000000060009044       0x74 zephyr/libzephyr.a(usb_device.c.obj)
 .text.usb_reset_alt_setting
                0x00000000600090b8       0x10 zephyr/libzephyr.a(usb_device.c.obj)
 .text.vendor_handler
                0x00000000600090c8       0x6c zephyr/libzephyr.a(usb_device.c.obj)
 .text.is_ep_valid
                0x0000000060009134       0x6c zephyr/libzephyr.a(usb_device.c.obj)
 .text.usb_handle_request.constprop.0
                0x00000000600091a0       0x2c zephyr/libzephyr.a(usb_device.c.obj)
 .text.usb_device_init.part.0
                0x00000000600091cc       0x28 zephyr/libzephyr.a(usb_device.c.obj)
 .text.get_ep_bm_from_addr.part.0
                0x00000000600091f4       0x2c zephyr/libzephyr.a(usb_device.c.obj)
 .text.disable_endpoint
                0x0000000060009220       0x80 zephyr/libzephyr.a(usb_device.c.obj)
 .text.forward_status_cb
                0x00000000600092a0       0xfc zephyr/libzephyr.a(usb_device.c.obj)
 .text.usb_halt_endpoint_req.isra.0
                0x000000006000939c       0xac zephyr/libzephyr.a(usb_device.c.obj)
 .text.set_endpoint
                0x0000000060009448      0x100 zephyr/libzephyr.a(usb_device.c.obj)
 .text.usb_handle_standard_request
                0x0000000060009548      0x29c zephyr/libzephyr.a(usb_device.c.obj)
 .text.usb_write
                0x00000000600097e4       0x64 zephyr/libzephyr.a(usb_device.c.obj)
                0x00000000600097e4                usb_write
 .text.usb_data_to_host
                0x0000000060009848       0x54 zephyr/libzephyr.a(usb_device.c.obj)
 .text.usb_handle_control_transfer
                0x000000006000989c      0x124 zephyr/libzephyr.a(usb_device.c.obj)
 .text.usb_set_config
                0x00000000600099c0       0x2c zephyr/libzephyr.a(usb_device.c.obj)
                0x00000000600099c0                usb_set_config
 .text.usb_device_init
                0x00000000600099ec       0x2c zephyr/libzephyr.a(usb_device.c.obj)
 .text.usb_enable
                0x0000000060009a18      0x158 zephyr/libzephyr.a(usb_device.c.obj)
                0x0000000060009a18                usb_enable
 .text.usb_update_sn_string_descriptor
                0x0000000060009b70       0x8c zephyr/libzephyr.a(usb_descriptor.c.obj)
                0x0000000060009b70                usb_update_sn_string_descriptor
 .text.usb_get_device_descriptor
                0x0000000060009bfc      0x294 zephyr/libzephyr.a(usb_descriptor.c.obj)
                0x0000000060009bfc                usb_get_device_descriptor
 .text.usb_ep_get_transfer
                0x0000000060009e90       0x28 zephyr/libzephyr.a(usb_transfer.c.obj)
 .text.usb_transfer_work
                0x0000000060009eb8      0x164 zephyr/libzephyr.a(usb_transfer.c.obj)
 .text.usb_transfer_ep_callback
                0x000000006000a01c       0x78 zephyr/libzephyr.a(usb_transfer.c.obj)
                0x000000006000a01c                usb_transfer_ep_callback
 .text.usb_transfer
                0x000000006000a094      0x144 zephyr/libzephyr.a(usb_transfer.c.obj)
                0x000000006000a094                usb_transfer
 .text.usb_cancel_transfer
                0x000000006000a1d8       0x3c zephyr/libzephyr.a(usb_transfer.c.obj)
                0x000000006000a1d8                usb_cancel_transfer
 .text.usb_cancel_transfers
                0x000000006000a214       0x48 zephyr/libzephyr.a(usb_transfer.c.obj)
                0x000000006000a214                usb_cancel_transfers
 .text.usb_transfer_init
                0x000000006000a25c       0x30 zephyr/libzephyr.a(usb_transfer.c.obj)
                0x000000006000a25c                usb_transfer_init
 .text.cdc_acm_int_in
                0x000000006000a28c       0x18 zephyr/libzephyr.a(cdc_acm.c.obj)
 .text.cdc_acm_irq_rx_enable
                0x000000006000a2a4       0x20 zephyr/libzephyr.a(cdc_acm.c.obj)
 .text.cdc_acm_irq_tx_enable
                0x000000006000a2c4       0x20 zephyr/libzephyr.a(cdc_acm.c.obj)
 .text.cdc_acm_fifo_fill
                0x000000006000a2e4       0x38 zephyr/libzephyr.a(cdc_acm.c.obj)
 .text.cdc_acm_poll_out
                0x000000006000a31c       0x64 zephyr/libzephyr.a(cdc_acm.c.obj)
 .text.tx_work_handler
                0x000000006000a380       0x60 zephyr/libzephyr.a(cdc_acm.c.obj)
 .text.cdc_acm_class_handle_req
                0x000000006000a3e0       0x64 zephyr/libzephyr.a(cdc_acm.c.obj)
                0x000000006000a3e0                cdc_acm_class_handle_req
 .text.cdc_acm_reset_port
                0x000000006000a444       0x3c zephyr/libzephyr.a(cdc_acm.c.obj)
 .text.cdc_acm_write_cb
                0x000000006000a480       0x44 zephyr/libzephyr.a(cdc_acm.c.obj)
 .text.cdc_acm_init
                0x000000006000a4c4       0x48 zephyr/libzephyr.a(cdc_acm.c.obj)
 .text.cdc_acm_read_cb
                0x000000006000a50c       0x70 zephyr/libzephyr.a(cdc_acm.c.obj)
 .text.cdc_acm_dev_status_cb
                0x000000006000a57c       0x88 zephyr/libzephyr.a(cdc_acm.c.obj)
 .text.z_usb_work_q_init
                0x000000006000a604       0x34 zephyr/libzephyr.a(usb_work_q.c.obj)
 .text.z_arm_cpu_idle_init
                0x000000006000a638        0xc zephyr/arch/arch/arm/core/aarch32/libarch__arm__core__aarch32.a(cpu_idle.S.obj)
                0x000000006000a638                z_arm_cpu_idle_init
 .text.arch_cpu_idle
                0x000000006000a644       0x1c zephyr/arch/arch/arm/core/aarch32/libarch__arm__core__aarch32.a(cpu_idle.S.obj)
                0x000000006000a644                arch_cpu_idle
 .text.z_arm_fatal_error
                0x000000006000a660       0xcc zephyr/arch/arch/arm/core/aarch32/libarch__arm__core__aarch32.a(fatal.c.obj)
                0x000000006000a660                z_arm_fatal_error
 .text.arch_irq_enable
                0x000000006000a72c       0x1c zephyr/arch/arch/arm/core/aarch32/libarch__arm__core__aarch32.a(irq_manage.c.obj)
                0x000000006000a72c                arch_irq_enable
 .text.z_arm_irq_priority_set
                0x000000006000a748       0x64 zephyr/arch/arch/arm/core/aarch32/libarch__arm__core__aarch32.a(irq_manage.c.obj)
                0x000000006000a748                z_arm_irq_priority_set
 .text.z_SysNmiOnReset
                0x000000006000a7ac        0x8 zephyr/arch/arch/arm/core/aarch32/libarch__arm__core__aarch32.a(nmi_on_reset.S.obj)
                0x000000006000a7ac                z_SysNmiOnReset
 .text.z_arm_prep_c
                0x000000006000a7b4       0x48 zephyr/arch/arch/arm/core/aarch32/libarch__arm__core__aarch32.a(prep_c.c.obj)
                0x000000006000a7b4                z_arm_prep_c
 .text.arch_swap
                0x000000006000a7fc       0x34 zephyr/arch/arch/arm/core/aarch32/libarch__arm__core__aarch32.a(swap.c.obj)
                0x000000006000a7fc                arch_swap
 .text.z_arm_pendsv
                0x000000006000a830       0x54 zephyr/arch/arch/arm/core/aarch32/libarch__arm__core__aarch32.a(swap_helper.S.obj)
                0x000000006000a830                z_arm_pendsv
 .text.z_arm_svc
                0x000000006000a884       0x20 zephyr/arch/arch/arm/core/aarch32/libarch__arm__core__aarch32.a(swap_helper.S.obj)
                0x000000006000a884                z_arm_svc
 .text.arch_new_thread
                0x000000006000a8a4       0x2c zephyr/arch/arch/arm/core/aarch32/libarch__arm__core__aarch32.a(thread.c.obj)
                0x000000006000a8a4                arch_new_thread
 .text.z_check_thread_stack_fail
                0x000000006000a8d0       0x2c zephyr/arch/arch/arm/core/aarch32/libarch__arm__core__aarch32.a(thread.c.obj)
                0x000000006000a8d0                z_check_thread_stack_fail
 .text.arch_switch_to_main_thread
                0x000000006000a8fc       0x2c zephyr/arch/arch/arm/core/aarch32/libarch__arm__core__aarch32.a(thread.c.obj)
                0x000000006000a8fc                arch_switch_to_main_thread
 .text._isr_wrapper
                0x000000006000a928       0x28 zephyr/arch/arch/arm/core/aarch32/libarch__arm__core__aarch32.a(isr_wrapper.S.obj)
                0x000000006000a928                _isr_wrapper
 .text._HandlerModeExit
                0x000000006000a950       0x1c zephyr/arch/arch/arm/core/aarch32/cortex_m/libarch__arm__core__aarch32__cortex_m.a(exc_exit.S.obj)
                0x000000006000a950                z_arm_exc_exit
                0x000000006000a950                z_arm_int_exit
 .text.bus_fault.constprop.0
                0x000000006000a96c      0x154 zephyr/arch/arch/arm/core/aarch32/cortex_m/libarch__arm__core__aarch32__cortex_m.a(fault.c.obj)
 .text.usage_fault.constprop.0
                0x000000006000aac0      0x104 zephyr/arch/arch/arm/core/aarch32/cortex_m/libarch__arm__core__aarch32__cortex_m.a(fault.c.obj)
 .text.mem_manage_fault
                0x000000006000abc4      0x1ac zephyr/arch/arch/arm/core/aarch32/cortex_m/libarch__arm__core__aarch32__cortex_m.a(fault.c.obj)
 .text.z_arm_fault
                0x000000006000ad70      0x290 zephyr/arch/arch/arm/core/aarch32/cortex_m/libarch__arm__core__aarch32__cortex_m.a(fault.c.obj)
                0x000000006000ad70                z_arm_fault
 .text.z_arm_fault_init
                0x000000006000b000       0x10 zephyr/arch/arch/arm/core/aarch32/cortex_m/libarch__arm__core__aarch32__cortex_m.a(fault.c.obj)
                0x000000006000b000                z_arm_fault_init
 .text.__fault  0x000000006000b010       0x14 zephyr/arch/arch/arm/core/aarch32/cortex_m/libarch__arm__core__aarch32__cortex_m.a(fault_s.S.obj)
                0x000000006000b010                z_arm_bus_fault
                0x000000006000b010                z_arm_usage_fault
                0x000000006000b010                z_arm_mpu_fault
                0x000000006000b010                z_arm_exc_spurious
                0x000000006000b010                z_arm_debug_monitor
                0x000000006000b010                z_arm_hard_fault
 .text.z_arm_interrupt_init
                0x000000006000b024       0x18 zephyr/arch/arch/arm/core/aarch32/cortex_m/libarch__arm__core__aarch32__cortex_m.a(irq_init.c.obj)
                0x000000006000b024                z_arm_interrupt_init
 .text._reset_section
                0x000000006000b03c       0x30 zephyr/arch/arch/arm/core/aarch32/cortex_m/libarch__arm__core__aarch32__cortex_m.a(reset.S.obj)
                0x000000006000b03c                z_arm_reset
                0x000000006000b03c                __start
 .text.z_impl_k_thread_abort
                0x000000006000b06c       0x2c zephyr/arch/arch/arm/core/aarch32/cortex_m/libarch__arm__core__aarch32__cortex_m.a(thread_abort.c.obj)
                0x000000006000b06c                z_impl_k_thread_abort
 .text.z_arm_configure_static_mpu_regions
                0x000000006000b098       0x18 zephyr/arch/arch/arm/core/aarch32/mpu/libarch__arm__core__aarch32__mpu.a(arm_core_mpu.c.obj)
                0x000000006000b098                z_arm_configure_static_mpu_regions
 .text.z_arm_configure_dynamic_mpu_regions
                0x000000006000b0b0       0x20 zephyr/arch/arch/arm/core/aarch32/mpu/libarch__arm__core__aarch32__mpu.a(arm_core_mpu.c.obj)
                0x000000006000b0b0                z_arm_configure_dynamic_mpu_regions
 .text.mpu_configure_regions
                0x000000006000b0d0       0xcc zephyr/arch/arch/arm/core/aarch32/mpu/libarch__arm__core__aarch32__mpu.a(arm_mpu.c.obj)
 .text.arm_core_mpu_enable
                0x000000006000b19c       0x18 zephyr/arch/arch/arm/core/aarch32/mpu/libarch__arm__core__aarch32__mpu.a(arm_mpu.c.obj)
                0x000000006000b19c                arm_core_mpu_enable
 .text.arm_core_mpu_disable
                0x000000006000b1b4       0x14 zephyr/arch/arch/arm/core/aarch32/mpu/libarch__arm__core__aarch32__mpu.a(arm_mpu.c.obj)
                0x000000006000b1b4                arm_core_mpu_disable
 .text.arm_core_mpu_configure_static_mpu_regions
                0x000000006000b1c8       0x4c zephyr/arch/arch/arm/core/aarch32/mpu/libarch__arm__core__aarch32__mpu.a(arm_mpu.c.obj)
                0x000000006000b1c8                arm_core_mpu_configure_static_mpu_regions
 .text.arm_core_mpu_configure_dynamic_mpu_regions
                0x000000006000b214       0x64 zephyr/arch/arch/arm/core/aarch32/mpu/libarch__arm__core__aarch32__mpu.a(arm_mpu.c.obj)
                0x000000006000b214                arm_core_mpu_configure_dynamic_mpu_regions
 .text.z_arm_mpu_init
                0x000000006000b278      0x104 zephyr/arch/arch/arm/core/aarch32/mpu/libarch__arm__core__aarch32__mpu.a(arm_mpu.c.obj)
                0x000000006000b278                z_arm_mpu_init
 .text.malloc_prepare
                0x000000006000b37c       0x44 zephyr/lib/libc/newlib/liblib__libc__newlib.a(libc-hooks.c.obj)
 .text.__stdout_hook_install
                0x000000006000b3c0        0xc zephyr/lib/libc/newlib/liblib__libc__newlib.a(libc-hooks.c.obj)
                0x000000006000b3c0                __stdout_hook_install
 .text.z_impl_zephyr_read_stdin
                0x000000006000b3cc       0x28 zephyr/lib/libc/newlib/liblib__libc__newlib.a(libc-hooks.c.obj)
                0x000000006000b3cc                z_impl_zephyr_read_stdin
 .text.z_impl_zephyr_write_stdout
                0x000000006000b3f4       0x30 zephyr/lib/libc/newlib/liblib__libc__newlib.a(libc-hooks.c.obj)
                0x000000006000b3f4                z_impl_zephyr_write_stdout
 .text._exit    0x000000006000b424       0x10 zephyr/lib/libc/newlib/liblib__libc__newlib.a(libc-hooks.c.obj)
                0x000000006000b424                _exit
 .text._sbrk    0x000000006000b434       0x28 zephyr/lib/libc/newlib/liblib__libc__newlib.a(libc-hooks.c.obj)
                0x000000006000b434                _sbrk
                0x000000006000b434                sbrk
 .text.__retarget_lock_init_recursive
                0x000000006000b45c       0x60 zephyr/lib/libc/newlib/liblib__libc__newlib.a(libc-hooks.c.obj)
                0x000000006000b45c                __retarget_lock_init_recursive
 .text.__retarget_lock_close_recursive
                0x000000006000b4bc       0x30 zephyr/lib/libc/newlib/liblib__libc__newlib.a(libc-hooks.c.obj)
                0x000000006000b4bc                __retarget_lock_close_recursive
 .text.__retarget_lock_acquire_recursive
                0x000000006000b4ec       0x38 zephyr/lib/libc/newlib/liblib__libc__newlib.a(libc-hooks.c.obj)
                0x000000006000b4ec                __retarget_lock_acquire_recursive
 .text.__retarget_lock_release_recursive
                0x000000006000b524       0x30 zephyr/lib/libc/newlib/liblib__libc__newlib.a(libc-hooks.c.obj)
                0x000000006000b524                __retarget_lock_release_recursive
 .text.usb_isr_handler
                0x000000006000b554        0xc zephyr/drivers/usb/device/libdrivers__usb__device.a(usb_dc_mcux.c.obj)
 .text.usb_mcux_init
                0x000000006000b560       0x48 zephyr/drivers/usb/device/libdrivers__usb__device.a(usb_dc_mcux.c.obj)
 .text.usb_mcux_thread_main
                0x000000006000b5a8      0x260 zephyr/drivers/usb/device/libdrivers__usb__device.a(usb_dc_mcux.c.obj)
 .text.usb_dc_attach
                0x000000006000b808       0x80 zephyr/drivers/usb/device/libdrivers__usb__device.a(usb_dc_mcux.c.obj)
                0x000000006000b808                usb_dc_attach
 .text.usb_dc_set_address
                0x000000006000b888       0x44 zephyr/drivers/usb/device/libdrivers__usb__device.a(usb_dc_mcux.c.obj)
                0x000000006000b888                usb_dc_set_address
 .text.usb_dc_ep_check_cap
                0x000000006000b8cc       0x4c zephyr/drivers/usb/device/libdrivers__usb__device.a(usb_dc_mcux.c.obj)
                0x000000006000b8cc                usb_dc_ep_check_cap
 .text.usb_dc_ep_configure
                0x000000006000b918      0x178 zephyr/drivers/usb/device/libdrivers__usb__device.a(usb_dc_mcux.c.obj)
                0x000000006000b918                usb_dc_ep_configure
 .text.usb_dc_ep_set_stall
                0x000000006000ba90       0x70 zephyr/drivers/usb/device/libdrivers__usb__device.a(usb_dc_mcux.c.obj)
                0x000000006000ba90                usb_dc_ep_set_stall
 .text.usb_dc_ep_clear_stall
                0x000000006000bb00       0xd8 zephyr/drivers/usb/device/libdrivers__usb__device.a(usb_dc_mcux.c.obj)
                0x000000006000bb00                usb_dc_ep_clear_stall
 .text.usb_dc_ep_is_stalled
                0x000000006000bbd8       0x84 zephyr/drivers/usb/device/libdrivers__usb__device.a(usb_dc_mcux.c.obj)
                0x000000006000bbd8                usb_dc_ep_is_stalled
 .text.usb_dc_ep_enable
                0x000000006000bc5c       0xe4 zephyr/drivers/usb/device/libdrivers__usb__device.a(usb_dc_mcux.c.obj)
                0x000000006000bc5c                usb_dc_ep_enable
 .text.usb_dc_ep_disable
                0x000000006000bd40       0xa0 zephyr/drivers/usb/device/libdrivers__usb__device.a(usb_dc_mcux.c.obj)
                0x000000006000bd40                usb_dc_ep_disable
 .text.usb_dc_ep_write
                0x000000006000bde0       0xac zephyr/drivers/usb/device/libdrivers__usb__device.a(usb_dc_mcux.c.obj)
                0x000000006000bde0                usb_dc_ep_write
 .text.usb_dc_ep_read_wait
                0x000000006000be8c      0x130 zephyr/drivers/usb/device/libdrivers__usb__device.a(usb_dc_mcux.c.obj)
                0x000000006000be8c                usb_dc_ep_read_wait
 .text.usb_dc_ep_read_continue
                0x000000006000bfbc       0xe4 zephyr/drivers/usb/device/libdrivers__usb__device.a(usb_dc_mcux.c.obj)
                0x000000006000bfbc                usb_dc_ep_read_continue
 .text.usb_dc_ep_set_callback
                0x000000006000c0a0       0x58 zephyr/drivers/usb/device/libdrivers__usb__device.a(usb_dc_mcux.c.obj)
                0x000000006000c0a0                usb_dc_ep_set_callback
 .text.usb_dc_set_status_callback
                0x000000006000c0f8        0xc zephyr/drivers/usb/device/libdrivers__usb__device.a(usb_dc_mcux.c.obj)
                0x000000006000c0f8                usb_dc_set_status_callback
 .text.usb_dc_ep_mps
                0x000000006000c104       0x4c zephyr/drivers/usb/device/libdrivers__usb__device.a(usb_dc_mcux.c.obj)
                0x000000006000c104                usb_dc_ep_mps
 .text.USB_DeviceNotificationTrigger
                0x000000006000c150       0x14 zephyr/drivers/usb/device/libdrivers__usb__device.a(usb_dc_mcux.c.obj)
                0x000000006000c150                USB_DeviceNotificationTrigger
 .text.mcux_12b1msps_sar_adc_init
                0x000000006000c164       0xb4 zephyr/drivers/adc/libdrivers__adc.a(adc_mcux_12b1msps_sar.c.obj)
 .text.mcux_12b1msps_sar_adc_channel_setup
                0x000000006000c218       0x90 zephyr/drivers/adc/libdrivers__adc.a(adc_mcux_12b1msps_sar.c.obj)
 .text.mcux_12b1msps_sar_adc_read
                0x000000006000c2a8      0x148 zephyr/drivers/adc/libdrivers__adc.a(adc_mcux_12b1msps_sar.c.obj)
 .text.mcux_ccm_get_subsys_rate
                0x000000006000c3f0       0xac zephyr/drivers/clock_control/libdrivers__clock_control.a(clock_control_mcux_ccm.c.obj)
 .text.uart_console_init
                0x000000006000c49c       0x28 zephyr/drivers/console/libdrivers__console.a(uart_console.c.obj)
 .text.console_out
                0x000000006000c4c4       0x28 zephyr/drivers/console/libdrivers__console.a(uart_console.c.obj)
 .text.mcux_igpio_manage_callback
                0x000000006000c4ec       0xa0 zephyr/drivers/gpio/libdrivers__gpio.a(gpio_mcux_igpio.c.obj)
 .text.mcux_igpio_port_isr
                0x000000006000c58c       0x60 zephyr/drivers/gpio/libdrivers__gpio.a(gpio_mcux_igpio.c.obj)
 .text.mcux_lpi2c_transfer
                0x000000006000c5ec       0xe8 zephyr/drivers/i2c/libdrivers__i2c.a(i2c_mcux_lpi2c.c.obj)
 .text.mcux_lpi2c_configure
                0x000000006000c6d4       0x6c zephyr/drivers/i2c/libdrivers__i2c.a(i2c_mcux_lpi2c.c.obj)
 .text.mcux_lpi2c_init
                0x000000006000c740      0x134 zephyr/drivers/i2c/libdrivers__i2c.a(i2c_mcux_lpi2c.c.obj)
 .text.pwm_mcux_init
                0x000000006000c874       0xbc zephyr/drivers/pwm/libdrivers__pwm.a(pwm_mcux.c.obj)
 .text.mcux_pwm_set_cycles
                0x000000006000c930      0x1b0 zephyr/drivers/pwm/libdrivers__pwm.a(pwm_mcux.c.obj)
 .text.ina219_sample_fetch
                0x000000006000cae0      0x178 zephyr/drivers/sensor/ina219/libdrivers__sensor__ina219.a(ina219.c.obj)
 .text.ina219_init
                0x000000006000cc58       0xf8 zephyr/drivers/sensor/ina219/libdrivers__sensor__ina219.a(ina219.c.obj)
 .text.mpu6050_convert_gyro
                0x000000006000cd50       0x30 zephyr/drivers/sensor/mpu6050/libdrivers__sensor__mpu6050.a(mpu6050.c.obj)
 .text.mpu6050_sample_fetch
                0x000000006000cd80       0xa0 zephyr/drivers/sensor/mpu6050/libdrivers__sensor__mpu6050.a(mpu6050.c.obj)
 .text.mpu6050_init
                0x000000006000ce20      0x188 zephyr/drivers/sensor/mpu6050/libdrivers__sensor__mpu6050.a(mpu6050.c.obj)
                0x000000006000ce20                mpu6050_init
 .text.mpu6050_channel_get
                0x000000006000cfa8      0x1d8 zephyr/drivers/sensor/mpu6050/libdrivers__sensor__mpu6050.a(mpu6050.c.obj)
 .text.z_impl_hwinfo_get_device_id
                0x000000006000d180       0x70 zephyr/drivers/hwinfo/libdrivers__hwinfo.a(hwinfo_imxrt.c.obj)
                0x000000006000d180                z_impl_hwinfo_get_device_id
 .text.elapsed  0x000000006000d1f0       0x3c zephyr/drivers/timer/libdrivers__timer.a(cortex_m_systick.c.obj)
 .text.sys_clock_driver_init
                0x000000006000d22c       0x34 zephyr/drivers/timer/libdrivers__timer.a(cortex_m_systick.c.obj)
 .text.sys_clock_isr
                0x000000006000d260       0x44 zephyr/drivers/timer/libdrivers__timer.a(cortex_m_systick.c.obj)
                0x000000006000d260                sys_clock_isr
 .text.sys_clock_set_timeout
                0x000000006000d2a4      0x148 zephyr/drivers/timer/libdrivers__timer.a(cortex_m_systick.c.obj)
                0x000000006000d2a4                sys_clock_set_timeout
 .text.sys_clock_elapsed
                0x000000006000d3ec       0xa4 zephyr/drivers/timer/libdrivers__timer.a(cortex_m_systick.c.obj)
                0x000000006000d3ec                sys_clock_elapsed
 .text.sys_clock_cycle_get_32
                0x000000006000d490       0x94 zephyr/drivers/timer/libdrivers__timer.a(cortex_m_systick.c.obj)
                0x000000006000d490                sys_clock_cycle_get_32
 .text.imx_pinctrl_init
                0x000000006000d524       0x50 zephyr/drivers/pinctrl/libdrivers__pinctrl.a(pinctrl_imx.c.obj)
 .text.CLOCK_GetOscFreq
                0x000000006000d574       0x20 modules/hal_nxp/hal_nxp/lib..__modules__hal__nxp.a(fsl_clock.c.obj)
 .text.CLOCK_EnableUsbhs0Clock
                0x000000006000d594       0x50 modules/hal_nxp/hal_nxp/lib..__modules__hal__nxp.a(fsl_clock.c.obj)
                0x000000006000d594                CLOCK_EnableUsbhs0Clock
 .text.CLOCK_InitArmPll
                0x000000006000d5e4       0x44 modules/hal_nxp/hal_nxp/lib..__modules__hal__nxp.a(fsl_clock.c.obj)
                0x000000006000d5e4                CLOCK_InitArmPll
 .text.CLOCK_InitUsb1Pll
                0x000000006000d628       0x44 modules/hal_nxp/hal_nxp/lib..__modules__hal__nxp.a(fsl_clock.c.obj)
                0x000000006000d628                CLOCK_InitUsb1Pll
 .text.CLOCK_EnableUsbhs0PhyPllClock
                0x000000006000d66c       0x48 modules/hal_nxp/hal_nxp/lib..__modules__hal__nxp.a(fsl_clock.c.obj)
                0x000000006000d66c                CLOCK_EnableUsbhs0PhyPllClock
 .text.CLOCK_GetPllFreq
                0x000000006000d6b4      0x204 modules/hal_nxp/hal_nxp/lib..__modules__hal__nxp.a(fsl_clock.c.obj)
                0x000000006000d6b4                CLOCK_GetPllFreq
 .text.CLOCK_GetSysPfdFreq
                0x000000006000d8b8       0x5c modules/hal_nxp/hal_nxp/lib..__modules__hal__nxp.a(fsl_clock.c.obj)
                0x000000006000d8b8                CLOCK_GetSysPfdFreq
 .text.CLOCK_GetPeriphClkFreq
                0x000000006000d914       0x90 modules/hal_nxp/hal_nxp/lib..__modules__hal__nxp.a(fsl_clock.c.obj)
 .text.CLOCK_GetAhbFreq
                0x000000006000d9a4       0x1c modules/hal_nxp/hal_nxp/lib..__modules__hal__nxp.a(fsl_clock.c.obj)
                0x000000006000d9a4                CLOCK_GetAhbFreq
 .text.CLOCK_GetIpgFreq
                0x000000006000d9c0       0x1c modules/hal_nxp/hal_nxp/lib..__modules__hal__nxp.a(fsl_clock.c.obj)
                0x000000006000d9c0                CLOCK_GetIpgFreq
 .text.SystemInit
                0x000000006000d9dc       0xcc modules/hal_nxp/hal_nxp/lib..__modules__hal__nxp.a(system_MIMXRT1062.c.obj)
                0x000000006000d9dc                SystemInit
 .text.__NVIC_EnableIRQ
                0x000000006000daa8       0x1c modules/hal_nxp/hal_nxp/lib..__modules__hal__nxp.a(fsl_lpi2c.c.obj)
 .text.CLOCK_ControlGate
                0x000000006000dac4       0x50 modules/hal_nxp/hal_nxp/lib..__modules__hal__nxp.a(fsl_lpi2c.c.obj)
 .text.LPI2C_GetCyclesForWidth
                0x000000006000db14       0x64 modules/hal_nxp/hal_nxp/lib..__modules__hal__nxp.a(fsl_lpi2c.c.obj)
 .text.LPI2C_GetInstance
                0x000000006000db78       0x50 modules/hal_nxp/hal_nxp/lib..__modules__hal__nxp.a(fsl_lpi2c.c.obj)
                0x000000006000db78                LPI2C_GetInstance
 .text.LPI2C_MasterGetDefaultConfig
                0x000000006000dbc8       0x28 modules/hal_nxp/hal_nxp/lib..__modules__hal__nxp.a(fsl_lpi2c.c.obj)
                0x000000006000dbc8                LPI2C_MasterGetDefaultConfig
 .text.LPI2C_MasterInit
                0x000000006000dbf0      0x10c modules/hal_nxp/hal_nxp/lib..__modules__hal__nxp.a(fsl_lpi2c.c.obj)
                0x000000006000dbf0                LPI2C_MasterInit
 .text.LPI2C_MasterTransferCreateHandle
                0x000000006000dcfc       0x78 modules/hal_nxp/hal_nxp/lib..__modules__hal__nxp.a(fsl_lpi2c.c.obj)
                0x000000006000dcfc                LPI2C_MasterTransferCreateHandle
 .text.LPI2C_MasterTransferNonBlocking
                0x000000006000dd74      0x130 modules/hal_nxp/hal_nxp/lib..__modules__hal__nxp.a(fsl_lpi2c.c.obj)
                0x000000006000dd74                LPI2C_MasterTransferNonBlocking
 .text.LPI2C_MasterTransferAbort
                0x000000006000dea4       0x34 modules/hal_nxp/hal_nxp/lib..__modules__hal__nxp.a(fsl_lpi2c.c.obj)
                0x000000006000dea4                LPI2C_MasterTransferAbort
 .text.LPI2C_MasterTransferHandleIRQ
                0x000000006000ded8      0x1d0 modules/hal_nxp/hal_nxp/lib..__modules__hal__nxp.a(fsl_lpi2c.c.obj)
                0x000000006000ded8                LPI2C_MasterTransferHandleIRQ
 .text.CLOCK_ControlGate
                0x000000006000e0a8       0x50 modules/hal_nxp/hal_nxp/lib..__modules__hal__nxp.a(fsl_lpuart.c.obj)
 .text.LPUART_GetInstance
                0x000000006000e0f8       0x34 modules/hal_nxp/hal_nxp/lib..__modules__hal__nxp.a(fsl_lpuart.c.obj)
                0x000000006000e0f8                LPUART_GetInstance
 .text.LPUART_Init
                0x000000006000e12c      0x1e8 modules/hal_nxp/hal_nxp/lib..__modules__hal__nxp.a(fsl_lpuart.c.obj)
                0x000000006000e12c                LPUART_Init
 .text.LPUART_Deinit
                0x000000006000e314       0x38 modules/hal_nxp/hal_nxp/lib..__modules__hal__nxp.a(fsl_lpuart.c.obj)
                0x000000006000e314                LPUART_Deinit
 .text.LPUART_GetDefaultConfig
                0x000000006000e34c       0x34 modules/hal_nxp/hal_nxp/lib..__modules__hal__nxp.a(fsl_lpuart.c.obj)
                0x000000006000e34c                LPUART_GetDefaultConfig
 .text.LPUART_GetEnabledInterrupts
                0x000000006000e380       0x2c modules/hal_nxp/hal_nxp/lib..__modules__hal__nxp.a(fsl_lpuart.c.obj)
                0x000000006000e380                LPUART_GetEnabledInterrupts
 .text.LPUART_GetStatusFlags
                0x000000006000e3ac       0x18 modules/hal_nxp/hal_nxp/lib..__modules__hal__nxp.a(fsl_lpuart.c.obj)
                0x000000006000e3ac                LPUART_GetStatusFlags
 .text.LPUART_ClearStatusFlags
                0x000000006000e3c4       0x3c modules/hal_nxp/hal_nxp/lib..__modules__hal__nxp.a(fsl_lpuart.c.obj)
                0x000000006000e3c4                LPUART_ClearStatusFlags
 .text.GPIO_PinWrite
                0x000000006000e400       0x34 modules/hal_nxp/hal_nxp/lib..__modules__hal__nxp.a(fsl_gpio.c.obj)
                0x000000006000e400                GPIO_PinWrite
 .text.PWM_GetInstance
                0x000000006000e434       0x50 modules/hal_nxp/hal_nxp/lib..__modules__hal__nxp.a(fsl_pwm.c.obj)
 .text.CLOCK_ControlGate
                0x000000006000e484       0x50 modules/hal_nxp/hal_nxp/lib..__modules__hal__nxp.a(fsl_pwm.c.obj)
 .text.PWM_Init
                0x000000006000e4d4      0x144 modules/hal_nxp/hal_nxp/lib..__modules__hal__nxp.a(fsl_pwm.c.obj)
                0x000000006000e4d4                PWM_Init
 .text.PWM_GetDefaultConfig
                0x000000006000e618       0x34 modules/hal_nxp/hal_nxp/lib..__modules__hal__nxp.a(fsl_pwm.c.obj)
                0x000000006000e618                PWM_GetDefaultConfig
 .text.PWM_SetupPwm
                0x000000006000e64c      0x54c modules/hal_nxp/hal_nxp/lib..__modules__hal__nxp.a(fsl_pwm.c.obj)
                0x000000006000e64c                PWM_SetupPwm
 .text.PWM_UpdatePwmDutycycleHighAccuracy
                0x000000006000eb98      0x11c modules/hal_nxp/hal_nxp/lib..__modules__hal__nxp.a(fsl_pwm.c.obj)
                0x000000006000eb98                PWM_UpdatePwmDutycycleHighAccuracy
 .text.PWM_UpdatePwmDutycycle
                0x000000006000ecb4       0x50 modules/hal_nxp/hal_nxp/lib..__modules__hal__nxp.a(fsl_pwm.c.obj)
                0x000000006000ecb4                PWM_UpdatePwmDutycycle
 .text.ADC_GetInstance
                0x000000006000ed04       0x38 modules/hal_nxp/hal_nxp/lib..__modules__hal__nxp.a(fsl_adc.c.obj)
 .text.CLOCK_ControlGate
                0x000000006000ed3c       0x50 modules/hal_nxp/hal_nxp/lib..__modules__hal__nxp.a(fsl_adc.c.obj)
 .text.ADC_Init
                0x000000006000ed8c       0xa8 modules/hal_nxp/hal_nxp/lib..__modules__hal__nxp.a(fsl_adc.c.obj)
                0x000000006000ed8c                ADC_Init
 .text.ADC_GetDefaultConfig
                0x000000006000ee34       0x3c modules/hal_nxp/hal_nxp/lib..__modules__hal__nxp.a(fsl_adc.c.obj)
                0x000000006000ee34                ADC_GetDefaultConfig
 .text.ADC_SetChannelConfig
                0x000000006000ee70       0x40 modules/hal_nxp/hal_nxp/lib..__modules__hal__nxp.a(fsl_adc.c.obj)
                0x000000006000ee70                ADC_SetChannelConfig
 .text.DCACHE_CleanByRange
                0x000000006000eeb0       0x2c modules/hal_nxp/hal_nxp/lib..__modules__hal__nxp.a(fsl_cache.c.obj)
                0x000000006000eeb0                DCACHE_CleanByRange
 .text.USB_EhciPhyGetBase
                0x000000006000eedc       0x70 modules/hal_nxp/hal_nxp/lib..__modules__hal__nxp.a(usb_phy.c.obj)
                0x000000006000eedc                USB_EhciPhyGetBase
 .text.USB_DeviceEhciTransfer
                0x000000006000ef4c      0x218 modules/hal_nxp/hal_nxp/lib..__modules__hal__nxp.a(usb_device_ehci.c.obj)
 .text.USB_DeviceEhciCancelControlPipe
                0x000000006000f164       0xd4 modules/hal_nxp/hal_nxp/lib..__modules__hal__nxp.a(usb_device_ehci.c.obj)
 .text.USB_DeviceEhciInit
                0x000000006000f238       0xac modules/hal_nxp/hal_nxp/lib..__modules__hal__nxp.a(usb_device_ehci.c.obj)
                0x000000006000f238                USB_DeviceEhciInit
 .text.USB_DeviceEhciDeinit
                0x000000006000f2e4       0x44 modules/hal_nxp/hal_nxp/lib..__modules__hal__nxp.a(usb_device_ehci.c.obj)
                0x000000006000f2e4                USB_DeviceEhciDeinit
 .text.USB_DeviceEhciCancel
                0x000000006000f328      0x150 modules/hal_nxp/hal_nxp/lib..__modules__hal__nxp.a(usb_device_ehci.c.obj)
                0x000000006000f328                USB_DeviceEhciCancel
 .text.z_impl_z_errno
                0x000000006000f478        0xc zephyr/kernel/libkernel.a(errno.c.obj)
                0x000000006000f478                z_impl_z_errno
 .text.k_sys_fatal_error_handler
                0x000000006000f484       0x30 zephyr/kernel/libkernel.a(fatal.c.obj)
                0x000000006000f484                k_sys_fatal_error_handler
 .text.z_fatal_error
                0x000000006000f4b4      0x12c zephyr/kernel/libkernel.a(fatal.c.obj)
                0x000000006000f4b4                z_fatal_error
 .text.z_sys_init_run_level
                0x000000006000f5e0       0x44 zephyr/kernel/libkernel.a(init.c.obj)
 .text.bg_thread_main
                0x000000006000f624       0x34 zephyr/kernel/libkernel.a(init.c.obj)
 .text.z_bss_zero
                0x000000006000f658       0x2c zephyr/kernel/libkernel.a(init.c.obj)
                0x000000006000f658                z_bss_zero
 .text.z_init_cpu
                0x000000006000f684       0x70 zephyr/kernel/libkernel.a(init.c.obj)
                0x000000006000f684                z_init_cpu
 .text.z_cstart
                0x000000006000f6f4       0xd8 zephyr/kernel/libkernel.a(init.c.obj)
                0x000000006000f6f4                z_cstart
 .text.statics_init
                0x000000006000f7cc       0x50 zephyr/kernel/libkernel.a(kheap.c.obj)
 .text.k_heap_aligned_alloc
                0x000000006000f81c      0x140 zephyr/kernel/libkernel.a(kheap.c.obj)
                0x000000006000f81c                k_heap_aligned_alloc
 .text.k_heap_free
                0x000000006000f95c       0xa4 zephyr/kernel/libkernel.a(kheap.c.obj)
                0x000000006000f95c                k_heap_free
 .text.z_setup_new_thread
                0x000000006000fa00       0xb0 zephyr/kernel/libkernel.a(thread.c.obj)
                0x000000006000fa00                z_setup_new_thread
 .text.z_impl_k_thread_create
                0x000000006000fab0       0x8c zephyr/kernel/libkernel.a(thread.c.obj)
                0x000000006000fab0                z_impl_k_thread_create
 .text.z_init_static_threads
                0x000000006000fb3c       0xe4 zephyr/kernel/libkernel.a(thread.c.obj)
                0x000000006000fb3c                z_init_static_threads
 .text.z_spin_lock_valid
                0x000000006000fc20       0x1c zephyr/kernel/libkernel.a(thread.c.obj)
                0x000000006000fc20                z_spin_lock_valid
 .text.z_spin_unlock_valid
                0x000000006000fc3c       0x1c zephyr/kernel/libkernel.a(thread.c.obj)
                0x000000006000fc3c                z_spin_unlock_valid
 .text.z_spin_lock_set_owner
                0x000000006000fc58       0x10 zephyr/kernel/libkernel.a(thread.c.obj)
                0x000000006000fc58                z_spin_lock_set_owner
 .text.idle     0x000000006000fc68       0x48 zephyr/kernel/libkernel.a(idle.c.obj)
                0x000000006000fc68                idle
 .text.z_impl_k_msgq_put
                0x000000006000fcb0      0x13c zephyr/kernel/libkernel.a(msg_q.c.obj)
                0x000000006000fcb0                z_impl_k_msgq_put
 .text.z_impl_k_msgq_get
                0x000000006000fdec      0x158 zephyr/kernel/libkernel.a(msg_q.c.obj)
                0x000000006000fdec                z_impl_k_msgq_get
 .text.z_impl_k_mutex_lock
                0x000000006000ff44      0x1a0 zephyr/kernel/libkernel.a(mutex.c.obj)
                0x000000006000ff44                z_impl_k_mutex_lock
 .text.z_impl_k_mutex_unlock
                0x00000000600100e4      0x11c zephyr/kernel/libkernel.a(mutex.c.obj)
                0x00000000600100e4                z_impl_k_mutex_unlock
 .text.z_impl_k_sem_give
                0x0000000060010200       0x7c zephyr/kernel/libkernel.a(sem.c.obj)
                0x0000000060010200                z_impl_k_sem_give
 .text.z_impl_k_sem_take
                0x000000006001027c       0xf4 zephyr/kernel/libkernel.a(sem.c.obj)
                0x000000006001027c                z_impl_k_sem_take
 .text.work_queue_main
                0x0000000060010370      0x1e8 zephyr/kernel/libkernel.a(work.c.obj)
 .text.submit_to_queue_locked
                0x0000000060010558       0xd8 zephyr/kernel/libkernel.a(work.c.obj)
 .text.work_timeout
                0x0000000060010630       0xa4 zephyr/kernel/libkernel.a(work.c.obj)
 .text.k_work_init
                0x00000000600106d4       0x4c zephyr/kernel/libkernel.a(work.c.obj)
                0x00000000600106d4                k_work_init
 .text.z_work_submit_to_queue
                0x0000000060010720       0xb4 zephyr/kernel/libkernel.a(work.c.obj)
                0x0000000060010720                z_work_submit_to_queue
 .text.k_work_queue_start
                0x00000000600107d4       0xd0 zephyr/kernel/libkernel.a(work.c.obj)
                0x00000000600107d4                k_work_queue_start
 .text.k_work_init_delayable
                0x00000000600108a4       0x58 zephyr/kernel/libkernel.a(work.c.obj)
                0x00000000600108a4                k_work_init_delayable
 .text.k_work_schedule_for_queue
                0x00000000600108fc       0xec zephyr/kernel/libkernel.a(work.c.obj)
                0x00000000600108fc                k_work_schedule_for_queue
 .text.z_reset_time_slice
                0x00000000600109e8       0x28 zephyr/kernel/libkernel.a(sched.c.obj)
                0x00000000600109e8                z_reset_time_slice
 .text.update_cache
                0x0000000060010a10       0x68 zephyr/kernel/libkernel.a(sched.c.obj)
 .text.ready_thread
                0x0000000060010a78       0x94 zephyr/kernel/libkernel.a(sched.c.obj)
 .text.k_sched_time_slice_set
                0x0000000060010b0c       0xb8 zephyr/kernel/libkernel.a(sched.c.obj)
                0x0000000060010b0c                k_sched_time_slice_set
 .text.z_ready_thread
                0x0000000060010bc4       0x8c zephyr/kernel/libkernel.a(sched.c.obj)
                0x0000000060010bc4                z_ready_thread
 .text.z_unpend_thread_no_timeout
                0x0000000060010c50       0x90 zephyr/kernel/libkernel.a(sched.c.obj)
                0x0000000060010c50                z_unpend_thread_no_timeout
 .text.z_reschedule
                0x0000000060010ce0       0x84 zephyr/kernel/libkernel.a(sched.c.obj)
                0x0000000060010ce0                z_reschedule
 .text.z_sched_start
                0x0000000060010d64       0xa4 zephyr/kernel/libkernel.a(sched.c.obj)
                0x0000000060010d64                z_sched_start
 .text.k_sched_lock
                0x0000000060010e08       0xd8 zephyr/kernel/libkernel.a(sched.c.obj)
                0x0000000060010e08                k_sched_lock
 .text.k_sched_unlock
                0x0000000060010ee0       0xe8 zephyr/kernel/libkernel.a(sched.c.obj)
                0x0000000060010ee0                k_sched_unlock
 .text.z_priq_dumb_remove
                0x0000000060010fc8       0x40 zephyr/kernel/libkernel.a(sched.c.obj)
                0x0000000060010fc8                z_priq_dumb_remove
 .text.move_thread_to_end_of_prio_q
                0x0000000060011008       0xa4 zephyr/kernel/libkernel.a(sched.c.obj)
 .text.z_time_slice
                0x00000000600110ac       0xec zephyr/kernel/libkernel.a(sched.c.obj)
                0x00000000600110ac                z_time_slice
 .text.unready_thread
                0x0000000060011198       0x38 zephyr/kernel/libkernel.a(sched.c.obj)
 .text.add_to_waitq_locked
                0x00000000600111d0       0x7c zephyr/kernel/libkernel.a(sched.c.obj)
 .text.pend_locked
                0x000000006001124c       0x30 zephyr/kernel/libkernel.a(sched.c.obj)
 .text.z_pend_curr
                0x000000006001127c       0xec zephyr/kernel/libkernel.a(sched.c.obj)
                0x000000006001127c                z_pend_curr
 .text.z_set_prio
                0x0000000060011368      0x124 zephyr/kernel/libkernel.a(sched.c.obj)
                0x0000000060011368                z_set_prio
 .text.z_impl_k_thread_suspend
                0x000000006001148c       0xd0 zephyr/kernel/libkernel.a(sched.c.obj)
                0x000000006001148c                z_impl_k_thread_suspend
 .text.unpend_thread_no_timeout
                0x000000006001155c       0x40 zephyr/kernel/libkernel.a(sched.c.obj)
 .text.z_unpend_thread
                0x000000006001159c       0x98 zephyr/kernel/libkernel.a(sched.c.obj)
                0x000000006001159c                z_unpend_thread
 .text.z_thread_timeout
                0x0000000060011634       0xb0 zephyr/kernel/libkernel.a(sched.c.obj)
                0x0000000060011634                z_thread_timeout
 .text.z_unpend1_no_timeout
                0x00000000600116e4       0x98 zephyr/kernel/libkernel.a(sched.c.obj)
                0x00000000600116e4                z_unpend1_no_timeout
 .text.z_unpend_first_thread
                0x000000006001177c       0xa0 zephyr/kernel/libkernel.a(sched.c.obj)
                0x000000006001177c                z_unpend_first_thread
 .text.z_sched_init
                0x000000006001181c       0x18 zephyr/kernel/libkernel.a(sched.c.obj)
                0x000000006001181c                z_sched_init
 .text.z_impl_k_yield
                0x0000000060011834      0x130 zephyr/kernel/libkernel.a(sched.c.obj)
                0x0000000060011834                z_impl_k_yield
 .text.z_tick_sleep
                0x0000000060011964      0x144 zephyr/kernel/libkernel.a(sched.c.obj)
 .text.z_impl_k_sleep
                0x0000000060011aa8       0x64 zephyr/kernel/libkernel.a(sched.c.obj)
                0x0000000060011aa8                z_impl_k_sleep
 .text.z_impl_z_current_get
                0x0000000060011b0c        0xc zephyr/kernel/libkernel.a(sched.c.obj)
                0x0000000060011b0c                z_impl_z_current_get
 .text.z_thread_abort
                0x0000000060011b18      0x190 zephyr/kernel/libkernel.a(sched.c.obj)
                0x0000000060011b18                z_thread_abort
 .text.z_sched_wake
                0x0000000060011ca8       0xbc zephyr/kernel/libkernel.a(sched.c.obj)
                0x0000000060011ca8                z_sched_wake
 .text.z_sched_wait
                0x0000000060011d64       0x24 zephyr/kernel/libkernel.a(sched.c.obj)
                0x0000000060011d64                z_sched_wait
 .text.z_data_copy
                0x0000000060011d88       0x64 zephyr/kernel/libkernel.a(xip.c.obj)
                0x0000000060011d88                z_data_copy
 .text.elapsed  0x0000000060011dec       0x14 zephyr/kernel/libkernel.a(timeout.c.obj)
 .text.next_timeout
                0x0000000060011e00       0x50 zephyr/kernel/libkernel.a(timeout.c.obj)
 .text.remove_timeout
                0x0000000060011e50       0x38 zephyr/kernel/libkernel.a(timeout.c.obj)
 .text.z_add_timeout
                0x0000000060011e88      0x18c zephyr/kernel/libkernel.a(timeout.c.obj)
                0x0000000060011e88                z_add_timeout
 .text.z_abort_timeout
                0x0000000060012014       0x98 zephyr/kernel/libkernel.a(timeout.c.obj)
                0x0000000060012014                z_abort_timeout
 .text.z_set_timeout_expiry
                0x00000000600120ac       0xa0 zephyr/kernel/libkernel.a(timeout.c.obj)
                0x00000000600120ac                z_set_timeout_expiry
 .text.sys_clock_announce
                0x000000006001214c      0x15c zephyr/kernel/libkernel.a(timeout.c.obj)
                0x000000006001214c                sys_clock_announce
 .text.sys_clock_tick_get
                0x00000000600122a8       0x9c zephyr/kernel/libkernel.a(timeout.c.obj)
                0x00000000600122a8                sys_clock_tick_get
 .text.z_impl_k_busy_wait
                0x0000000060012344       0x30 zephyr/kernel/libkernel.a(timeout.c.obj)
                0x0000000060012344                z_impl_k_busy_wait
 .text.z_timer_expiration_handler
                0x0000000060012374      0x164 zephyr/kernel/libkernel.a(timer.c.obj)
                0x0000000060012374                z_timer_expiration_handler
 .text.z_impl_k_timer_start
                0x00000000600124d8       0x98 zephyr/kernel/libkernel.a(timer.c.obj)
                0x00000000600124d8                z_impl_k_timer_start
 .text.k_thread_system_pool_assign
                0x0000000060012570        0xc zephyr/kernel/libkernel.a(mempool.c.obj)
                0x0000000060012570                k_thread_system_pool_assign
 .text.boot_banner
                0x000000006001257c        0xc zephyr/kernel/libkernel.a(banner.c.obj)
                0x000000006001257c                boot_banner
 .text.k_sys_work_q_init
                0x0000000060012588       0x34 zephyr/kernel/libkernel.a(system_work_q.c.obj)
 .text.pow      0x00000000600125bc      0x17c /Users/michaeljenz/zephyr-sdk-0.16.1/arm-zephyr-eabi/arm-zephyr-eabi/lib/thumb/v7e-m/nofp/libm.a(lib_a-w_pow.o)
                0x00000000600125bc                pow
 .text.sqrt     0x0000000060012738       0x5c /Users/michaeljenz/zephyr-sdk-0.16.1/arm-zephyr-eabi/arm-zephyr-eabi/lib/thumb/v7e-m/nofp/libm.a(lib_a-w_sqrt.o)
                0x0000000060012738                sqrt
 .text.__ieee754_sqrt
                0x0000000060012794      0x184 /Users/michaeljenz/zephyr-sdk-0.16.1/arm-zephyr-eabi/arm-zephyr-eabi/lib/thumb/v7e-m/nofp/libm.a(lib_a-e_sqrt.o)
                0x0000000060012794                __ieee754_sqrt
 .text.fabs     0x0000000060012918        0x8 /Users/michaeljenz/zephyr-sdk-0.16.1/arm-zephyr-eabi/arm-zephyr-eabi/lib/thumb/v7e-m/nofp/libm.a(lib_a-s_fabs.o)
                0x0000000060012918                fabs
 .text.finite   0x0000000060012920        0xc /Users/michaeljenz/zephyr-sdk-0.16.1/arm-zephyr-eabi/arm-zephyr-eabi/lib/thumb/v7e-m/nofp/libm.a(lib_a-s_finite.o)
                0x0000000060012920                finite
 .text.nan      0x000000006001292c        0xc /Users/michaeljenz/zephyr-sdk-0.16.1/arm-zephyr-eabi/arm-zephyr-eabi/lib/thumb/v7e-m/nofp/libm.a(lib_a-s_nan.o)
                0x000000006001292c                nan
 .text.rint     0x0000000060012938      0x130 /Users/michaeljenz/zephyr-sdk-0.16.1/arm-zephyr-eabi/arm-zephyr-eabi/lib/thumb/v7e-m/nofp/libm.a(lib_a-s_rint.o)
                0x0000000060012938                rint
 .text.__assert_func
                0x0000000060012a68       0x40 /Users/michaeljenz/zephyr-sdk-0.16.1/arm-zephyr-eabi/arm-zephyr-eabi/lib/thumb/v7e-m/nofp/libc.a(lib_a-assert.o)
                0x0000000060012a68                __assert_func
 .text.fiprintf
                0x0000000060012aa8       0x28 /Users/michaeljenz/zephyr-sdk-0.16.1/arm-zephyr-eabi/arm-zephyr-eabi/lib/thumb/v7e-m/nofp/libc.a(lib_a-fiprintf.o)
                0x0000000060012aa8                fiprintf
 .text.malloc   0x0000000060012ad0       0x10 /Users/michaeljenz/zephyr-sdk-0.16.1/arm-zephyr-eabi/arm-zephyr-eabi/lib/thumb/v7e-m/nofp/libc.a(lib_a-malloc.o)
                0x0000000060012ad0                malloc
 .text.free     0x0000000060012ae0       0x10 /Users/michaeljenz/zephyr-sdk-0.16.1/arm-zephyr-eabi/arm-zephyr-eabi/lib/thumb/v7e-m/nofp/libc.a(lib_a-malloc.o)
                0x0000000060012ae0                free
 .text._malloc_r
                0x0000000060012af0      0x578 /Users/michaeljenz/zephyr-sdk-0.16.1/arm-zephyr-eabi/arm-zephyr-eabi/lib/thumb/v7e-m/nofp/libc.a(lib_a-mallocr.o)
                0x0000000060012af0                _malloc_r
 .text.memset   0x0000000060013068       0xa4 /Users/michaeljenz/zephyr-sdk-0.16.1/arm-zephyr-eabi/arm-zephyr-eabi/lib/thumb/v7e-m/nofp/libc.a(lib_a-memset.o)
                0x0000000060013068                memset
 .text.__malloc_lock
                0x000000006001310c        0xc /Users/michaeljenz/zephyr-sdk-0.16.1/arm-zephyr-eabi/arm-zephyr-eabi/lib/thumb/v7e-m/nofp/libc.a(lib_a-mlock.o)
                0x000000006001310c                __malloc_lock
 .text.__malloc_unlock
                0x0000000060013118        0xc /Users/michaeljenz/zephyr-sdk-0.16.1/arm-zephyr-eabi/arm-zephyr-eabi/lib/thumb/v7e-m/nofp/libc.a(lib_a-mlock.o)
                0x0000000060013118                __malloc_unlock
 .text.printf   0x0000000060013124       0x28 /Users/michaeljenz/zephyr-sdk-0.16.1/arm-zephyr-eabi/arm-zephyr-eabi/lib/thumb/v7e-m/nofp/libc.a(lib_a-printf.o)
                0x0000000060013124                printf
 .text._sbrk_r  0x000000006001314c       0x24 /Users/michaeljenz/zephyr-sdk-0.16.1/arm-zephyr-eabi/arm-zephyr-eabi/lib/thumb/v7e-m/nofp/libc.a(lib_a-sbrkr.o)
                0x000000006001314c                _sbrk_r
 .text.strnlen  0x0000000060013170       0x24 /Users/michaeljenz/zephyr-sdk-0.16.1/arm-zephyr-eabi/arm-zephyr-eabi/lib/thumb/v7e-m/nofp/libc.a(lib_a-strnlen.o)
                0x0000000060013170                strnlen
 .text.__sprint_r
                0x0000000060013194       0x20 /Users/michaeljenz/zephyr-sdk-0.16.1/arm-zephyr-eabi/arm-zephyr-eabi/lib/thumb/v7e-m/nofp/libc.a(lib_a-vfiprintf.o)
                0x0000000060013194                __sprint_r
 .text._vfiprintf_r
                0x00000000600131b4      0xd98 /Users/michaeljenz/zephyr-sdk-0.16.1/arm-zephyr-eabi/arm-zephyr-eabi/lib/thumb/v7e-m/nofp/libc.a(lib_a-vfiprintf.o)
                0x00000000600131b4                _vfiprintf_r
 .text.__sbprintf
                0x0000000060013f4c       0x80 /Users/michaeljenz/zephyr-sdk-0.16.1/arm-zephyr-eabi/arm-zephyr-eabi/lib/thumb/v7e-m/nofp/libc.a(lib_a-vfiprintf.o)
 .text._vfprintf_r
                0x0000000060013fcc     0x1aa0 /Users/michaeljenz/zephyr-sdk-0.16.1/arm-zephyr-eabi/arm-zephyr-eabi/lib/thumb/v7e-m/nofp/libc.a(lib_a-vfprintf.o)
                0x0000000060013fcc                _vfprintf_r
 .text.__sbprintf
                0x0000000060015a6c       0x80 /Users/michaeljenz/zephyr-sdk-0.16.1/arm-zephyr-eabi/arm-zephyr-eabi/lib/thumb/v7e-m/nofp/libc.a(lib_a-vfprintf.o)
 .text.__swsetup_r
                0x0000000060015aec       0xc4 /Users/michaeljenz/zephyr-sdk-0.16.1/arm-zephyr-eabi/arm-zephyr-eabi/lib/thumb/v7e-m/nofp/libc.a(lib_a-wsetup.o)
                0x0000000060015aec                __swsetup_r
 .text.abort    0x0000000060015bb0       0x10 /Users/michaeljenz/zephyr-sdk-0.16.1/arm-zephyr-eabi/arm-zephyr-eabi/lib/thumb/v7e-m/nofp/libc.a(lib_a-abort.o)
                0x0000000060015bb0                abort
 .text.quorem   0x0000000060015bc0      0x12c /Users/michaeljenz/zephyr-sdk-0.16.1/arm-zephyr-eabi/arm-zephyr-eabi/lib/thumb/v7e-m/nofp/libc.a(lib_a-dtoa.o)
 .text.__sflush_r
                0x0000000060015cec      0x110 /Users/michaeljenz/zephyr-sdk-0.16.1/arm-zephyr-eabi/arm-zephyr-eabi/lib/thumb/v7e-m/nofp/libc.a(lib_a-fflush.o)
                0x0000000060015cec                __sflush_r
 .text._fflush_r
                0x0000000060015dfc       0x5c /Users/michaeljenz/zephyr-sdk-0.16.1/arm-zephyr-eabi/arm-zephyr-eabi/lib/thumb/v7e-m/nofp/libc.a(lib_a-fflush.o)
                0x0000000060015dfc                _fflush_r
 .text._cleanup_r
                0x0000000060015e58        0xc /Users/michaeljenz/zephyr-sdk-0.16.1/arm-zephyr-eabi/arm-zephyr-eabi/lib/thumb/v7e-m/nofp/libc.a(lib_a-findfp.o)
                0x0000000060015e58                _cleanup_r
 .text.__sinit  0x0000000060015e64      0x10c /Users/michaeljenz/zephyr-sdk-0.16.1/arm-zephyr-eabi/arm-zephyr-eabi/lib/thumb/v7e-m/nofp/libc.a(lib_a-findfp.o)
                0x0000000060015e64                __sinit
 .text._malloc_trim_r
                0x0000000060015f70       0x9c /Users/michaeljenz/zephyr-sdk-0.16.1/arm-zephyr-eabi/arm-zephyr-eabi/lib/thumb/v7e-m/nofp/libc.a(lib_a-freer.o)
                0x0000000060015f70                _malloc_trim_r
 .text._free_r  0x000000006001600c      0x1fc /Users/michaeljenz/zephyr-sdk-0.16.1/arm-zephyr-eabi/arm-zephyr-eabi/lib/thumb/v7e-m/nofp/libc.a(lib_a-freer.o)
                0x000000006001600c                _free_r
 .text.__sfvwrite_r
                0x0000000060016208      0x2f8 /Users/michaeljenz/zephyr-sdk-0.16.1/arm-zephyr-eabi/arm-zephyr-eabi/lib/thumb/v7e-m/nofp/libc.a(lib_a-fvwrite.o)
                0x0000000060016208                __sfvwrite_r
 .text._fwalk_reent
                0x0000000060016500       0x48 /Users/michaeljenz/zephyr-sdk-0.16.1/arm-zephyr-eabi/arm-zephyr-eabi/lib/thumb/v7e-m/nofp/libc.a(lib_a-fwalk.o)
                0x0000000060016500                _fwalk_reent
 .text._localeconv_r
                0x0000000060016548        0x8 /Users/michaeljenz/zephyr-sdk-0.16.1/arm-zephyr-eabi/arm-zephyr-eabi/lib/thumb/v7e-m/nofp/libc.a(lib_a-localeconv.o)
                0x0000000060016548                _localeconv_r
 .text.__smakebuf_r
                0x0000000060016550       0xc4 /Users/michaeljenz/zephyr-sdk-0.16.1/arm-zephyr-eabi/arm-zephyr-eabi/lib/thumb/v7e-m/nofp/libc.a(lib_a-makebuf.o)
                0x0000000060016550                __smakebuf_r
 .text.memmove  0x0000000060016614      0x100 /Users/michaeljenz/zephyr-sdk-0.16.1/arm-zephyr-eabi/arm-zephyr-eabi/lib/thumb/v7e-m/nofp/libc.a(lib_a-memmove.o)
                0x0000000060016614                memmove
 .text._Balloc  0x0000000060016714       0x4c /Users/michaeljenz/zephyr-sdk-0.16.1/arm-zephyr-eabi/arm-zephyr-eabi/lib/thumb/v7e-m/nofp/libc.a(lib_a-mprec.o)
                0x0000000060016714                _Balloc
 .text._Bfree   0x0000000060016760       0x14 /Users/michaeljenz/zephyr-sdk-0.16.1/arm-zephyr-eabi/arm-zephyr-eabi/lib/thumb/v7e-m/nofp/libc.a(lib_a-mprec.o)
                0x0000000060016760                _Bfree
 .text.__multadd
                0x0000000060016774       0xa0 /Users/michaeljenz/zephyr-sdk-0.16.1/arm-zephyr-eabi/arm-zephyr-eabi/lib/thumb/v7e-m/nofp/libc.a(lib_a-mprec.o)
                0x0000000060016774                __multadd
 .text.__hi0bits
                0x0000000060016814       0x44 /Users/michaeljenz/zephyr-sdk-0.16.1/arm-zephyr-eabi/arm-zephyr-eabi/lib/thumb/v7e-m/nofp/libc.a(lib_a-mprec.o)
                0x0000000060016814                __hi0bits
 .text.__lo0bits
                0x0000000060016858       0x60 /Users/michaeljenz/zephyr-sdk-0.16.1/arm-zephyr-eabi/arm-zephyr-eabi/lib/thumb/v7e-m/nofp/libc.a(lib_a-mprec.o)
                0x0000000060016858                __lo0bits
 .text.__i2b    0x00000000600168b8       0x5c /Users/michaeljenz/zephyr-sdk-0.16.1/arm-zephyr-eabi/arm-zephyr-eabi/lib/thumb/v7e-m/nofp/libc.a(lib_a-mprec.o)
                0x00000000600168b8                __i2b
 .text.__multiply
                0x0000000060016914      0x16c /Users/michaeljenz/zephyr-sdk-0.16.1/arm-zephyr-eabi/arm-zephyr-eabi/lib/thumb/v7e-m/nofp/libc.a(lib_a-mprec.o)
                0x0000000060016914                __multiply
 .text.__pow5mult
                0x0000000060016a80       0xb4 /Users/michaeljenz/zephyr-sdk-0.16.1/arm-zephyr-eabi/arm-zephyr-eabi/lib/thumb/v7e-m/nofp/libc.a(lib_a-mprec.o)
                0x0000000060016a80                __pow5mult
 .text.__lshift
                0x0000000060016b34       0xf0 /Users/michaeljenz/zephyr-sdk-0.16.1/arm-zephyr-eabi/arm-zephyr-eabi/lib/thumb/v7e-m/nofp/libc.a(lib_a-mprec.o)
                0x0000000060016b34                __lshift
 .text.__mcmp   0x0000000060016c24       0x40 /Users/michaeljenz/zephyr-sdk-0.16.1/arm-zephyr-eabi/arm-zephyr-eabi/lib/thumb/v7e-m/nofp/libc.a(lib_a-mprec.o)
                0x0000000060016c24                __mcmp
 .text.__mdiff  0x0000000060016c64      0x164 /Users/michaeljenz/zephyr-sdk-0.16.1/arm-zephyr-eabi/arm-zephyr-eabi/lib/thumb/v7e-m/nofp/libc.a(lib_a-mprec.o)
                0x0000000060016c64                __mdiff
 .text.__d2b    0x0000000060016dc8       0xbc /Users/michaeljenz/zephyr-sdk-0.16.1/arm-zephyr-eabi/arm-zephyr-eabi/lib/thumb/v7e-m/nofp/libc.a(lib_a-mprec.o)
                0x0000000060016dc8                __d2b
 .text._realloc_r
                0x0000000060016e84      0x344 /Users/michaeljenz/zephyr-sdk-0.16.1/arm-zephyr-eabi/arm-zephyr-eabi/lib/thumb/v7e-m/nofp/libc.a(lib_a-reallocr.o)
                0x0000000060016e84                _realloc_r
 .text.frexp    0x00000000600171c8       0x70 /Users/michaeljenz/zephyr-sdk-0.16.1/arm-zephyr-eabi/arm-zephyr-eabi/lib/thumb/v7e-m/nofp/libc.a(lib_a-s_frexp.o)
                0x00000000600171c8                frexp
 .text.raise    0x0000000060017238       0x58 /Users/michaeljenz/zephyr-sdk-0.16.1/arm-zephyr-eabi/arm-zephyr-eabi/lib/thumb/v7e-m/nofp/libc.a(lib_a-signal.o)
                0x0000000060017238                raise
 .text._kill_r  0x0000000060017290       0x2c /Users/michaeljenz/zephyr-sdk-0.16.1/arm-zephyr-eabi/arm-zephyr-eabi/lib/thumb/v7e-m/nofp/libc.a(lib_a-signalr.o)
                0x0000000060017290                _kill_r
 .text._getpid_r
                0x00000000600172bc        0x4 /Users/michaeljenz/zephyr-sdk-0.16.1/arm-zephyr-eabi/arm-zephyr-eabi/lib/thumb/v7e-m/nofp/libc.a(lib_a-signalr.o)
                0x00000000600172bc                _getpid_r
 .text.__sread  0x00000000600172c0       0x24 /Users/michaeljenz/zephyr-sdk-0.16.1/arm-zephyr-eabi/arm-zephyr-eabi/lib/thumb/v7e-m/nofp/libc.a(lib_a-stdio.o)
                0x00000000600172c0                __sread
 .text.__swrite
                0x00000000600172e4       0x40 /Users/michaeljenz/zephyr-sdk-0.16.1/arm-zephyr-eabi/arm-zephyr-eabi/lib/thumb/v7e-m/nofp/libc.a(lib_a-stdio.o)
                0x00000000600172e4                __swrite
 .text.__sseek  0x0000000060017324       0x24 /Users/michaeljenz/zephyr-sdk-0.16.1/arm-zephyr-eabi/arm-zephyr-eabi/lib/thumb/v7e-m/nofp/libc.a(lib_a-stdio.o)
                0x0000000060017324                __sseek
 .text.__sclose
                0x0000000060017348        0x8 /Users/michaeljenz/zephyr-sdk-0.16.1/arm-zephyr-eabi/arm-zephyr-eabi/lib/thumb/v7e-m/nofp/libc.a(lib_a-stdio.o)
                0x0000000060017348                __sclose
 .text.strncpy  0x0000000060017350       0x68 /Users/michaeljenz/zephyr-sdk-0.16.1/arm-zephyr-eabi/arm-zephyr-eabi/lib/thumb/v7e-m/nofp/libc.a(lib_a-strncpy.o)
                0x0000000060017350                strncpy
 .text._write_r
                0x00000000600173b8       0x2c /Users/michaeljenz/zephyr-sdk-0.16.1/arm-zephyr-eabi/arm-zephyr-eabi/lib/thumb/v7e-m/nofp/libc.a(lib_a-writer.o)
                0x00000000600173b8                _write_r
 .text._calloc_r
                0x00000000600173e4       0x60 /Users/michaeljenz/zephyr-sdk-0.16.1/arm-zephyr-eabi/arm-zephyr-eabi/lib/thumb/v7e-m/nofp/libc.a(lib_a-callocr.o)
                0x00000000600173e4                _calloc_r
 .text._close_r
                0x0000000060017444       0x24 /Users/michaeljenz/zephyr-sdk-0.16.1/arm-zephyr-eabi/arm-zephyr-eabi/lib/thumb/v7e-m/nofp/libc.a(lib_a-closer.o)
                0x0000000060017444                _close_r
 .text._fstat_r
                0x0000000060017468       0x2c /Users/michaeljenz/zephyr-sdk-0.16.1/arm-zephyr-eabi/arm-zephyr-eabi/lib/thumb/v7e-m/nofp/libc.a(lib_a-fstatr.o)
                0x0000000060017468                _fstat_r
 .text._isatty_r
                0x0000000060017494       0x24 /Users/michaeljenz/zephyr-sdk-0.16.1/arm-zephyr-eabi/arm-zephyr-eabi/lib/thumb/v7e-m/nofp/libc.a(lib_a-isattyr.o)
                0x0000000060017494                _isatty_r
 .text._lseek_r
                0x00000000600174b8       0x2c /Users/michaeljenz/zephyr-sdk-0.16.1/arm-zephyr-eabi/arm-zephyr-eabi/lib/thumb/v7e-m/nofp/libc.a(lib_a-lseekr.o)
                0x00000000600174b8                _lseek_r
 .text.__ascii_mbtowc
                0x00000000600174e4       0x2c /Users/michaeljenz/zephyr-sdk-0.16.1/arm-zephyr-eabi/arm-zephyr-eabi/lib/thumb/v7e-m/nofp/libc.a(lib_a-mbtowc_r.o)
                0x00000000600174e4                __ascii_mbtowc
 .text._read_r  0x0000000060017510       0x2c /Users/michaeljenz/zephyr-sdk-0.16.1/arm-zephyr-eabi/arm-zephyr-eabi/lib/thumb/v7e-m/nofp/libc.a(lib_a-readr.o)
                0x0000000060017510                _read_r
 .text.__ascii_wctomb
                0x000000006001753c       0x1c /Users/michaeljenz/zephyr-sdk-0.16.1/arm-zephyr-eabi/arm-zephyr-eabi/lib/thumb/v7e-m/nofp/libc.a(lib_a-wctomb_r.o)
                0x000000006001753c                __ascii_wctomb
 .text._OffsetAbsSyms
                0x0000000060017558        0x2 zephyr/CMakeFiles/offsets.dir/./arch/arm/core/offsets/offsets.c.obj
                0x0000000060017558                _OffsetAbsSyms
 .text.k_mutex_lock.constprop.0.isra.0
                0x000000006001755a        0x4 app/libapp.a(main.c.obj)
 .text.k_mutex_unlock.isra.0
                0x000000006001755e        0x4 app/libapp.a(main.c.obj)
 .text.k_sleep.isra.0
                0x0000000060017562        0x4 app/libapp.a(main.c.obj)
 .text.k_msleep.isra.0
                0x0000000060017566        0xa app/libapp.a(main.c.obj)
 .text.mean_val
                0x0000000060017570       0x2e app/libapp.a(main.c.obj)
                0x0000000060017570                mean_val
 .text.max_val  0x000000006001759e       0x2c app/libapp.a(main.c.obj)
                0x000000006001759e                max_val
 .text.min_val_ranged
                0x00000000600175ca       0x2e app/libapp.a(main.c.obj)
                0x00000000600175ca                min_val_ranged
 .text.main     0x00000000600175f8        0xc app/libapp.a(main.c.obj)
                0x00000000600175f8                main
 .text.cbpprintf_external
                0x0000000060017604       0x62 zephyr/libzephyr.a(cbprintf_packaged.c.obj)
                0x0000000060017604                cbpprintf_external
 .text.is_ptr   0x0000000060017666       0x4a zephyr/libzephyr.a(cbprintf_packaged.c.obj)
                0x0000000060017666                is_ptr
 .text.arch_printk_char_out
                0x00000000600176b0        0x4 zephyr/libzephyr.a(printk.c.obj)
                0x00000000600176b0                arch_printk_char_out
 .text.str_out  0x00000000600176b4       0x24 zephyr/libzephyr.a(printk.c.obj)
 .text.vprintk  0x00000000600176d8        0x4 zephyr/libzephyr.a(printk.c.obj)
                0x00000000600176d8                vprintk
 .text.printk   0x00000000600176dc       0x1a zephyr/libzephyr.a(printk.c.obj)
                0x00000000600176dc                printk
 .text.snprintk
                0x00000000600176f6       0x1a zephyr/libzephyr.a(printk.c.obj)
                0x00000000600176f6                snprintk
 .text.z_thread_entry
                0x0000000060017710       0x14 zephyr/libzephyr.a(thread_entry.c.obj)
                0x0000000060017710                z_thread_entry
 .text.chunk_field
                0x0000000060017724       0x16 zephyr/libzephyr.a(heap.c.obj)
 .text.chunk_set
                0x000000006001773a       0x16 zephyr/libzephyr.a(heap.c.obj)
 .text.chunk_size
                0x0000000060017750        0xc zephyr/libzephyr.a(heap.c.obj)
 .text.set_chunk_used
                0x000000006001775c       0x30 zephyr/libzephyr.a(heap.c.obj)
 .text.set_chunk_size
                0x000000006001778c        0x8 zephyr/libzephyr.a(heap.c.obj)
 .text.mem_to_chunkid
                0x0000000060017794       0x14 zephyr/libzephyr.a(heap.c.obj)
 .text.bytes_to_chunksz.isra.0
                0x00000000600177a8       0x14 zephyr/libzephyr.a(heap.c.obj)
 .text.bucket_idx.isra.0
                0x00000000600177bc       0x18 zephyr/libzephyr.a(heap.c.obj)
 .text.free_list_remove_bidx
                0x00000000600177d4       0x5c zephyr/libzephyr.a(heap.c.obj)
 .text.free_list_remove
                0x0000000060017830       0x2e zephyr/libzephyr.a(heap.c.obj)
 .text.alloc_chunk
                0x000000006001785e       0x74 zephyr/libzephyr.a(heap.c.obj)
 .text.split_chunks
                0x00000000600178d2       0x4e zephyr/libzephyr.a(heap.c.obj)
 .text.merge_chunks
                0x0000000060017920       0x3c zephyr/libzephyr.a(heap.c.obj)
 .text.free_list_add
                0x000000006001795c       0x84 zephyr/libzephyr.a(heap.c.obj)
 .text.free_chunk
                0x00000000600179e0       0x84 zephyr/libzephyr.a(heap.c.obj)
 .text.sys_heap_alloc
                0x0000000060017a64       0x64 zephyr/libzephyr.a(heap.c.obj)
                0x0000000060017a64                sys_heap_alloc
 .text._ldiv5   0x0000000060017ac8       0x30 zephyr/libzephyr.a(cbprintf_complete.c.obj)
 .text._get_digit
                0x0000000060017af8       0x2e zephyr/libzephyr.a(cbprintf_complete.c.obj)
 .text.outs     0x0000000060017b26       0x2e zephyr/libzephyr.a(cbprintf_complete.c.obj)
 .text.ring_buf_put_claim
                0x0000000060017b54       0x40 zephyr/libzephyr.a(ring_buffer.c.obj)
                0x0000000060017b54                ring_buf_put_claim
 .text.ring_buf_put_finish
                0x0000000060017b94       0x2a zephyr/libzephyr.a(ring_buffer.c.obj)
                0x0000000060017b94                ring_buf_put_finish
 .text.ring_buf_get_claim
                0x0000000060017bbe       0x3e zephyr/libzephyr.a(ring_buffer.c.obj)
                0x0000000060017bbe                ring_buf_get_claim
 .text.ring_buf_get_finish
                0x0000000060017bfc       0x2a zephyr/libzephyr.a(ring_buffer.c.obj)
                0x0000000060017bfc                ring_buf_get_finish
 .text.assert_post_action
                0x0000000060017c26        0xe zephyr/libzephyr.a(assert.c.obj)
                0x0000000060017c26                assert_post_action
 .text.assert_print
                0x0000000060017c34       0x1a zephyr/libzephyr.a(assert.c.obj)
                0x0000000060017c34                assert_print
 .text.free_space
                0x0000000060017c4e       0x26 zephyr/libzephyr.a(mpsc_pbuf.c.obj)
 .text.get_usage
                0x0000000060017c74       0x22 zephyr/libzephyr.a(mpsc_pbuf.c.obj)
 .text.idx_inc  0x0000000060017c96       0x1c zephyr/libzephyr.a(mpsc_pbuf.c.obj)
 .text.rd_idx_inc
                0x0000000060017cb2       0x18 zephyr/libzephyr.a(mpsc_pbuf.c.obj)
 .text.add_skip_item
                0x0000000060017cca       0x3a zephyr/libzephyr.a(mpsc_pbuf.c.obj)
 .text.drop_item_locked
                0x0000000060017d04       0xee zephyr/libzephyr.a(mpsc_pbuf.c.obj)
 .text.post_drop_action
                0x0000000060017df2       0x36 zephyr/libzephyr.a(mpsc_pbuf.c.obj)
 .text.max_utilization_update
                0x0000000060017e28       0x1a zephyr/libzephyr.a(mpsc_pbuf.c.obj)
 .text.mpsc_pbuf_is_pending
                0x0000000060017e42       0x1a zephyr/libzephyr.a(mpsc_pbuf.c.obj)
                0x0000000060017e42                mpsc_pbuf_is_pending
 .text._ConfigAbsSyms
                0x0000000060017e5c        0x2 zephyr/libzephyr.a(configs.c.obj)
                0x0000000060017e5c                _ConfigAbsSyms
 .text.z_arm_platform_init
                0x0000000060017e5e        0x4 zephyr/libzephyr.a(soc_rt10xx.c.obj)
                0x0000000060017e5e                z_arm_platform_init
 .text.log_msg_generic_get_wlen
                0x0000000060017e62       0x22 zephyr/libzephyr.a(log_core.c.obj)
 .text.dummy_timestamp
                0x0000000060017e84        0x4 zephyr/libzephyr.a(log_core.c.obj)
 .text.atomic_inc
                0x0000000060017e88       0x1a zephyr/libzephyr.a(log_core.c.obj)
 .text.default_lf_get_timestamp
                0x0000000060017ea2       0x10 zephyr/libzephyr.a(log_core.c.obj)
 .text.z_log_vprintk
                0x0000000060017eb2       0x1c zephyr/libzephyr.a(log_core.c.obj)
                0x0000000060017eb2                z_log_vprintk
 .text.z_log_notify_drop
                0x0000000060017ece        0x6 zephyr/libzephyr.a(log_core.c.obj)
 .text.z_log_get_tag
                0x0000000060017ed4        0x4 zephyr/libzephyr.a(log_core.c.obj)
                0x0000000060017ed4                z_log_get_tag
 .text.z_cbprintf_cpy
                0x0000000060017ed8       0x2c zephyr/libzephyr.a(log_msg.c.obj)
 .text.z_log_msg_finalize
                0x0000000060017f04       0x34 zephyr/libzephyr.a(log_msg.c.obj)
                0x0000000060017f04                z_log_msg_finalize
 .text.buffer_write
                0x0000000060017f38       0x1a zephyr/libzephyr.a(log_output.c.obj)
 .text.cbvprintf
                0x0000000060017f52        0xe zephyr/libzephyr.a(log_output.c.obj)
 .text.log_output_flush
                0x0000000060017f60       0x1a zephyr/libzephyr.a(log_output.c.obj)
                0x0000000060017f60                log_output_flush
 .text.cr_out_func
                0x0000000060017f7a       0x1c zephyr/libzephyr.a(log_output.c.obj)
 .text.z_log_msg_static_create.constprop.0
                0x0000000060017f96        0x6 zephyr/libzephyr.a(usb_device.c.obj)
 .text.get_ep_bm_from_addr
                0x0000000060017f9c       0x1e zephyr/libzephyr.a(usb_device.c.obj)
 .text.usb_get_dev_data_by_cfg
                0x0000000060017fba       0x16 zephyr/libzephyr.a(usb_descriptor.c.obj)
                0x0000000060017fba                usb_get_dev_data_by_cfg
 .text.usb_get_dev_data_by_iface
                0x0000000060017fd0       0x1a zephyr/libzephyr.a(usb_descriptor.c.obj)
                0x0000000060017fd0                usb_get_dev_data_by_iface
 .text.usb_get_dev_data_by_ep
                0x0000000060017fea       0x2c zephyr/libzephyr.a(usb_descriptor.c.obj)
                0x0000000060017fea                usb_get_dev_data_by_ep
 .text.usb_transfer_is_busy
                0x0000000060018016       0x16 zephyr/libzephyr.a(usb_transfer.c.obj)
                0x0000000060018016                usb_transfer_is_busy
 .text.cdc_interface_config
                0x000000006001802c       0x14 zephyr/libzephyr.a(cdc_acm.c.obj)
 .text.cdc_acm_irq_callback_work_handler
                0x0000000060018040        0xa zephyr/libzephyr.a(cdc_acm.c.obj)
 .text.cdc_acm_irq_tx_disable
                0x000000006001804a        0xa zephyr/libzephyr.a(cdc_acm.c.obj)
 .text.cdc_acm_irq_tx_ready
                0x0000000060018054        0xe zephyr/libzephyr.a(cdc_acm.c.obj)
 .text.cdc_acm_irq_rx_disable
                0x0000000060018062        0xa zephyr/libzephyr.a(cdc_acm.c.obj)
 .text.cdc_acm_irq_rx_ready
                0x000000006001806c        0x8 zephyr/libzephyr.a(cdc_acm.c.obj)
 .text.cdc_acm_irq_is_pending
                0x0000000060018074       0x1e zephyr/libzephyr.a(cdc_acm.c.obj)
 .text.cdc_acm_irq_update
                0x0000000060018092        0x4 zephyr/libzephyr.a(cdc_acm.c.obj)
 .text.cdc_acm_irq_callback_set
                0x0000000060018096        0x8 zephyr/libzephyr.a(cdc_acm.c.obj)
 .text.cdc_acm_configure
                0x000000006001809e        0x4 zephyr/libzephyr.a(cdc_acm.c.obj)
 .text.cdc_acm_config_get